Flow report for FMC_Demo
Wed Jul 29 16:07:02 2026
Quartus II 64-Bit Version 14.1.0 Build 186 12/03/2014 SJ Full Version


---------------------
; Table of Contents ;
---------------------
  1. Legal Notice
  2. Flow Summary
  3. Flow Settings
  4. Flow Non-Default Global Settings
  5. Flow Elapsed Time
  6. Flow OS Summary
  7. Flow Log
  8. Flow Messages
  9. Flow Suppressed Messages



----------------
; Legal Notice ;
----------------
Copyright (C) 1991-2014 Altera Corporation. All rights reserved.
Your use of Altera Corporation's design tools, logic functions 
and other software and tools, and its AMPP partner logic 
functions, and any output files from any of the foregoing 
(including device programming or simulation files), and any 
associated documentation or information are expressly subject 
to the terms and conditions of the Altera Program License 
Subscription Agreement, the Altera Quartus II License Agreement,
the Altera MegaCore Function License Agreement, or other 
applicable license agreement, including, without limitation, 
that your use is for the sole purpose of programming logic 
devices manufactured by Altera and sold by Altera or its 
authorized distributors.  Please refer to the applicable 
agreement for further details.



+----------------------------------------------------------------------------------+
; Flow Summary                                                                     ;
+------------------------------------+---------------------------------------------+
; Flow Status                        ; Successful - Wed Jul 29 16:07:02 2026       ;
; Quartus II 64-Bit Version          ; 14.1.0 Build 186 12/03/2014 SJ Full Version ;
; Revision Name                      ; FMC_Demo                                    ;
; Top-level Entity Name              ; FMC_Demo                                    ;
; Family                             ; Cyclone IV E                                ;
; Device                             ; EP4CE10E22I7                                ;
; Timing Models                      ; Final                                       ;
; Total logic elements               ; 2,031 / 10,320 ( 20 % )                     ;
;     Total combinational functions  ; 1,555 / 10,320 ( 15 % )                     ;
;     Dedicated logic registers      ; 1,714 / 10,320 ( 17 % )                     ;
; Total registers                    ; 1714                                        ;
; Total pins                         ; 70 / 92 ( 76 % )                            ;
; Total virtual pins                 ; 0                                           ;
; Total memory bits                  ; 171,916 / 423,936 ( 41 % )                  ;
; Embedded Multiplier 9-bit elements ; 26 / 46 ( 57 % )                            ;
; Total PLLs                         ; 1 / 2 ( 50 % )                              ;
+------------------------------------+---------------------------------------------+


+-----------------------------------------+
; Flow Settings                           ;
+-------------------+---------------------+
; Option            ; Setting             ;
+-------------------+---------------------+
; Start date & time ; 07/29/2026 16:06:13 ;
; Main task         ; Compilation         ;
; Revision Name     ; FMC_Demo            ;
+-------------------+---------------------+


+-----------------------------------------------------------------------------------------------------------------------------------------------------------------------+
; Flow Non-Default Global Settings                                                                                                                                      ;
+-------------------------------------+--------------------------------------------------------------------------------+---------------+-------------+------------------+
; Assignment Name                     ; Value                                                                          ; Default Value ; Entity Name ; Section Id       ;
+-------------------------------------+--------------------------------------------------------------------------------+---------------+-------------+------------------+
; COMPILER_SIGNATURE_ID               ; 53642731293136.178531237300032                                                 ; --            ; --          ; --               ;
; EDA_OUTPUT_DATA_FORMAT              ; Verilog Hdl                                                                    ; --            ; --          ; eda_simulation   ;
; EDA_SIMULATION_TOOL                 ; ModelSim-Altera (Verilog)                                                      ; <None>        ; --          ; --               ;
; ENABLE_SIGNALTAP                    ; On                                                                             ; --            ; --          ; --               ;
; MAX_CORE_JUNCTION_TEMP              ; 100                                                                            ; --            ; --          ; --               ;
; MIN_CORE_JUNCTION_TEMP              ; -40                                                                            ; --            ; --          ; --               ;
; MISC_FILE                           ; pll1.bsf                                                                       ; --            ; --          ; --               ;
; MISC_FILE                           ; pll1_bb.v                                                                      ; --            ; --          ; --               ;
; MISC_FILE                           ; pll1.ppf                                                                       ; --            ; --          ; --               ;
; MISC_FILE                           ; FIR1.cmp                                                                       ; --            ; --          ; --               ;
; MISC_FILE                           ; FIR1_sim/dspba_library_package.vhd                                             ; --            ; --          ; --               ;
; MISC_FILE                           ; FIR1_sim/dspba_library.vhd                                                     ; --            ; --          ; --               ;
; MISC_FILE                           ; FIR1_sim/altera_avalon_sc_fifo.v                                               ; --            ; --          ; --               ;
; MISC_FILE                           ; FIR1_sim/auk_dspip_math_pkg_hpfir.vhd                                          ; --            ; --          ; --               ;
; MISC_FILE                           ; FIR1_sim/auk_dspip_lib_pkg_hpfir.vhd                                           ; --            ; --          ; --               ;
; MISC_FILE                           ; FIR1_sim/auk_dspip_avalon_streaming_controller_hpfir.vhd                       ; --            ; --          ; --               ;
; MISC_FILE                           ; FIR1_sim/auk_dspip_avalon_streaming_sink_hpfir.vhd                             ; --            ; --          ; --               ;
; MISC_FILE                           ; FIR1_sim/auk_dspip_avalon_streaming_source_hpfir.vhd                           ; --            ; --          ; --               ;
; MISC_FILE                           ; FIR1_sim/auk_dspip_roundsat_hpfir.vhd                                          ; --            ; --          ; --               ;
; MISC_FILE                           ; FIR1_sim/FIR1_rtl.vhd                                                          ; --            ; --          ; --               ;
; MISC_FILE                           ; FIR1_sim/FIR1_ast.vhd                                                          ; --            ; --          ; --               ;
; MISC_FILE                           ; FIR1_sim/FIR1.vhd                                                              ; --            ; --          ; --               ;
; MISC_FILE                           ; FIR1_sim/FIR1_nativelink.tcl                                                   ; --            ; --          ; --               ;
; MISC_FILE                           ; FIR1_sim/FIR1_msim.tcl                                                         ; --            ; --          ; --               ;
; MISC_FILE                           ; FIR1_sim/FIR1_tb.vhd                                                           ; --            ; --          ; --               ;
; MISC_FILE                           ; FIR1_sim/FIR1_mlab.m                                                           ; --            ; --          ; --               ;
; MISC_FILE                           ; FIR1_sim/FIR1_model.m                                                          ; --            ; --          ; --               ;
; MISC_FILE                           ; FIR1_sim/FIR1_coef_int.txt                                                     ; --            ; --          ; --               ;
; MISC_FILE                           ; FIR1_sim/FIR1_input.txt                                                        ; --            ; --          ; --               ;
; MISC_FILE                           ; FIR1_sim/FIR1_param.txt                                                        ; --            ; --          ; --               ;
; OUTPUT_IO_TIMING_FAR_END_VMEAS      ; Half Signal Swing                                                              ; --            ; --          ; --               ;
; OUTPUT_IO_TIMING_FAR_END_VMEAS      ; Half Signal Swing                                                              ; --            ; --          ; --               ;
; OUTPUT_IO_TIMING_NEAR_END_VMEAS     ; Half Vccio                                                                     ; --            ; --          ; --               ;
; OUTPUT_IO_TIMING_NEAR_END_VMEAS     ; Half Vccio                                                                     ; --            ; --          ; --               ;
; PARTITION_COLOR                     ; 16764057                                                                       ; --            ; --          ; Top              ;
; PARTITION_FITTER_PRESERVATION_LEVEL ; PLACEMENT_AND_ROUTING                                                          ; --            ; --          ; Top              ;
; PARTITION_NETLIST_TYPE              ; SOURCE                                                                         ; --            ; --          ; Top              ;
; POWER_BOARD_THERMAL_MODEL           ; None (CONSERVATIVE)                                                            ; --            ; --          ; --               ;
; POWER_PRESET_COOLING_SOLUTION       ; 23 MM HEAT SINK WITH 200 LFPM AIRFLOW                                          ; --            ; --          ; --               ;
; PROJECT_OUTPUT_DIRECTORY            ; output_files                                                                   ; --            ; --          ; --               ;
; SLD_FILE                            ; db/stp1_auto_stripped.stp                                                      ; --            ; --          ; --               ;
; SLD_NODE_CREATOR_ID                 ; 110                                                                            ; --            ; --          ; auto_signaltap_0 ;
; SLD_NODE_ENTITY_NAME                ; sld_signaltap                                                                  ; --            ; --          ; auto_signaltap_0 ;
; SLD_NODE_PARAMETER_ASSIGNMENT       ; SLD_RAM_BLOCK_TYPE=AUTO                                                        ; --            ; --          ; auto_signaltap_0 ;
; SLD_NODE_PARAMETER_ASSIGNMENT       ; SLD_NODE_INFO=805334528                                                        ; --            ; --          ; auto_signaltap_0 ;
; SLD_NODE_PARAMETER_ASSIGNMENT       ; SLD_POWER_UP_TRIGGER=0                                                         ; --            ; --          ; auto_signaltap_0 ;
; SLD_NODE_PARAMETER_ASSIGNMENT       ; SLD_STORAGE_QUALIFIER_INVERSION_MASK_LENGTH=0                                  ; --            ; --          ; auto_signaltap_0 ;
; SLD_NODE_PARAMETER_ASSIGNMENT       ; SLD_ATTRIBUTE_MEM_MODE=OFF                                                     ; --            ; --          ; auto_signaltap_0 ;
; SLD_NODE_PARAMETER_ASSIGNMENT       ; SLD_STATE_FLOW_USE_GENERATED=0                                                 ; --            ; --          ; auto_signaltap_0 ;
; SLD_NODE_PARAMETER_ASSIGNMENT       ; SLD_STATE_BITS=11                                                              ; --            ; --          ; auto_signaltap_0 ;
; SLD_NODE_PARAMETER_ASSIGNMENT       ; SLD_BUFFER_FULL_STOP=1                                                         ; --            ; --          ; auto_signaltap_0 ;
; SLD_NODE_PARAMETER_ASSIGNMENT       ; SLD_CURRENT_RESOURCE_WIDTH=1                                                   ; --            ; --          ; auto_signaltap_0 ;
; SLD_NODE_PARAMETER_ASSIGNMENT       ; SLD_INCREMENTAL_ROUTING=1                                                      ; --            ; --          ; auto_signaltap_0 ;
; SLD_NODE_PARAMETER_ASSIGNMENT       ; SLD_TRIGGER_LEVEL=1                                                            ; --            ; --          ; auto_signaltap_0 ;
; SLD_NODE_PARAMETER_ASSIGNMENT       ; SLD_ADVANCED_TRIGGER_ENTITY=basic,1,                                           ; --            ; --          ; auto_signaltap_0 ;
; SLD_NODE_PARAMETER_ASSIGNMENT       ; SLD_TRIGGER_LEVEL_PIPELINE=1                                                   ; --            ; --          ; auto_signaltap_0 ;
; SLD_NODE_PARAMETER_ASSIGNMENT       ; SLD_ENABLE_ADVANCED_TRIGGER=0                                                  ; --            ; --          ; auto_signaltap_0 ;
; SLD_NODE_PARAMETER_ASSIGNMENT       ; SLD_SEGMENT_SIZE=512                                                           ; --            ; --          ; auto_signaltap_0 ;
; SLD_NODE_PARAMETER_ASSIGNMENT       ; SLD_SAMPLE_DEPTH=512                                                           ; --            ; --          ; auto_signaltap_0 ;
; SLD_NODE_PARAMETER_ASSIGNMENT       ; SLD_DATA_BITS=12                                                               ; --            ; --          ; auto_signaltap_0 ;
; SLD_NODE_PARAMETER_ASSIGNMENT       ; SLD_TRIGGER_BITS=12                                                            ; --            ; --          ; auto_signaltap_0 ;
; SLD_NODE_PARAMETER_ASSIGNMENT       ; SLD_STORAGE_QUALIFIER_BITS=12                                                  ; --            ; --          ; auto_signaltap_0 ;
; SLD_NODE_PARAMETER_ASSIGNMENT       ; SLD_INVERSION_MASK=00000000000000000000000000000000000000000000000000000000000 ; --            ; --          ; auto_signaltap_0 ;
; SLD_NODE_PARAMETER_ASSIGNMENT       ; SLD_INVERSION_MASK_LENGTH=59                                                   ; --            ; --          ; auto_signaltap_0 ;
; SLD_NODE_PARAMETER_ASSIGNMENT       ; SLD_TRIGGER_IN_ENABLED=0                                                       ; --            ; --          ; auto_signaltap_0 ;
; SPD_FILE                            ; FIR1.spd                                                                       ; --            ; --          ; --               ;
; SYNTHESIS_ONLY_QIP                  ; On                                                                             ; --            ; --          ; --               ;
; USE_SIGNALTAP_FILE                  ; stp1.stp                                                                       ; --            ; --          ; --               ;
+-------------------------------------+--------------------------------------------------------------------------------+---------------+-------------+------------------+


+-------------------------------------------------------------------------------------------------------------------------------+
; Flow Elapsed Time                                                                                                             ;
+---------------------------+--------------+-------------------------+---------------------+------------------------------------+
; Module Name               ; Elapsed Time ; Average Processors Used ; Peak Virtual Memory ; Total CPU Time (on all processors) ;
+---------------------------+--------------+-------------------------+---------------------+------------------------------------+
; Analysis & Synthesis      ; 00:00:24     ; 1.0                     ; 4947 MB             ; 00:00:52                           ;
; Fitter                    ; 00:00:09     ; 2.7                     ; 6642 MB             ; 00:00:16                           ;
; Assembler                 ; 00:00:01     ; 1.0                     ; 4704 MB             ; 00:00:01                           ;
; TimeQuest Timing Analyzer ; 00:00:03     ; 1.0                     ; 4971 MB             ; 00:00:03                           ;
; EDA Netlist Writer        ; 00:00:03     ; 1.0                     ; 4699 MB             ; 00:00:03                           ;
; Total                     ; 00:00:40     ; --                      ; --                  ; 00:01:15                           ;
+---------------------------+--------------+-------------------------+---------------------+------------------------------------+


+----------------------------------------------------------------------------------------+
; Flow OS Summary                                                                        ;
+---------------------------+------------------+-----------+------------+----------------+
; Module Name               ; Machine Hostname ; OS Name   ; OS Version ; Processor type ;
+---------------------------+------------------+-----------+------------+----------------+
; Analysis & Synthesis      ; LAPTOP-N0V62DSH  ; Windows 7 ; 6.2        ; x86_64         ;
; Fitter                    ; LAPTOP-N0V62DSH  ; Windows 7 ; 6.2        ; x86_64         ;
; Assembler                 ; LAPTOP-N0V62DSH  ; Windows 7 ; 6.2        ; x86_64         ;
; TimeQuest Timing Analyzer ; LAPTOP-N0V62DSH  ; Windows 7 ; 6.2        ; x86_64         ;
; EDA Netlist Writer        ; LAPTOP-N0V62DSH  ; Windows 7 ; 6.2        ; x86_64         ;
+---------------------------+------------------+-----------+------------+----------------+


------------
; Flow Log ;
------------
quartus_map --read_settings_files=on --write_settings_files=off FMC_Demo -c FMC_Demo
quartus_fit --read_settings_files=off --write_settings_files=off FMC_Demo -c FMC_Demo
quartus_asm --read_settings_files=off --write_settings_files=off FMC_Demo -c FMC_Demo
quartus_sta FMC_Demo -c FMC_Demo
quartus_eda --read_settings_files=off --write_settings_files=off FMC_Demo -c FMC_Demo



