\BOOKMARK [1][-]{section.1}{\376\377\116\000\060\001\000\040\174\373\176\337\145\271\150\110\213\272\213\301}{}% 1
\BOOKMARK [2][-]{subsection.1.1}{\376\377\0001\000.\0001\000\040\145\271\150\110\153\324\217\203\116\016\220\011\142\351}{section.1}% 2
\BOOKMARK [3][-]{subsubsection.1.1.1}{\376\377\0001\000.\0001\000.\0001\000\040\000X\000X\000X\145\271\150\110\220\011\142\351}{subsection.1.1}% 3
\BOOKMARK [3][-]{subsubsection.1.1.2}{\376\377\0001\000.\0001\000.\0002\000\040\000X\000X\000X\145\271\150\110\220\011\142\351}{subsection.1.1}% 4
\BOOKMARK [3][-]{subsubsection.1.1.3}{\376\377\0001\000.\0001\000.\0003\000\040\000X\000X\000X\145\271\150\110\220\011\142\351}{subsection.1.1}% 5
\BOOKMARK [2][-]{subsection.1.2}{\376\377\0001\000.\0002\000\040\140\073\117\123\145\271\150\110\143\317\217\360}{section.1}% 6
\BOOKMARK [1][-]{section.2}{\376\377\116\214\060\001\000\040\164\006\213\272\122\006\147\220\116\016\213\241\173\227}{}% 7
\BOOKMARK [2][-]{subsection.2.1}{\376\377\0002\000.\0001\000\040\000X\000X\000X\165\065\215\357\122\006\147\220}{section.2}% 8
\BOOKMARK [2][-]{subsection.2.2}{\376\377\0002\000.\0002\000\040\000X\000X\000X\122\006\147\220\145\271\154\325}{section.2}% 9
\BOOKMARK [1][-]{section.3}{\376\377\116\011\060\001\000\040\165\065\215\357\116\016\172\013\136\217\213\276\213\241}{}% 10
\BOOKMARK [2][-]{subsection.3.1}{\376\377\0003\000.\0001\000\040\000X\000X\000X\165\065\215\357\213\276\213\241}{section.3}% 11
\BOOKMARK [2][-]{subsection.3.2}{\376\377\0003\000.\0002\000\040\000X\000X\000X\165\065\215\357\213\276\213\241}{section.3}% 12
\BOOKMARK [2][-]{subsection.3.3}{\376\377\0003\000.\0003\000\040\217\157\116\366\172\013\136\217\213\276\213\241}{section.3}% 13
\BOOKMARK [1][-]{section.4}{\376\377\126\333\060\001\000\040\155\113\213\325\145\271\150\110\116\016\155\113\213\325\176\323\147\234}{}% 14
\BOOKMARK [2][-]{subsection.4.1}{\376\377\0004\000.\0001\000\040\155\113\213\325\147\141\116\366}{section.4}% 15
\BOOKMARK [2][-]{subsection.4.2}{\376\377\0004\000.\0002\000\040\155\113\213\325\145\271\150\110\116\016\155\113\213\325\176\323\147\234}{section.4}% 16
\BOOKMARK [3][-]{subsubsection.4.2.1}{\376\377\0004\000.\0002\000.\0001\000\040\000X\000X\000X\155\113\213\325}{subsection.4.2}% 17
\BOOKMARK [3][-]{subsubsection.4.2.2}{\376\377\0004\000.\0002\000.\0002\000\040\000X\000X\000X\155\113\213\325}{subsection.4.2}% 18
\BOOKMARK [2][-]{subsection.4.3}{\376\377\0004\000.\0003\000\040\155\113\213\325\176\323\147\234\122\006\147\220}{section.4}% 19
\BOOKMARK [1][-]{section.5}{\376\377\116\224\060\001\000\040\123\302\200\003\145\207\163\056}{}% 20
\BOOKMARK [1][-]{appendix.A}{\376\377\000A\000\040\150\070\137\303\116\343\170\001\162\107\153\265}{}% 21
\BOOKMARK [1][-]{appendix.B}{\376\377\000B\000\040\133\214\145\164\165\065\215\357\123\237\164\006\126\376}{}% 22
\BOOKMARK [1][-]{appendix.C}{\376\377\000C\000\040\133\236\162\151\161\147\162\107}{}% 23
