<html>
<body>
<pre>
<h1>礦ision Build Log</h1>
<h2>Tool Versions:</h2>
IDE-Version: μVision V5.43.1.0
Copyright (C) 2025 ARM Ltd and ARM Germany GmbH. All rights reserved.
License Information: 1 8618148136233
1
User-based license: Keil MDK Community (non-commercial free of charge)
Valid until: Jun 1 2033. Cached until: Jul 21 2026
 
Tool Versions:
Toolchain:       Keil MDK Community (non-commercial free of charge  Version: 5.43.0.0
Toolchain Path:  D:\APP\Keil\ARM\ARMCLANG\Bin
C Compiler:      ArmClang.exe V6.24
Assembler:       Armasm.exe V6.24
Linker/Locator:  ArmLink.exe V6.24
Library Manager: ArmAr.exe V6.24
Hex Converter:   FromElf.exe V6.24
CPU DLL:         SARMCM3.DLL V5.43.0.0
Dialog DLL:      DCM.DLL V1.17.5.0
Target DLL:      STLink\ST-LINKIII-KEIL_SWO.dll V3.3.1.0
Dialog DLL:      TCM.DLL V1.56.6.0
 
<h2>Project:</h2>
D:\File\学习\电赛培训\STM32_2026\Software\空例程\STM_FPGA_DDS_AD9959_AD9740_AD9220\STM32\MDK-ARM\FMC_DEMO.uvprojx
Project File Date:  07/15/2026

<h2>Output:</h2>
*** Using Compiler 'V6.24', folder: 'D:\APP\Keil\ARM\ARMCLANG\Bin'
Build target 'FMC_DEMO'
assembling startup_stm32h723xx.s...
compiling dma.c...
compiling mdma.c...
compiling fmc.c...
compiling spi.c...
compiling stm32h7xx_it.c...
compiling usart.c...
compiling gpio.c...
compiling adc.c...
compiling stm32h7xx_hal_msp.c...
compiling dac.c...
compiling tim.c...
compiling main.c...
compiling stm32h7xx_hal_adc_ex.c...
compiling stm32h7xx_hal_adc.c...
compiling stm32h7xx_hal_rcc.c...
compiling stm32h7xx_hal_flash.c...
compiling stm32h7xx_hal_gpio.c...
compiling stm32h7xx_hal_hsem.c...
compiling stm32h7xx_hal.c...
compiling stm32h7xx_hal_cortex.c...
compiling stm32h7xx_hal_mdma.c...
compiling stm32h7xx_hal_pwr.c...
compiling stm32h7xx_hal_flash_ex.c...
compiling stm32h7xx_hal_rcc_ex.c...
compiling stm32h7xx_hal_dma_ex.c...
compiling stm32h7xx_hal_pwr_ex.c...
compiling stm32h7xx_hal_i2c_ex.c...
compiling stm32h7xx_hal_dma.c...
compiling stm32h7xx_hal_exti.c...
compiling stm32h7xx_hal_dac.c...
compiling stm32h7xx_hal_i2c.c...
compiling stm32h7xx_ll_fmc.c...
compiling stm32h7xx_hal_nor.c...
compiling stm32h7xx_hal_sram.c...
compiling stm32h7xx_hal_nand.c...
compiling stm32h7xx_hal_dac_ex.c...
compiling stm32h7xx_hal_sdram.c...
compiling stm32h7xx_hal_spi_ex.c...
compiling system_stm32h7xx.c...
compiling stm32h7xx_hal_uart_ex.c...
compiling stm32h7xx_hal_spi.c...
compiling stm32h7xx_hal_tim_ex.c...
compiling bsp.c...
compiling bsp_ad9959.c...
compiling stm32h7xx_hal_uart.c...
compiling bsp_lcd.c...
compiling bsp_gpio.c...
compiling bsp_adc.c...
compiling adc_capture.c...
compiling bsp_uart.c...
compiling bsp_font.c...
compiling stm32h7xx_hal_tim.c...
compiling dds.c...
linking...
Program Size: Code=75238 RO-data=2958 RW-data=12720 ZI-data=5848  
"FMC_DEMO\FMC_DEMO.axf" - 0 Error(s), 0 Warning(s).

<h2>Software Packages used:</h2>

Package Vendor: ARM
                https://www.keil.com/pack/ARM.CMSIS.6.3.0.pack
                ARM::CMSIS@6.3.0
                CMSIS (Common Microcontroller Software Interface Standard)
   * Component: CORE Version: 6.2.0

Package Vendor: Keil
                https://www.keil.com/pack/Keil.STM32H7xx_DFP.4.1.3.pack
                Keil::STM32H7xx_DFP@4.1.3
                STMicroelectronics STM32H7 Series Device Support

<h2>Collection of Component include folders:</h2>
  ./RTE/_FMC_DEMO
  D:/APP/Keil/ARM/Packs/ARM/CMSIS/6.3.0/CMSIS/Core/Include

<h2>Collection of Component Files used:</h2>

   * Component: ARM::CMSIS:CORE@6.2.0
      Include file:  CMSIS/Core/Include/tz_context.h
Build Time Elapsed:  00:00:04
</pre>
</body>
</html>
