Component: Arm Compiler for Embedded 6.24 Tool: armlink [5f371500]

==============================================================================

Section Cross References

    startup_stm32h723xx.o(RESET) refers to startup_stm32h723xx.o(STACK) for __initial_sp
    startup_stm32h723xx.o(RESET) refers to startup_stm32h723xx.o(.text) for Reset_Handler
    startup_stm32h723xx.o(RESET) refers to stm32h7xx_it.o(.text.NMI_Handler) for NMI_Handler
    startup_stm32h723xx.o(RESET) refers to stm32h7xx_it.o(.text.HardFault_Handler) for HardFault_Handler
    startup_stm32h723xx.o(RESET) refers to stm32h7xx_it.o(.text.MemManage_Handler) for MemManage_Handler
    startup_stm32h723xx.o(RESET) refers to stm32h7xx_it.o(.text.BusFault_Handler) for BusFault_Handler
    startup_stm32h723xx.o(RESET) refers to stm32h7xx_it.o(.text.UsageFault_Handler) for UsageFault_Handler
    startup_stm32h723xx.o(RESET) refers to stm32h7xx_it.o(.text.SVC_Handler) for SVC_Handler
    startup_stm32h723xx.o(RESET) refers to stm32h7xx_it.o(.text.DebugMon_Handler) for DebugMon_Handler
    startup_stm32h723xx.o(RESET) refers to stm32h7xx_it.o(.text.PendSV_Handler) for PendSV_Handler
    startup_stm32h723xx.o(RESET) refers to stm32h7xx_it.o(.text.SysTick_Handler) for SysTick_Handler
    startup_stm32h723xx.o(RESET) refers to stm32h7xx_it.o(.text.DMA1_Stream0_IRQHandler) for DMA1_Stream0_IRQHandler
    startup_stm32h723xx.o(RESET) refers to stm32h7xx_it.o(.text.DMA1_Stream1_IRQHandler) for DMA1_Stream1_IRQHandler
    startup_stm32h723xx.o(RESET) refers to stm32h7xx_it.o(.text.DMA1_Stream2_IRQHandler) for DMA1_Stream2_IRQHandler
    startup_stm32h723xx.o(RESET) refers to stm32h7xx_it.o(.text.DMA1_Stream3_IRQHandler) for DMA1_Stream3_IRQHandler
    startup_stm32h723xx.o(RESET) refers to stm32h7xx_it.o(.text.DMA1_Stream4_IRQHandler) for DMA1_Stream4_IRQHandler
    startup_stm32h723xx.o(RESET) refers to stm32h7xx_it.o(.text.DMA1_Stream5_IRQHandler) for DMA1_Stream5_IRQHandler
    startup_stm32h723xx.o(RESET) refers to stm32h7xx_it.o(.text.ADC_IRQHandler) for ADC_IRQHandler
    startup_stm32h723xx.o(RESET) refers to stm32h7xx_it.o(.text.USART1_IRQHandler) for USART1_IRQHandler
    startup_stm32h723xx.o(RESET) refers to stm32h7xx_it.o(.text.USART2_IRQHandler) for USART2_IRQHandler
    startup_stm32h723xx.o(RESET) refers to stm32h7xx_it.o(.text.TIM17_IRQHandler) for TIM17_IRQHandler
    startup_stm32h723xx.o(RESET) refers to stm32h7xx_it.o(.text.MDMA_IRQHandler) for MDMA_IRQHandler
    startup_stm32h723xx.o(.text) refers to system_stm32h7xx.o(.text.ExitRun0Mode) for ExitRun0Mode
    startup_stm32h723xx.o(.text) refers to system_stm32h7xx.o(.text.SystemInit) for SystemInit
    startup_stm32h723xx.o(.text) refers to entry.o(.ARM.Collect$$$$00000000) for __main
    main.o(.text.main) refers to stm32h7xx_hal_cortex.o(.text.HAL_MPU_Disable) for HAL_MPU_Disable
    main.o(.text.main) refers to stm32h7xx_hal_cortex.o(.text.HAL_MPU_ConfigRegion) for HAL_MPU_ConfigRegion
    main.o(.text.main) refers to stm32h7xx_hal_cortex.o(.text.HAL_MPU_Enable) for HAL_MPU_Enable
    main.o(.text.main) refers to stm32h7xx_hal.o(.text.HAL_Init) for HAL_Init
    main.o(.text.main) refers to main.o(.text.SystemClock_Config) for SystemClock_Config
    main.o(.text.main) refers to memseta.o(.text) for __aeabi_memclr8
    main.o(.text.main) refers to stm32h7xx_hal_rcc_ex.o(.text.HAL_RCCEx_PeriphCLKConfig) for HAL_RCCEx_PeriphCLKConfig
    main.o(.text.main) refers to gpio.o(.text.MX_GPIO_Init) for MX_GPIO_Init
    main.o(.text.main) refers to dma.o(.text.MX_DMA_Init) for MX_DMA_Init
    main.o(.text.main) refers to mdma.o(.text.MX_MDMA_Init) for MX_MDMA_Init
    main.o(.text.main) refers to fmc.o(.text.MX_FMC_Init) for MX_FMC_Init
    main.o(.text.main) refers to spi.o(.text.MX_SPI4_Init) for MX_SPI4_Init
    main.o(.text.main) refers to usart.o(.text.MX_USART1_UART_Init) for MX_USART1_UART_Init
    main.o(.text.main) refers to usart.o(.text.MX_USART2_UART_Init) for MX_USART2_UART_Init
    main.o(.text.main) refers to adc.o(.text.MX_ADC1_Init) for MX_ADC1_Init
    main.o(.text.main) refers to adc.o(.text.MX_ADC2_Init) for MX_ADC2_Init
    main.o(.text.main) refers to tim.o(.text.MX_TIM6_Init) for MX_TIM6_Init
    main.o(.text.main) refers to dac.o(.text.MX_DAC1_Init) for MX_DAC1_Init
    main.o(.text.main) refers to tim.o(.text.MX_TIM17_Init) for MX_TIM17_Init
    main.o(.text.main) refers to usart.o(.text.MX_USART6_UART_Init) for MX_USART6_UART_Init
    main.o(.text.main) refers to bsp.o(.text.MainProcess) for MainProcess
    main.o(.ARM.exidx.text.main) refers to main.o(.text.main) for [Anonymous Symbol]
    main.o(.text.SystemClock_Config) refers to memseta.o(.text) for __aeabi_memclr4
    main.o(.text.SystemClock_Config) refers to stm32h7xx_hal_pwr_ex.o(.text.HAL_PWREx_ConfigSupply) for HAL_PWREx_ConfigSupply
    main.o(.text.SystemClock_Config) refers to stm32h7xx_hal_rcc.o(.text.HAL_RCC_OscConfig) for HAL_RCC_OscConfig
[...]

    Global Symbols

    Symbol Name                              Value     Ov Type        Size  Object(Section)

    BuildAttributes$$THM_ISAv4$E$P$D$K$B$S$7EM$VFPv5_D16$PE$PLD8$A:L22UL41UL21$X:L11$S22US41US21$IEEE1$IW$~IW$USESV6$~STKCKD$USESV7$~SHL$OTIME$ROPI$IEEEX$EBA8$MICROLIB$REQ8$PRES8$EABIv2 0x00000000   Number         0  anon$$obj.o ABSOLUTE
    _printf_a                                0x00000000   Number         0  printfstubs.o ABSOLUTE
    _printf_c                                0x00000000   Number         0  printfstubs.o ABSOLUTE
    _printf_charcount                        0x00000000   Number         0  printfstubs.o ABSOLUTE
    _printf_d                                0x00000000   Number         0  printfstubs.o ABSOLUTE
    _printf_e                                0x00000000   Number         0  printfstubs.o ABSOLUTE
    _printf_f                                0x00000000   Number         0  printfstubs.o ABSOLUTE
    _printf_flags                            0x00000000   Number         0  printfstubs.o ABSOLUTE
    _printf_fp_dec                           0x00000000   Number         0  printfstubs.o ABSOLUTE
    _printf_fp_hex                           0x00000000   Number         0  printfstubs.o ABSOLUTE
    _printf_g                                0x00000000   Number         0  printfstubs.o ABSOLUTE
    _printf_i                                0x00000000   Number         0  printfstubs.o ABSOLUTE
    _printf_int_dec                          0x00000000   Number         0  printfstubs.o ABSOLUTE
    _printf_l                                0x00000000   Number         0  printfstubs.o ABSOLUTE
    _printf_lc                               0x00000000   Number         0  printfstubs.o ABSOLUTE
    _printf_ll                               0x00000000   Number         0  printfstubs.o ABSOLUTE
    _printf_lld                              0x00000000   Number         0  printfstubs.o ABSOLUTE
    _printf_lli                              0x00000000   Number         0  printfstubs.o ABSOLUTE
    _printf_llo                              0x00000000   Number         0  printfstubs.o ABSOLUTE
    _printf_llu                              0x00000000   Number         0  printfstubs.o ABSOLUTE
    _printf_llx                              0x00000000   Number         0  printfstubs.o ABSOLUTE
    _printf_longlong_dec                     0x00000000   Number         0  printfstubs.o ABSOLUTE
    _printf_longlong_hex                     0x00000000   Number         0  printfstubs.o ABSOLUTE
    _printf_longlong_oct                     0x00000000   Number         0  printfstubs.o ABSOLUTE
    _printf_ls                               0x00000000   Number         0  printfstubs.o ABSOLUTE
    _printf_mbtowc                           0x00000000   Number         0  printfstubs.o ABSOLUTE
    _printf_n                                0x00000000   Number         0  printfstubs.o ABSOLUTE
    _printf_o                                0x00000000   Number         0  printfstubs.o ABSOLUTE
    _printf_p                                0x00000000   Number         0  printfstubs.o ABSOLUTE
    _printf_percent                          0x00000000   Number         0  printfstubs.o ABSOLUTE
    _printf_pre_padding                      0x00000000   Number         0  printfstubs.o ABSOLUTE
    _printf_return_value                     0x00000000   Number         0  printfstubs.o ABSOLUTE
    _printf_s                                0x00000000   Number         0  printfstubs.o ABSOLUTE
    _printf_sizespec                         0x00000000   Number         0  printfstubs.o ABSOLUTE
    _printf_str                              0x00000000   Number         0  printfstubs.o ABSOLUTE
    _printf_truncate_signed                  0x00000000   Number         0  printfstubs.o ABSOLUTE
    _printf_truncate_unsigned                0x00000000   Number         0  printfstubs.o ABSOLUTE
    _printf_u                                0x00000000   Number         0  printfstubs.o ABSOLUTE
    _printf_wc                               0x00000000   Number         0  printfstubs.o ABSOLUTE
    _printf_wctomb                           0x00000000   Number         0  printfstubs.o ABSOLUTE
    _printf_widthprec                        0x00000000   Number         0  printfstubs.o ABSOLUTE
    _printf_x                                0x00000000   Number         0  printfstubs.o ABSOLUTE
    __cpp_initialize__aeabi_                  - Undefined Weak Reference
    __cxa_finalize                            - Undefined Weak Reference
    _clock_init                               - Undefined Weak Reference
    _microlib_exit                            - Undefined Weak Reference
    __Vectors_Size                           0x000002cc   Number         0  startup_stm32h723xx.o ABSOLUTE
    __Vectors                                0x08000000   Data           4  startup_stm32h723xx.o(RESET)
    __Vectors_End                            0x080002cc   Data           0  startup_stm32h723xx.o(RESET)
    __main                                   0x080002cd   Thumb Code     0  entry.o(.ARM.Collect$$$$00000000)
    _main_stk                                0x080002cd   Thumb Code     0  entry2.o(.ARM.Collect$$$$00000001)
    _main_scatterload                        0x080002d1   Thumb Code     0  entry5.o(.ARM.Collect$$$$00000004)
    __main_after_scatterload                 0x080002d5   Thumb Code     0  entry5.o(.ARM.Collect$$$$00000004)
    _main_clock                              0x080002d5   Thumb Code     0  entry7b.o(.ARM.Collect$$$$00000008)
    _main_cpp_init                           0x080002d5   Thumb Code     0  entry8b.o(.ARM.Collect$$$$0000000A)
    _main_init                               0x080002d5   Thumb Code     0  entry9a.o(.ARM.Collect$$$$0000000B)
    __rt_final_cpp                           0x080002dd   Thumb Code     0  entry10a.o(.ARM.Collect$$$$0000000D)
    __rt_final_exit                          0x080002dd   Thumb Code     0  entry11a.o(.ARM.Collect$$$$0000000F)
    Reset_Handler                            0x080002e1   Thumb Code    12  startup_stm32h723xx.o(.text)
    ADC3_IRQHandler                          0x080002ff   Thumb Code     0  startup_stm32h723xx.o(.text)
    BDMA_Channel0_IRQHandler                 0x080002ff   Thumb Code     0  startup_stm32h723xx.o(.text)
    BDMA_Channel1_IRQHandler                 0x080002ff   Thumb Code     0  startup_stm32h723xx.o(.text)
    BDMA_Channel2_IRQHandler                 0x080002ff   Thumb Code     0  startup_stm32h723xx.o(.text)
    BDMA_Channel3_IRQHandler                 0x080002ff   Thumb Code     0  startup_stm32h723xx.o(.text)
    BDMA_Channel4_IRQHandler                 0x080002ff   Thumb Code     0  startup_stm32h723xx.o(.text)
    BDMA_Channel5_IRQHandler                 0x080002ff   Thumb Code     0  startup_stm32h723xx.o(.text)
    BDMA_Channel6_IRQHandler                 0x080002ff   Thumb Code     0  startup_stm32h723xx.o(.text)
    BDMA_Channel7_IRQHandler                 0x080002ff   Thumb Code     0  startup_stm32h723xx.o(.text)
    CEC_IRQHandler                           0x080002ff   Thumb Code     0  startup_stm32h723xx.o(.text)
    COMP1_IRQHandler                         0x080002ff   Thumb Code     0  startup_stm32h723xx.o(.text)
    CORDIC_IRQHandler                        0x080002ff   Thumb Code     0  startup_stm32h723xx.o(.text)
    CRS_IRQHandler                           0x080002ff   Thumb Code     0  startup_stm32h723xx.o(.text)
    DCMI_PSSI_IRQHandler                     0x080002ff   Thumb Code     0  startup_stm32h723xx.o(.text)
    DFSDM1_FLT0_IRQHandler                   0x080002ff   Thumb Code     0  startup_stm32h723xx.o(.text)
    DFSDM1_FLT1_IRQHandler                   0x080002ff   Thumb Code     0  startup_stm32h723xx.o(.text)
    DFSDM1_FLT2_IRQHandler                   0x080002ff   Thumb Code     0  startup_stm32h723xx.o(.text)
    DFSDM1_FLT3_IRQHandler                   0x080002ff   Thumb Code     0  startup_stm32h723xx.o(.text)
    DMA1_Stream6_IRQHandler                  0x080002ff   Thumb Code     0  startup_stm32h723xx.o(.text)
    DMA1_Stream7_IRQHandler                  0x080002ff   Thumb Code     0  startup_stm32h723xx.o(.text)
    DMA2D_IRQHandler                         0x080002ff   Thumb Code     0  startup_stm32h723xx.o(.text)
    DMA2_Stream0_IRQHandler                  0x080002ff   Thumb Code     0  startup_stm32h723xx.o(.text)
    DMA2_Stream1_IRQHandler                  0x080002ff   Thumb Code     0  startup_stm32h723xx.o(.text)
    DMA2_Stream2_IRQHandler                  0x080002ff   Thumb Code     0  startup_stm32h723xx.o(.text)
    DMA2_Stream3_IRQHandler                  0x080002ff   Thumb Code     0  startup_stm32h723xx.o(.text)
    DMA2_Stream4_IRQHandler                  0x080002ff   Thumb Code     0  startup_stm32h723xx.o(.text)
    DMA2_Stream5_IRQHandler                  0x080002ff   Thumb Code     0  startup_stm32h723xx.o(.text)
    DMA2_Stream6_IRQHandler                  0x080002ff   Thumb Code     0  startup_stm32h723xx.o(.text)
    DMA2_Stream7_IRQHandler                  0x080002ff   Thumb Code     0  startup_stm32h723xx.o(.text)
    DMAMUX1_OVR_IRQHandler                   0x080002ff   Thumb Code     0  startup_stm32h723xx.o(.text)
    DMAMUX2_OVR_IRQHandler                   0x080002ff   Thumb Code     0  startup_stm32h723xx.o(.text)
    DTS_IRQHandler                           0x080002ff   Thumb Code     0  startup_stm32h723xx.o(.text)
    ECC_IRQHandler                           0x080002ff   Thumb Code     0  startup_stm32h723xx.o(.text)
    ETH_IRQHandler                           0x080002ff   Thumb Code     0  startup_stm32h723xx.o(.text)
    ETH_WKUP_IRQHandler                      0x080002ff   Thumb Code     0  startup_stm32h723xx.o(.text)
    EXTI0_IRQHandler                         0x080002ff   Thumb Code     0  startup_stm32h723xx.o(.text)
    EXTI15_10_IRQHandler                     0x080002ff   Thumb Code     0  startup_stm32h723xx.o(.text)
    EXTI1_IRQHandler                         0x080002ff   Thumb Code     0  startup_stm32h723xx.o(.text)
    EXTI2_IRQHandler                         0x080002ff   Thumb Code     0  startup_stm32h723xx.o(.text)
    EXTI3_IRQHandler                         0x080002ff   Thumb Code     0  startup_stm32h723xx.o(.text)
    EXTI4_IRQHandler                         0x080002ff   Thumb Code     0  startup_stm32h723xx.o(.text)
    EXTI9_5_IRQHandler                       0x080002ff   Thumb Code     0  startup_stm32h723xx.o(.text)
    FDCAN1_IT0_IRQHandler                    0x080002ff   Thumb Code     0  startup_stm32h723xx.o(.text)
    FDCAN1_IT1_IRQHandler                    0x080002ff   Thumb Code     0  startup_stm32h723xx.o(.text)
    FDCAN2_IT0_IRQHandler                    0x080002ff   Thumb Code     0  startup_stm32h723xx.o(.text)
    FDCAN2_IT1_IRQHandler                    0x080002ff   Thumb Code     0  startup_stm32h723xx.o(.text)
    FDCAN3_IT0_IRQHandler                    0x080002ff   Thumb Code     0  startup_stm32h723xx.o(.text)
    FDCAN3_IT1_IRQHandler                    0x080002ff   Thumb Code     0  startup_stm32h723xx.o(.text)
    FDCAN_CAL_IRQHandler                     0x080002ff   Thumb Code     0  startup_stm32h723xx.o(.text)
    FLASH_IRQHandler                         0x080002ff   Thumb Code     0  startup_stm32h723xx.o(.text)
    FMAC_IRQHandler                          0x080002ff   Thumb Code     0  startup_stm32h723xx.o(.text)
    FMC_IRQHandler                           0x080002ff   Thumb Code     0  startup_stm32h723xx.o(.text)
    FPU_IRQHandler                           0x080002ff   Thumb Code     0  startup_stm32h723xx.o(.text)
    HSEM1_IRQHandler                         0x080002ff   Thumb Code     0  startup_stm32h723xx.o(.text)
    I2C1_ER_IRQHandler                       0x080002ff   Thumb Code     0  startup_stm32h723xx.o(.text)
    I2C1_EV_IRQHandler                       0x080002ff   Thumb Code     0  startup_stm32h723xx.o(.text)
    I2C2_ER_IRQHandler                       0x080002ff   Thumb Code     0  startup_stm32h723xx.o(.text)
    I2C2_EV_IRQHandler                       0x080002ff   Thumb Code     0  startup_stm32h723xx.o(.text)
    I2C3_ER_IRQHandler                       0x080002ff   Thumb Code     0  startup_stm32h723xx.o(.text)
    I2C3_EV_IRQHandler                       0x080002ff   Thumb Code     0  startup_stm32h723xx.o(.text)
    I2C4_ER_IRQHandler                       0x080002ff   Thumb Code     0  startup_stm32h723xx.o(.text)
    I2C4_EV_IRQHandler                       0x080002ff   Thumb Code     0  startup_stm32h723xx.o(.text)
    I2C5_ER_IRQHandler                       0x080002ff   Thumb Code     0  startup_stm32h723xx.o(.text)
    I2C5_EV_IRQHandler                       0x080002ff   Thumb Code     0  startup_stm32h723xx.o(.text)
    LPTIM1_IRQHandler                        0x080002ff   Thumb Code     0  startup_stm32h723xx.o(.text)
    LPTIM2_IRQHandler                        0x080002ff   Thumb Code     0  startup_stm32h723xx.o(.text)
    LPTIM3_IRQHandler                        0x080002ff   Thumb Code     0  startup_stm32h723xx.o(.text)
    LPTIM4_IRQHandler                        0x080002ff   Thumb Code     0  startup_stm32h723xx.o(.text)
    LPTIM5_IRQHandler                        0x080002ff   Thumb Code     0  startup_stm32h723xx.o(.text)
    LPUART1_IRQHandler                       0x080002ff   Thumb Code     0  startup_stm32h723xx.o(.text)
    LTDC_ER_IRQHandler                       0x080002ff   Thumb Code     0  startup_stm32h723xx.o(.text)
    LTDC_IRQHandler                          0x080002ff   Thumb Code     0  startup_stm32h723xx.o(.text)
    MDIOS_IRQHandler                         0x080002ff   Thumb Code     0  startup_stm32h723xx.o(.text)
    MDIOS_WKUP_IRQHandler                    0x080002ff   Thumb Code     0  startup_stm32h723xx.o(.text)
    OCTOSPI1_IRQHandler                      0x080002ff   Thumb Code     0  startup_stm32h723xx.o(.text)
    OCTOSPI2_IRQHandler                      0x080002ff   Thumb Code     0  startup_stm32h723xx.o(.text)
    OTG_HS_EP1_IN_IRQHandler                 0x080002ff   Thumb Code     0  startup_stm32h723xx.o(.text)
    OTG_HS_EP1_OUT_IRQHandler                0x080002ff   Thumb Code     0  startup_stm32h723xx.o(.text)
    OTG_HS_IRQHandler                        0x080002ff   Thumb Code     0  startup_stm32h723xx.o(.text)
    OTG_HS_WKUP_IRQHandler                   0x080002ff   Thumb Code     0  startup_stm32h723xx.o(.text)
    PVD_AVD_IRQHandler                       0x080002ff   Thumb Code     0  startup_stm32h723xx.o(.text)
    RCC_IRQHandler                           0x080002ff   Thumb Code     0  startup_stm32h723xx.o(.text)
    RNG_IRQHandler                           0x080002ff   Thumb Code     0  startup_stm32h723xx.o(.text)
    RTC_Alarm_IRQHandler                     0x080002ff   Thumb Code     0  startup_stm32h723xx.o(.text)
    RTC_WKUP_IRQHandler                      0x080002ff   Thumb Code     0  startup_stm32h723xx.o(.text)
    SAI1_IRQHandler                          0x080002ff   Thumb Code     0  startup_stm32h723xx.o(.text)
    SAI4_IRQHandler                          0x080002ff   Thumb Code     0  startup_stm32h723xx.o(.text)
    SDMMC1_IRQHandler                        0x080002ff   Thumb Code     0  startup_stm32h723xx.o(.text)
    SDMMC2_IRQHandler                        0x080002ff   Thumb Code     0  startup_stm32h723xx.o(.text)
    SPDIF_RX_IRQHandler                      0x080002ff   Thumb Code     0  startup_stm32h723xx.o(.text)
    SPI1_IRQHandler                          0x080002ff   Thumb Code     0  startup_stm32h723xx.o(.text)
    SPI2_IRQHandler                          0x080002ff   Thumb Code     0  startup_stm32h723xx.o(.text)
    SPI3_IRQHandler                          0x080002ff   Thumb Code     0  startup_stm32h723xx.o(.text)
    SPI4_IRQHandler                          0x080002ff   Thumb Code     0  startup_stm32h723xx.o(.text)
    SPI5_IRQHandler                          0x080002ff   Thumb Code     0  startup_stm32h723xx.o(.text)
    SPI6_IRQHandler                          0x080002ff   Thumb Code     0  startup_stm32h723xx.o(.text)
    SWPMI1_IRQHandler                        0x080002ff   Thumb Code     0  startup_stm32h723xx.o(.text)
    TAMP_STAMP_IRQHandler                    0x080002ff   Thumb Code     0  startup_stm32h723xx.o(.text)
    TIM15_IRQHandler                         0x080002ff   Thumb Code     0  startup_stm32h723xx.o(.text)
    TIM16_IRQHandler                         0x080002ff   Thumb Code     0  startup_stm32h723xx.o(.text)
    TIM1_BRK_IRQHandler                      0x080002ff   Thumb Code     0  startup_stm32h723xx.o(.text)
    TIM1_CC_IRQHandler                       0x080002ff   Thumb Code     0  startup_stm32h723xx.o(.text)
    TIM1_TRG_COM_IRQHandler                  0x080002ff   Thumb Code     0  startup_stm32h723xx.o(.text)
    TIM1_UP_IRQHandler                       0x080002ff   Thumb Code     0  startup_stm32h723xx.o(.text)
    TIM23_IRQHandler                         0x080002ff   Thumb Code     0  startup_stm32h723xx.o(.text)
    TIM24_IRQHandler                         0x080002ff   Thumb Code     0  startup_stm32h723xx.o(.text)
    TIM2_IRQHandler                          0x080002ff   Thumb Code     0  startup_stm32h723xx.o(.text)
    TIM3_IRQHandler                          0x080002ff   Thumb Code     0  startup_stm32h723xx.o(.text)
    TIM4_IRQHandler                          0x080002ff   Thumb Code     0  startup_stm32h723xx.o(.text)
    TIM5_IRQHandler                          0x080002ff   Thumb Code     0  startup_stm32h723xx.o(.text)
    TIM6_DAC_IRQHandler                      0x080002ff   Thumb Code     0  startup_stm32h723xx.o(.text)
    TIM7_IRQHandler                          0x080002ff   Thumb Code     0  startup_stm32h723xx.o(.text)
    TIM8_BRK_TIM12_IRQHandler                0x080002ff   Thumb Code     0  startup_stm32h723xx.o(.text)
    TIM8_CC_IRQHandler                       0x080002ff   Thumb Code     0  startup_stm32h723xx.o(.text)
    TIM8_TRG_COM_TIM14_IRQHandler            0x080002ff   Thumb Code     0  startup_stm32h723xx.o(.text)
    TIM8_UP_TIM13_IRQHandler                 0x080002ff   Thumb Code     0  startup_stm32h723xx.o(.text)
    UART4_IRQHandler                         0x080002ff   Thumb Code     0  startup_stm32h723xx.o(.text)
    UART5_IRQHandler                         0x080002ff   Thumb Code     0  startup_stm32h723xx.o(.text)
    UART7_IRQHandler                         0x080002ff   Thumb Code     0  startup_stm32h723xx.o(.text)
    UART8_IRQHandler                         0x080002ff   Thumb Code     0  startup_stm32h723xx.o(.text)
    UART9_IRQHandler                         0x080002ff   Thumb Code     0  startup_stm32h723xx.o(.text)
    USART10_IRQHandler                       0x080002ff   Thumb Code     0  startup_stm32h723xx.o(.text)
    USART3_IRQHandler                        0x080002ff   Thumb Code     0  startup_stm32h723xx.o(.text)
    USART6_IRQHandler                        0x080002ff   Thumb Code     0  startup_stm32h723xx.o(.text)
    WAKEUP_PIN_IRQHandler                    0x080002ff   Thumb Code     0  startup_stm32h723xx.o(.text)
    WWDG_IRQHandler                          0x080002ff   Thumb Code     0  startup_stm32h723xx.o(.text)
    __aeabi_uldivmod                         0x0800030d   Thumb Code    98  uldiv.o(.text)
    __aeabi_memset                           0x0800036f   Thumb Code    14  memseta.o(.text)
    __aeabi_memset4                          0x0800036f   Thumb Code     0  memseta.o(.text)
    __aeabi_memset8                          0x0800036f   Thumb Code     0  memseta.o(.text)
    __aeabi_memclr                           0x0800037d   Thumb Code     4  memseta.o(.text)
    __aeabi_memclr4                          0x0800037d   Thumb Code     0  memseta.o(.text)
    __aeabi_memclr8                          0x0800037d   Thumb Code     0  memseta.o(.text)
    _memset$wrapper                          0x08000381   Thumb Code    18  memseta.o(.text)
    strlen                                   0x08000393   Thumb Code    14  strlen.o(.text)
    __aeabi_uidiv                            0x080003a1   Thumb Code     0  uidiv.o(.text)
    __aeabi_uidivmod                         0x080003a1   Thumb Code    44  uidiv.o(.text)
    __aeabi_llsl                             0x080003cd   Thumb Code    30  llshl.o(.text)
    _ll_shift_l                              0x080003cd   Thumb Code     0  llshl.o(.text)
    __aeabi_llsr                             0x080003eb   Thumb Code    32  llushr.o(.text)
    _ll_ushift_r                             0x080003eb   Thumb Code     0  llushr.o(.text)
    __I$use$fp                               0x0800040b   Thumb Code     0  iusefp.o(.text)
    __aeabi_dadd                             0x0800040b   Thumb Code   322  dadd.o(.text)
    __aeabi_dsub                             0x0800054d   Thumb Code     6  dadd.o(.text)
    __aeabi_drsub                            0x08000553   Thumb Code     6  dadd.o(.text)
    __aeabi_dmul                             0x08000559   Thumb Code   228  dmul.o(.text)
    __aeabi_ddiv                             0x0800063d   Thumb Code   222  ddiv.o(.text)
    __aeabi_d2ulz                            0x0800071b   Thumb Code    48  dfixul.o(.text)
    __aeabi_cdrcmple                         0x0800074d   Thumb Code    48  cdrcmple.o(.text)
    __scatterload                            0x0800077d   Thumb Code    38  init.o(.text)
    __scatterload_rt2                        0x0800077d   Thumb Code     0  init.o(.text)
    __aeabi_lasr                             0x080007ad   Thumb Code    36  llsshr.o(.text)
    _ll_sshift_r                             0x080007ad   Thumb Code     0  llsshr.o(.text)
    _double_round                            0x080007d1   Thumb Code    30  depilogue.o(.text)
    _double_epilogue                         0x080007ef   Thumb Code   156  depilogue.o(.text)
    __decompress                             0x0800088b   Thumb Code     0  __dczerorl.o(.text)
    __decompress0                            0x0800088b   Thumb Code    58  __dczerorl.o(.text)
    AD9959_Config                            0x080008c9   Thumb Code  1516  bsp_ad9959.o(.text.AD9959_Config)
    AD9959_Init                              0x08000eb9   Thumb Code   928  bsp_ad9959.o(.text.AD9959_Init)
    ADC_CaptureReadActualCount               0x08001259   Thumb Code    12  adc_capture.o(.text.ADC_CaptureReadActualCount)
    ADC_CaptureReadId                        0x08001269   Thumb Code    12  adc_capture.o(.text.ADC_CaptureReadId)
    ADC_CaptureReadMDMA                      0x08001279   Thumb Code   188  adc_capture.o(.text.ADC_CaptureReadMDMA)
    ADC_CaptureReadStatus                    0x08001339   Thumb Code    12  adc_capture.o(.text.ADC_CaptureReadStatus)
    ADC_CaptureStart                         0x08001349   Thumb Code    50  adc_capture.o(.text.ADC_CaptureStart)
    ADC_CaptureStop                          0x08001381   Thumb Code    20  adc_capture.o(.text.ADC_CaptureStop)
    ADC_CaptureWaitDone                      0x08001399   Thumb Code    76  adc_capture.o(.text.ADC_CaptureWaitDone)
    ADC_ConfigureBoostMode                   0x080013e9   Thumb Code   240  stm32h7xx_hal_adc.o(.text.ADC_ConfigureBoostMode)
    ADC_ConversionStop                       0x080014d9   Thumb Code   240  stm32h7xx_hal_adc.o(.text.ADC_ConversionStop)
    ADC_DMAConvCplt                          0x080015c9   Thumb Code    92  stm32h7xx_hal_adc.o(.text.ADC_DMAConvCplt)
    ADC_DMAError                             0x08001629   Thumb Code    22  stm32h7xx_hal_adc.o(.text.ADC_DMAError)
    ADC_DMAHalfConvCplt                      0x08001641   Thumb Code     6  stm32h7xx_hal_adc.o(.text.ADC_DMAHalfConvCplt)
    ADC_Disable                              0x08001649   Thumb Code   120  stm32h7xx_hal_adc.o(.text.ADC_Disable)
    ADC_Enable                               0x080016c1   Thumb Code   170  stm32h7xx_hal_adc.o(.text.ADC_Enable)
    ADC_IRQHandler                           0x08001771   Thumb Code    30  stm32h7xx_it.o(.text.ADC_IRQHandler)
    BSP_UART_Start_Receive_DMA               0x08001791   Thumb Code    12  bsp_uart.o(.text.BSP_UART_Start_Receive_DMA)
    BSP_UART_Transmit_DMA                    0x080017a1   Thumb Code   206  bsp_uart.o(.text.BSP_UART_Transmit_DMA)
    BusFault_Handler                         0x08001871   Thumb Code     2  stm32h7xx_it.o(.text.BusFault_Handler)
    DDS_CalcFTW                              0x08001879   Thumb Code    56  dds.o(.text.DDS_CalcFTW)
    DDS_Init                                 0x080018d1   Thumb Code   946  dds.o(.text.DDS_Init)
    DMA1_Stream0_IRQHandler                  0x08001c89   Thumb Code    12  stm32h7xx_it.o(.text.DMA1_Stream0_IRQHandler)
    DMA1_Stream1_IRQHandler                  0x08001c99   Thumb Code    12  stm32h7xx_it.o(.text.DMA1_Stream1_IRQHandler)
    DMA1_Stream2_IRQHandler                  0x08001ca9   Thumb Code    12  stm32h7xx_it.o(.text.DMA1_Stream2_IRQHandler)
    DMA1_Stream3_IRQHandler                  0x08001cb9   Thumb Code    12  stm32h7xx_it.o(.text.DMA1_Stream3_IRQHandler)
    DMA1_Stream4_IRQHandler                  0x08001cc9   Thumb Code    12  stm32h7xx_it.o(.text.DMA1_Stream4_IRQHandler)
    DMA1_Stream5_IRQHandler                  0x08001cd9   Thumb Code    12  stm32h7xx_it.o(.text.DMA1_Stream5_IRQHandler)
    DebugMon_Handler                         0x080020f9   Thumb Code     2  stm32h7xx_it.o(.text.DebugMon_Handler)
    Error_Handler                            0x08002101   Thumb Code     6  main.o(.text.Error_Handler)
    ExitRun0Mode                             0x08002109   Thumb Code    44  system_stm32h7xx.o(.text.ExitRun0Mode)
    FMC_NORSRAM_Extended_Timing_Init         0x08002139   Thumb Code    70  stm32h7xx_ll_fmc.o(.text.FMC_NORSRAM_Extended_Timing_Init)
    FMC_NORSRAM_Init                         0x08002181   Thumb Code   142  stm32h7xx_ll_fmc.o(.text.FMC_NORSRAM_Init)
    FMC_NORSRAM_Timing_Init                  0x08002211   Thumb Code    86  stm32h7xx_ll_fmc.o(.text.FMC_NORSRAM_Timing_Init)
    HAL_ADCEx_Calibration_Start              0x08002269   Thumb Code   214  stm32h7xx_hal_adc_ex.o(.text.HAL_ADCEx_Calibration_Start)
    HAL_ADCEx_EndOfSamplingCallback          0x08002341   Thumb Code     2  stm32h7xx_hal_adc_ex.o(.text.HAL_ADCEx_EndOfSamplingCallback)
    HAL_ADCEx_InjectedConvCpltCallback       0x08002349   Thumb Code     2  stm32h7xx_hal_adc_ex.o(.text.HAL_ADCEx_InjectedConvCpltCallback)
    HAL_ADCEx_InjectedQueueOverflowCallback  0x08002351   Thumb Code     2  stm32h7xx_hal_adc_ex.o(.text.HAL_ADCEx_InjectedQueueOverflowCallback)
    HAL_ADCEx_LevelOutOfWindow2Callback      0x08002359   Thumb Code     2  stm32h7xx_hal_adc_ex.o(.text.HAL_ADCEx_LevelOutOfWindow2Callback)
    HAL_ADCEx_LevelOutOfWindow3Callback      0x08002361   Thumb Code     2  stm32h7xx_hal_adc_ex.o(.text.HAL_ADCEx_LevelOutOfWindow3Callback)
    HAL_ADCEx_MultiModeConfigChannel         0x08002369   Thumb Code   182  stm32h7xx_hal_adc_ex.o(.text.HAL_ADCEx_MultiModeConfigChannel)
    HAL_ADC_ConfigChannel                    0x08002421   Thumb Code  1700  stm32h7xx_hal_adc.o(.text.HAL_ADC_ConfigChannel)
    HAL_ADC_ConvCpltCallback                 0x08002ac9   Thumb Code    64  bsp.o(.text.HAL_ADC_ConvCpltCallback)
    HAL_ADC_ConvHalfCpltCallback             0x08002b09   Thumb Code     2  stm32h7xx_hal_adc.o(.text.HAL_ADC_ConvHalfCpltCallback)
    HAL_ADC_ErrorCallback                    0x08002b11   Thumb Code     2  stm32h7xx_hal_adc.o(.text.HAL_ADC_ErrorCallback)
    HAL_ADC_IRQHandler                       0x08002b19   Thumb Code   706  stm32h7xx_hal_adc.o(.text.HAL_ADC_IRQHandler)
    HAL_ADC_Init                             0x08002de1   Thumb Code   724  stm32h7xx_hal_adc.o(.text.HAL_ADC_Init)
    HAL_ADC_LevelOutOfWindowCallback         0x080030b9   Thumb Code     2  stm32h7xx_hal_adc.o(.text.HAL_ADC_LevelOutOfWindowCallback)
    HAL_ADC_MspInit                          0x080030c1   Thumb Code   334  adc.o(.text.HAL_ADC_MspInit)
    HAL_ADC_Start_DMA                        0x08003211   Thumb Code   308  stm32h7xx_hal_adc.o(.text.HAL_ADC_Start_DMA)
    HAL_ADC_Stop_DMA                         0x08003349   Thumb Code   132  stm32h7xx_hal_adc.o(.text.HAL_ADC_Stop_DMA)
    HAL_DAC_ConfigChannel                    0x080033d1   Thumb Code   368  stm32h7xx_hal_dac.o(.text.HAL_DAC_ConfigChannel)
    HAL_DAC_Init                             0x08003541   Thumb Code    44  stm32h7xx_hal_dac.o(.text.HAL_DAC_Init)
    HAL_DAC_MspInit                          0x08003571   Thumb Code   104  dac.o(.text.HAL_DAC_MspInit)
    HAL_DMA_Abort                            0x080035d9   Thumb Code  1248  stm32h7xx_hal_dma.o(.text.HAL_DMA_Abort)
    HAL_DMA_Abort_IT                         0x08003ab9   Thumb Code   664  stm32h7xx_hal_dma.o(.text.HAL_DMA_Abort_IT)
    HAL_DMA_IRQHandler                       0x08003d51   Thumb Code  1982  stm32h7xx_hal_dma.o(.text.HAL_DMA_IRQHandler)
    HAL_DMA_Init                             0x08004511   Thumb Code  1610  stm32h7xx_hal_dma.o(.text.HAL_DMA_Init)
    HAL_DMA_Start_IT                         0x08004b61   Thumb Code   902  stm32h7xx_hal_dma.o(.text.HAL_DMA_Start_IT)
    HAL_Delay                                0x08004ee9   Thumb Code    40  stm32h7xx_hal.o(.text.HAL_Delay)
    HAL_GPIO_Init                            0x08004f11   Thumb Code   480  stm32h7xx_hal_gpio.o(.text.HAL_GPIO_Init)
    HAL_GPIO_ReadPin                         0x080050f1   Thumb Code    10  stm32h7xx_hal_gpio.o(.text.HAL_GPIO_ReadPin)
    HAL_GPIO_WritePin                        0x08005101   Thumb Code    10  stm32h7xx_hal_gpio.o(.text.HAL_GPIO_WritePin)
    HAL_GetTick                              0x08005111   Thumb Code    12  stm32h7xx_hal.o(.text.HAL_GetTick)
    HAL_IncTick                              0x08005121   Thumb Code    26  stm32h7xx_hal.o(.text.HAL_IncTick)
    HAL_Init                                 0x08005141   Thumb Code   100  stm32h7xx_hal.o(.text.HAL_Init)
    HAL_InitTick                             0x080051a9   Thumb Code    88  stm32h7xx_hal.o(.text.HAL_InitTick)
    HAL_MDMA_IRQHandler                      0x08005201   Thumb Code   482  stm32h7xx_hal_mdma.o(.text.HAL_MDMA_IRQHandler)
    HAL_MDMA_Init                            0x080053e9   Thumb Code   234  stm32h7xx_hal_mdma.o(.text.HAL_MDMA_Init)
    HAL_MDMA_PollForTransfer                 0x080054d9   Thumb Code   438  stm32h7xx_hal_mdma.o(.text.HAL_MDMA_PollForTransfer)
    HAL_MDMA_Start                           0x08005691   Thumb Code   234  stm32h7xx_hal_mdma.o(.text.HAL_MDMA_Start)
    HAL_MPU_ConfigRegion                     0x08005781   Thumb Code    94  stm32h7xx_hal_cortex.o(.text.HAL_MPU_ConfigRegion)
    HAL_MPU_Disable                          0x080057e1   Thumb Code    26  stm32h7xx_hal_cortex.o(.text.HAL_MPU_Disable)
    HAL_MPU_Enable                           0x08005801   Thumb Code    32  stm32h7xx_hal_cortex.o(.text.HAL_MPU_Enable)
    HAL_MspInit                              0x08005821   Thumb Code    32  stm32h7xx_hal_msp.o(.text.HAL_MspInit)
    HAL_NVIC_EnableIRQ                       0x08005841   Thumb Code    34  stm32h7xx_hal_cortex.o(.text.HAL_NVIC_EnableIRQ)
    HAL_NVIC_SetPriority                     0x08005869   Thumb Code    90  stm32h7xx_hal_cortex.o(.text.HAL_NVIC_SetPriority)
    HAL_NVIC_SetPriorityGrouping             0x080058c9   Thumb Code    32  stm32h7xx_hal_cortex.o(.text.HAL_NVIC_SetPriorityGrouping)
    HAL_PWREx_ConfigSupply                   0x080058e9   Thumb Code    72  stm32h7xx_hal_pwr_ex.o(.text.HAL_PWREx_ConfigSupply)
    HAL_RCCEx_GetD3PCLK1Freq                 0x08005931   Thumb Code    38  stm32h7xx_hal_rcc_ex.o(.text.HAL_RCCEx_GetD3PCLK1Freq)
    HAL_RCCEx_GetPLL1ClockFreq               0x08005959   Thumb Code   272  stm32h7xx_hal_rcc_ex.o(.text.HAL_RCCEx_GetPLL1ClockFreq)
    HAL_RCCEx_GetPLL2ClockFreq               0x08005a81   Thumb Code   272  stm32h7xx_hal_rcc_ex.o(.text.HAL_RCCEx_GetPLL2ClockFreq)
    HAL_RCCEx_GetPLL3ClockFreq               0x08005ba1   Thumb Code   272  stm32h7xx_hal_rcc_ex.o(.text.HAL_RCCEx_GetPLL3ClockFreq)
    HAL_RCCEx_GetPeriphCLKFreq               0x08005cc1   Thumb Code   844  stm32h7xx_hal_rcc_ex.o(.text.HAL_RCCEx_GetPeriphCLKFreq)
    HAL_RCCEx_PeriphCLKConfig                0x08006011   Thumb Code  2374  stm32h7xx_hal_rcc_ex.o(.text.HAL_RCCEx_PeriphCLKConfig)
    HAL_RCC_ClockConfig                      0x08006959   Thumb Code   588  stm32h7xx_hal_rcc.o(.text.HAL_RCC_ClockConfig)
    HAL_RCC_GetHCLKFreq                      0x08006ba9   Thumb Code    76  stm32h7xx_hal_rcc.o(.text.HAL_RCC_GetHCLKFreq)
    HAL_RCC_GetPCLK1Freq                     0x08006bf9   Thumb Code    96  stm32h7xx_hal_rcc.o(.text.HAL_RCC_GetPCLK1Freq)
    HAL_RCC_GetPCLK2Freq                     0x08006c59   Thumb Code    96  stm32h7xx_hal_rcc.o(.text.HAL_RCC_GetPCLK2Freq)
    HAL_RCC_GetSysClockFreq                  0x08006cb9   Thumb Code   256  stm32h7xx_hal_rcc.o(.text.HAL_RCC_GetSysClockFreq)
    HAL_RCC_OscConfig                        0x08006dd1   Thumb Code  1300  stm32h7xx_hal_rcc.o(.text.HAL_RCC_OscConfig)
    HAL_SPI_Init                             0x080072e9   Thumb Code   436  stm32h7xx_hal_spi.o(.text.HAL_SPI_Init)
    HAL_SPI_MspInit                          0x080074a1   Thumb Code   176  spi.o(.text.HAL_SPI_MspInit)
    HAL_SPI_Transmit                         0x08007551   Thumb Code   584  stm32h7xx_hal_spi.o(.text.HAL_SPI_Transmit)
    HAL_SRAM_Init                            0x08007799   Thumb Code   106  stm32h7xx_hal_sram.o(.text.HAL_SRAM_Init)
    HAL_SRAM_MspInit                         0x08007809   Thumb Code   244  fmc.o(.text.HAL_SRAM_MspInit)
    HAL_SYSTICK_Config                       0x08007901   Thumb Code    44  stm32h7xx_hal_cortex.o(.text.HAL_SYSTICK_Config)
    HAL_TIMEx_Break2Callback                 0x08007931   Thumb Code     2  stm32h7xx_hal_tim_ex.o(.text.HAL_TIMEx_Break2Callback)
    HAL_TIMEx_BreakCallback                  0x08007939   Thumb Code     2  stm32h7xx_hal_tim_ex.o(.text.HAL_TIMEx_BreakCallback)
    HAL_TIMEx_CommutCallback                 0x08007941   Thumb Code     2  stm32h7xx_hal_tim_ex.o(.text.HAL_TIMEx_CommutCallback)
    HAL_TIMEx_MasterConfigSynchronization    0x08007949   Thumb Code   222  stm32h7xx_hal_tim_ex.o(.text.HAL_TIMEx_MasterConfigSynchronization)
    HAL_TIM_Base_Init                        0x08007a29   Thumb Code    96  stm32h7xx_hal_tim.o(.text.HAL_TIM_Base_Init)
    HAL_TIM_Base_MspInit                     0x08007a89   Thumb Code   108  tim.o(.text.HAL_TIM_Base_MspInit)
    HAL_TIM_Base_Start                       0x08007af9   Thumb Code   194  stm32h7xx_hal_tim.o(.text.HAL_TIM_Base_Start)
    HAL_TIM_Base_Start_IT                    0x08007bc1   Thumb Code   202  stm32h7xx_hal_tim.o(.text.HAL_TIM_Base_Start_IT)
    HAL_TIM_Base_Stop                        0x08007c91   Thumb Code    46  stm32h7xx_hal_tim.o(.text.HAL_TIM_Base_Stop)
    HAL_TIM_IC_CaptureCallback               0x08007cc1   Thumb Code     2  stm32h7xx_hal_tim.o(.text.HAL_TIM_IC_CaptureCallback)
    HAL_TIM_IRQHandler                       0x08007cc9   Thumb Code   358  stm32h7xx_hal_tim.o(.text.HAL_TIM_IRQHandler)
    HAL_TIM_OC_DelayElapsedCallback          0x08007e31   Thumb Code     2  stm32h7xx_hal_tim.o(.text.HAL_TIM_OC_DelayElapsedCallback)
    HAL_TIM_PWM_PulseFinishedCallback        0x08007e39   Thumb Code     2  stm32h7xx_hal_tim.o(.text.HAL_TIM_PWM_PulseFinishedCallback)
    HAL_TIM_PeriodElapsedCallback            0x08007e41   Thumb Code    48  bsp.o(.text.HAL_TIM_PeriodElapsedCallback)
    HAL_TIM_TriggerCallback                  0x08007e71   Thumb Code     2  stm32h7xx_hal_tim.o(.text.HAL_TIM_TriggerCallback)
    HAL_UARTEx_DisableFifoMode               0x08007e79   Thumb Code    54  stm32h7xx_hal_uart_ex.o(.text.HAL_UARTEx_DisableFifoMode)
    HAL_UARTEx_ReceiveToIdle_DMA             0x08007eb1   Thumb Code   150  stm32h7xx_hal_uart_ex.o(.text.HAL_UARTEx_ReceiveToIdle_DMA)
    HAL_UARTEx_RxEventCallback               0x08007f49   Thumb Code    40  bsp.o(.text.HAL_UARTEx_RxEventCallback)
    HAL_UARTEx_RxFifoFullCallback            0x08007f81   Thumb Code     2  stm32h7xx_hal_uart_ex.o(.text.HAL_UARTEx_RxFifoFullCallback)
    HAL_UARTEx_SetRxFifoThreshold            0x08007f89   Thumb Code   140  stm32h7xx_hal_uart_ex.o(.text.HAL_UARTEx_SetRxFifoThreshold)
    HAL_UARTEx_SetTxFifoThreshold            0x08008019   Thumb Code   140  stm32h7xx_hal_uart_ex.o(.text.HAL_UARTEx_SetTxFifoThreshold)
    HAL_UARTEx_TxFifoEmptyCallback           0x080080a9   Thumb Code     2  stm32h7xx_hal_uart_ex.o(.text.HAL_UARTEx_TxFifoEmptyCallback)
    HAL_UARTEx_WakeupCallback                0x080080b1   Thumb Code     2  stm32h7xx_hal_uart_ex.o(.text.HAL_UARTEx_WakeupCallback)
    HAL_UART_ErrorCallback                   0x080080b9   Thumb Code     2  stm32h7xx_hal_uart.o(.text.HAL_UART_ErrorCallback)
    HAL_UART_IRQHandler                      0x080080c1   Thumb Code  1648  stm32h7xx_hal_uart.o(.text.HAL_UART_IRQHandler)
    HAL_UART_Init                            0x08008731   Thumb Code   100  stm32h7xx_hal_uart.o(.text.HAL_UART_Init)
    HAL_UART_MspInit                         0x08008799   Thumb Code   678  usart.o(.text.HAL_UART_MspInit)
    HAL_UART_RxCpltCallback                  0x08008a41   Thumb Code     2  stm32h7xx_hal_uart.o(.text.HAL_UART_RxCpltCallback)
    HAL_UART_RxHalfCpltCallback              0x08008a49   Thumb Code     2  stm32h7xx_hal_uart.o(.text.HAL_UART_RxHalfCpltCallback)
    HAL_UART_Transmit                        0x08008a51   Thumb Code   266  stm32h7xx_hal_uart.o(.text.HAL_UART_Transmit)
    HAL_UART_Transmit_DMA                    0x08008b61   Thumb Code   226  stm32h7xx_hal_uart.o(.text.HAL_UART_Transmit_DMA)
    HAL_UART_TxCpltCallback                  0x08008c49   Thumb Code     2  stm32h7xx_hal_uart.o(.text.HAL_UART_TxCpltCallback)
    HAL_UART_TxHalfCpltCallback              0x08008c51   Thumb Code     2  stm32h7xx_hal_uart.o(.text.HAL_UART_TxHalfCpltCallback)
    HardFault_Handler                        0x08008c59   Thumb Code     2  stm32h7xx_it.o(.text.HardFault_Handler)
    KEY_Read                                 0x08008c61   Thumb Code   144  bsp_gpio.o(.text.KEY_Read)
    LCD_Fill                                 0x08008cf1   Thumb Code   216  bsp_lcd.o(.text.LCD_Fill)
    LCD_Init                                 0x08008dc9   Thumb Code   200  bsp_lcd.o(.text.LCD_Init)
    LCD_Print                                0x08008e91   Thumb Code   940  bsp_lcd.o(.text.LCD_Print)
    MDMA_IRQHandler                          0x080092f1   Thumb Code    12  stm32h7xx_it.o(.text.MDMA_IRQHandler)
    MX_ADC1_Init                             0x08009301   Thumb Code   178  adc.o(.text.MX_ADC1_Init)
    MX_ADC2_Init                             0x080093b9   Thumb Code   146  adc.o(.text.MX_ADC2_Init)
    MX_DAC1_Init                             0x08009451   Thumb Code   102  dac.o(.text.MX_DAC1_Init)
    MX_DMA_Init                              0x080094b9   Thumb Code   132  dma.o(.text.MX_DMA_Init)
    MX_FMC_Init                              0x08009541   Thumb Code   112  fmc.o(.text.MX_FMC_Init)
    MX_GPIO_Init                             0x080095b1   Thumb Code   432  gpio.o(.text.MX_GPIO_Init)
    MX_MDMA_Init                             0x08009761   Thumb Code   138  mdma.o(.text.MX_MDMA_Init)
    MX_SPI4_Init                             0x080097f1   Thumb Code    98  spi.o(.text.MX_SPI4_Init)
    MX_TIM17_Init                            0x08009859   Thumb Code    60  tim.o(.text.MX_TIM17_Init)
    MX_TIM6_Init                             0x08009899   Thumb Code    80  tim.o(.text.MX_TIM6_Init)
    MX_USART1_UART_Init                      0x080098e9   Thumb Code   124  usart.o(.text.MX_USART1_UART_Init)
    MX_USART2_UART_Init                      0x08009969   Thumb Code   124  usart.o(.text.MX_USART2_UART_Init)
    MX_USART6_UART_Init                      0x080099e9   Thumb Code   124  usart.o(.text.MX_USART6_UART_Init)
    MainProcess                              0x08009a69   Thumb Code  1728  bsp.o(.text.MainProcess)
    MemManage_Handler                        0x0800a1c9   Thumb Code     2  stm32h7xx_it.o(.text.MemManage_Handler)
    NMI_Handler                              0x0800a1d1   Thumb Code     2  stm32h7xx_it.o(.text.NMI_Handler)
    PendSV_Handler                           0x0800a1d9   Thumb Code     2  stm32h7xx_it.o(.text.PendSV_Handler)
    SVC_Handler                              0x0800a4e9   Thumb Code     2  stm32h7xx_it.o(.text.SVC_Handler)
    SysTick_Handler                          0x0800a4f1   Thumb Code     4  stm32h7xx_it.o(.text.SysTick_Handler)
    SystemClock_Config                       0x0800a4f9   Thumb Code   190  main.o(.text.SystemClock_Config)
    SystemInit                               0x0800a5b9   Thumb Code   210  system_stm32h7xx.o(.text.SystemInit)
    TIM17_IRQHandler                         0x0800a691   Thumb Code    12  stm32h7xx_it.o(.text.TIM17_IRQHandler)
    TIM_Base_SetConfig                       0x0800a6a1   Thumb Code   346  stm32h7xx_hal_tim.o(.text.TIM_Base_SetConfig)
    UART_AdvFeatureConfig                    0x0800a801   Thumb Code   224  stm32h7xx_hal_uart.o(.text.UART_AdvFeatureConfig)
    UART_CheckIdleState                      0x0800a8e1   Thumb Code   366  stm32h7xx_hal_uart.o(.text.UART_CheckIdleState)
    UART_SetConfig                           0x0800aed9   Thumb Code  1140  stm32h7xx_hal_uart.o(.text.UART_SetConfig)
    UART_Start_Receive_DMA                   0x0800b359   Thumb Code   340  stm32h7xx_hal_uart.o(.text.UART_Start_Receive_DMA)
    UART_WaitOnFlagUntilTimeout              0x0800b4b1   Thumb Code   774  stm32h7xx_hal_uart.o(.text.UART_WaitOnFlagUntilTimeout)
    USART1_IRQHandler                        0x0800b7b9   Thumb Code    12  stm32h7xx_it.o(.text.USART1_IRQHandler)
    USART2_IRQHandler                        0x0800b7c9   Thumb Code    12  stm32h7xx_it.o(.text.USART2_IRQHandler)
    UsageFault_Handler                       0x0800b7d9   Thumb Code     2  stm32h7xx_it.o(.text.UsageFault_Handler)
    main                                     0x0800b7e1   Thumb Code   526  main.o(.text.main)
    myADC_DualStart_DMA                      0x0800b9f1   Thumb Code    90  bsp_adc.o(.text.myADC_DualStart_DMA)
    myADC_DualStop_DMA                       0x0800ba51   Thumb Code    26  bsp_adc.o(.text.myADC_DualStop_DMA)
    __0sprintf                               0x0800ba6d   Thumb Code    34  printfa.o(i.__0sprintf)
    __1sprintf                               0x0800ba6d   Thumb Code     0  printfa.o(i.__0sprintf)
    __2sprintf                               0x0800ba6d   Thumb Code     0  printfa.o(i.__0sprintf)
    __c89sprintf                             0x0800ba6d   Thumb Code     0  printfa.o(i.__0sprintf)
    sprintf                                  0x0800ba6d   Thumb Code     0  printfa.o(i.__0sprintf)
    __0vsnprintf                             0x0800ba95   Thumb Code    46  printfa.o(i.__0vsnprintf)
    __1vsnprintf                             0x0800ba95   Thumb Code     0  printfa.o(i.__0vsnprintf)
    __2vsnprintf                             0x0800ba95   Thumb Code     0  printfa.o(i.__0vsnprintf)
    __c89vsnprintf                           0x0800ba95   Thumb Code     0  printfa.o(i.__0vsnprintf)
    vsnprintf                                0x0800ba95   Thumb Code     0  printfa.o(i.__0vsnprintf)
    __scatterload_copy                       0x0800bac9   Thumb Code    14  handlers.o(i.__scatterload_copy)
    __scatterload_null                       0x0800bad7   Thumb Code     2  handlers.o(i.__scatterload_null)
    __scatterload_zeroinit                   0x0800bad9   Thumb Code    14  handlers.o(i.__scatterload_zeroinit)
    D1CorePrescTable                         0x0800c3c6   Data          16  system_stm32h7xx.o(.rodata.D1CorePrescTable)
    LCD_1_80_inch                            0x0800c3d6   Data          22  bsp_lcd.o(.rodata.LCD_1_80_inch)
    LCD_Font_1206                            0x0800c3ec   Data          16  bsp_font.o(.rodata.LCD_Font_1206)
    LCD_Font_1212                            0x0800c3fc   Data          16  bsp_font.o(.rodata.LCD_Font_1212)
    UARTPrescTable                           0x0800c40c   Data          24  stm32h7xx_hal_uart.o(.rodata.UARTPrescTable)
    font_1206                                0x0800c434   Data         855  bsp_font.o(.rodata.font_1206)
    font_1212                                0x0800c78b   Data         384  bsp_font.o(.rodata.font_1212)
    lcd_dir_code                             0x0800c90b   Data           4  bsp_lcd.o(.rodata.lcd_dir_code)
    Region$$Table$$Base                      0x0800cccc   Number         0  anon$$obj.o(Region$$Table)
    Region$$Table$$Limit                     0x0800ccfc   Number         0  anon$$obj.o(Region$$Table)
    SystemCoreClock                          0x20000000   Data           4  system_stm32h7xx.o(.data.SystemCoreClock)
    SystemD2Clock                            0x20000004   Data           4  system_stm32h7xx.o(.data.SystemD2Clock)
    blcd                                     0x20000008   Data          32  bsp.o(.data.blcd)
    myDualADC                                0x20000028   Data          24  bsp.o(.data.myDualADC)
    uwTickFreq                               0x20000040   Data           1  stm32h7xx_hal.o(.data.uwTickFreq)
    uwTickPrio                               0x20000044   Data           4  stm32h7xx_hal.o(.data.uwTickPrio)
    hadc1                                    0x20000058   Data         112  adc.o(.bss.hadc1)
    hadc2                                    0x200000c8   Data         112  adc.o(.bss.hadc2)
    hdac1                                    0x20000138   Data          20  dac.o(.bss.hdac1)
    hdma_adc1                                0x2000014c   Data         120  adc.o(.bss.hdma_adc1)
    hdma_adc2                                0x200001c4   Data         120  adc.o(.bss.hdma_adc2)
    hdma_usart1_rx                           0x2000023c   Data         120  usart.o(.bss.hdma_usart1_rx)
    hdma_usart1_tx                           0x200002b4   Data         120  usart.o(.bss.hdma_usart1_tx)
    hdma_usart2_rx                           0x2000032c   Data         120  usart.o(.bss.hdma_usart2_rx)
    hdma_usart2_tx                           0x200003a4   Data         120  usart.o(.bss.hdma_usart2_tx)
    hmdma_mdma_channel0_sw_0                 0x2000041c   Data         108  mdma.o(.bss.hmdma_mdma_channel0_sw_0)
    hspi4                                    0x20000488   Data         136  spi.o(.bss.hspi4)
    hsram1                                   0x20000510   Data          76  fmc.o(.bss.hsram1)
    htim17                                   0x2000055c   Data          76  tim.o(.bss.htim17)
    htim6                                    0x200005a8   Data          76  tim.o(.bss.htim6)
    huart1                                   0x200005f4   Data         148  usart.o(.bss.huart1)
    huart2                                   0x20000688   Data         148  usart.o(.bss.huart2)
    huart6                                   0x2000071c   Data         148  usart.o(.bss.huart6)
    uwTick                                   0x20000fb0   Data           4  stm32h7xx_hal.o(.bss.uwTick)
    __initial_sp                             0x200013b8   Data           0  startup_stm32h723xx.o(STACK)
    buart1                                   0x24000000   Data         392  bsp.o(.axi_sram)
    buart2                                   0x24000188   Data         392  bsp.o(.axi_sram)
    glcd_TxBuf                               0x24000320   Data        1024  bsp.o(.axi_sram)
    guart1_TxMsg                             0x24001720   Data         128  bsp.o(.axi_sram)
    guart1_RxMsg                             0x240017a0   Data         128  bsp.o(.axi_sram)
    guart2_TxMsg                             0x24001820   Data         128  bsp.o(.axi_sram)
    guart2_RxMsg                             0x240018a0   Data         128  bsp.o(.axi_sram)
    adc_capture_buffer                       0x24001920   Data        8160  adc_capture.o(.axi_sram)



==============================================================================

Memory Map of the image

  Image Entry point : 0x080002cd

  Load Region LR_IROM1 (Base: 0x08000000, Size: 0x00010660, Max: 0x00100000, ABSOLUTE, COMPRESSED[0x0000cde4])

    Execution Region RW_ITCM (Exec base: 0x00000000, Load base: 0x0800ccfc, Size: 0x00000000, Max: 0x00010000, ABSOLUTE)

    **** No section assigned to this execution region ****


    Execution Region ER_IROM1 (Exec base: 0x08000000, Load base: 0x08000000, Size: 0x0000ccfc, Max: 0x00100000, ABSOLUTE)

    Exec Addr    Load Addr    Size         Type   Attr      Idx    E Section Name        Object

    0x08000000   0x08000000   0x000002cc   Data   RO            3    RESET               startup_stm32h723xx.o
    0x080002cc   0x080002cc   0x00000000   Code   RO         2269  * .ARM.Collect$$$$00000000  mc_w.l(entry.o)
    0x080002cc   0x080002cc   0x00000004   Code   RO         2572    .ARM.Collect$$$$00000001  mc_w.l(entry2.o)
    0x080002d0   0x080002d0   0x00000004   Code   RO         2575    .ARM.Collect$$$$00000004  mc_w.l(entry5.o)
    0x080002d4   0x080002d4   0x00000000   Code   RO         2577    .ARM.Collect$$$$00000008  mc_w.l(entry7b.o)
    0x080002d4   0x080002d4   0x00000000   Code   RO         2579    .ARM.Collect$$$$0000000A  mc_w.l(entry8b.o)
    0x080002d4   0x080002d4   0x00000008   Code   RO         2580    .ARM.Collect$$$$0000000B  mc_w.l(entry9a.o)
    0x080002dc   0x080002dc   0x00000000   Code   RO         2582    .ARM.Collect$$$$0000000D  mc_w.l(entry10a.o)
    0x080002dc   0x080002dc   0x00000000   Code   RO         2584    .ARM.Collect$$$$0000000F  mc_w.l(entry11a.o)
    0x080002dc   0x080002dc   0x00000004   Code   RO         2573    .ARM.Collect$$$$00002712  mc_w.l(entry2.o)
    0x080002e0   0x080002e0   0x0000002c   Code   RO            4    .text               startup_stm32h723xx.o
    0x0800030c   0x0800030c   0x00000062   Code   RO         2272    .text               mc_w.l(uldiv.o)
    0x0800036e   0x0800036e   0x00000024   Code   RO         2276    .text               mc_w.l(memseta.o)
    0x08000392   0x08000392   0x0000000e   Code   RO         2278    .text               mc_w.l(strlen.o)
    0x080003a0   0x080003a0   0x0000002c   Code   RO         2600    .text               mc_w.l(uidiv.o)
    0x080003cc   0x080003cc   0x0000001e   Code   RO         2602    .text               mc_w.l(llshl.o)
    0x080003ea   0x080003ea   0x00000020   Code   RO         2604    .text               mc_w.l(llushr.o)
    0x0800040a   0x0800040a   0x00000000   Code   RO         2613    .text               mc_w.l(iusefp.o)
    0x0800040a   0x0800040a   0x0000014e   Code   RO         2614    .text               mf_w.l(dadd.o)
    0x08000558   0x08000558   0x000000e4   Code   RO         2616    .text               mf_w.l(dmul.o)
    0x0800063c   0x0800063c   0x000000de   Code   RO         2618    .text               mf_w.l(ddiv.o)
    0x0800071a   0x0800071a   0x00000030   Code   RO         2620    .text               mf_w.l(dfixul.o)
    0x0800074a   0x0800074a   0x00000002   PAD
    0x0800074c   0x0800074c   0x00000030   Code   RO         2622    .text               mf_w.l(cdrcmple.o)
    0x0800077c   0x0800077c   0x00000030   Code   RO         2630    .text               mc_w.l(init.o)
    0x080007ac   0x080007ac   0x00000024   Code   RO         2633    .text               mc_w.l(llsshr.o)
    0x080007d0   0x080007d0   0x000000ba   Code   RO         2636    .text               mf_w.l(depilogue.o)
    0x0800088a   0x0800088a   0x0000003a   Code   RO         2646    .text               mc_w.l(__dczerorl.o)
    0x080008c4   0x080008c4   0x00000004   PAD
    0x080008c8   0x080008c8   0x000005ec   Code   RO         2051    .text.AD9959_Config  bsp_ad9959.o
    0x08000eb4   0x08000eb4   0x00000004   PAD
    0x08000eb8   0x08000eb8   0x000003a0   Code   RO         2049    .text.AD9959_Init   bsp_ad9959.o
    0x08001258   0x08001258   0x0000000c   Code   RO         2165    .text.ADC_CaptureReadActualCount  adc_capture.o
    0x08001264   0x08001264   0x00000004   PAD
    0x08001268   0x08001268   0x0000000c   Code   RO         2161    .text.ADC_CaptureReadId  adc_capture.o
    0x08001274   0x08001274   0x00000004   PAD
    0x08001278   0x08001278   0x000000bc   Code   RO         2175    .text.ADC_CaptureReadMDMA  adc_capture.o
    0x08001334   0x08001334   0x00000004   PAD
    0x08001338   0x08001338   0x0000000c   Code   RO         2163    .text.ADC_CaptureReadStatus  adc_capture.o
    0x08001344   0x08001344   0x00000004   PAD
    0x08001348   0x08001348   0x00000032   Code   RO         2169    .text.ADC_CaptureStart  adc_capture.o
    0x0800137a   0x0800137a   0x00000006   PAD
    0x08001380   0x08001380   0x00000014   Code   RO         2171    .text.ADC_CaptureStop  adc_capture.o
    0x08001394   0x08001394   0x00000004   PAD
    0x08001398   0x08001398   0x0000004c   Code   RO         2173    .text.ADC_CaptureWaitDone  adc_capture.o
    0x080013e4   0x080013e4   0x00000004   PAD
    0x080013e8   0x080013e8   0x000000f0   Code   RO          226    .text.ADC_ConfigureBoostMode  stm32h7xx_hal_adc.o
    0x080014d8   0x080014d8   0x000000f0   Code   RO          230    .text.ADC_ConversionStop  stm32h7xx_hal_adc.o
    0x080015c8   0x080015c8   0x0000005c   Code   RO          252    .text.ADC_DMAConvCplt  stm32h7xx_hal_adc.o
    0x08001624   0x08001624   0x00000004   PAD
    0x08001628   0x08001628   0x00000016   Code   RO          256    .text.ADC_DMAError  stm32h7xx_hal_adc.o
    0x0800163e   0x0800163e   0x00000002   PAD
    0x08001640   0x08001640   0x00000006   Code   RO          254    .text.ADC_DMAHalfConvCplt  stm32h7xx_hal_adc.o
    0x08001646   0x08001646   0x00000002   PAD
    0x08001648   0x08001648   0x00000078   Code   RO          232    .text.ADC_Disable   stm32h7xx_hal_adc.o
    0x080016c0   0x080016c0   0x000000aa   Code   RO          238    .text.ADC_Enable    stm32h7xx_hal_adc.o
    0x0800176a   0x0800176a   0x00000006   PAD
    0x08001770   0x08001770   0x0000001e   Code   RO          197    .text.ADC_IRQHandler  stm32h7xx_it.o
    0x0800178e   0x0800178e   0x00000002   PAD
    0x08001790   0x08001790   0x0000000c   Code   RO         2131    .text.BSP_UART_Start_Receive_DMA  bsp_uart.o
    0x0800179c   0x0800179c   0x00000004   PAD
    0x080017a0   0x080017a0   0x000000ce   Code   RO         2133    .text.BSP_UART_Transmit_DMA  bsp_uart.o
    0x0800186e   0x0800186e   0x00000002   PAD
    0x08001870   0x08001870   0x00000002   Code   RO          173    .text.BusFault_Handler  stm32h7xx_it.o
    0x08001872   0x08001872   0x00000006   PAD
    0x08001878   0x08001878   0x00000058   Code   RO         2212    .text.DDS_CalcFTW   dds.o
    0x080018d0   0x080018d0   0x000003b2   Code   RO         2238    .text.DDS_Init      dds.o
    0x08001c82   0x08001c82   0x00000006   PAD
    0x08001c88   0x08001c88   0x0000000c   Code   RO          185    .text.DMA1_Stream0_IRQHandler  stm32h7xx_it.o
    0x08001c94   0x08001c94   0x00000004   PAD
    0x08001c98   0x08001c98   0x0000000c   Code   RO          187    .text.DMA1_Stream1_IRQHandler  stm32h7xx_it.o
    0x08001ca4   0x08001ca4   0x00000004   PAD
    0x08001ca8   0x08001ca8   0x0000000c   Code   RO          189    .text.DMA1_Stream2_IRQHandler  stm32h7xx_it.o
    0x08001cb4   0x08001cb4   0x00000004   PAD
    0x08001cb8   0x08001cb8   0x0000000c   Code   RO          191    .text.DMA1_Stream3_IRQHandler  stm32h7xx_it.o
    0x08001cc4   0x08001cc4   0x00000004   PAD
    0x08001cc8   0x08001cc8   0x0000000c   Code   RO          193    .text.DMA1_Stream4_IRQHandler  stm32h7xx_it.o
    0x08001cd4   0x08001cd4   0x00000004   PAD
    0x08001cd8   0x08001cd8   0x0000000c   Code   RO          195    .text.DMA1_Stream5_IRQHandler  stm32h7xx_it.o
    0x08001ce4   0x08001ce4   0x00000004   PAD
    0x08001ce8   0x08001ce8   0x00000118   Code   RO          573    .text.DMA_CalcBaseAndBitshift  stm32h7xx_hal_dma.o
    0x08001e00   0x08001e00   0x000002f4   Code   RO          579    .text.DMA_SetConfig  stm32h7xx_hal_dma.o
    0x080020f4   0x080020f4   0x00000004   PAD
    0x080020f8   0x080020f8   0x00000002   Code   RO          179    .text.DebugMon_Handler  stm32h7xx_it.o
    0x080020fa   0x080020fa   0x00000006   PAD
    0x08002100   0x08002100   0x00000006   Code   RO           17    .text.Error_Handler  main.o
    0x08002106   0x08002106   0x00000002   PAD
    0x08002108   0x08002108   0x0000002c   Code   RO         2010    .text.ExitRun0Mode  system_stm32h7xx.o
    0x08002134   0x08002134   0x00000004   PAD
    0x08002138   0x08002138   0x00000046   Code   RO         1274    .text.FMC_NORSRAM_Extended_Timing_Init  stm32h7xx_ll_fmc.o
    0x0800217e   0x0800217e   0x00000002   PAD
    0x08002180   0x08002180   0x0000008e   Code   RO         1268    .text.FMC_NORSRAM_Init  stm32h7xx_ll_fmc.o
    0x0800220e   0x0800220e   0x00000002   PAD
    0x08002210   0x08002210   0x00000056   Code   RO         1272    .text.FMC_NORSRAM_Timing_Init  stm32h7xx_ll_fmc.o
    0x08002266   0x08002266   0x00000002   PAD
    0x08002268   0x08002268   0x000000d6   Code   RO          288    .text.HAL_ADCEx_Calibration_Start  stm32h7xx_hal_adc_ex.o
    0x0800233e   0x0800233e   0x00000002   PAD
    0x08002340   0x08002340   0x00000002   Code   RO          326    .text.HAL_ADCEx_EndOfSamplingCallback  stm32h7xx_hal_adc_ex.o
    0x08002342   0x08002342   0x00000006   PAD
    0x08002348   0x08002348   0x00000002   Code   RO          318    .text.HAL_ADCEx_InjectedConvCpltCallback  stm32h7xx_hal_adc_ex.o
    0x0800234a   0x0800234a   0x00000006   PAD
    0x08002350   0x08002350   0x00000002   Code   RO          320    .text.HAL_ADCEx_InjectedQueueOverflowCallback  stm32h7xx_hal_adc_ex.o
    0x08002352   0x08002352   0x00000006   PAD
    0x08002358   0x08002358   0x00000002   Code   RO          322    .text.HAL_ADCEx_LevelOutOfWindow2Callback  stm32h7xx_hal_adc_ex.o
    0x0800235a   0x0800235a   0x00000006   PAD
    0x08002360   0x08002360   0x00000002   Code   RO          324    .text.HAL_ADCEx_LevelOutOfWindow3Callback  stm32h7xx_hal_adc_ex.o
    0x08002362   0x08002362   0x00000006   PAD
    0x08002368   0x08002368   0x000000b6   Code   RO          338    .text.HAL_ADCEx_MultiModeConfigChannel  stm32h7xx_hal_adc_ex.o
    0x0800241e   0x0800241e   0x00000002   PAD
    0x08002420   0x08002420   0x000006a4   Code   RO          272    .text.HAL_ADC_ConfigChannel  stm32h7xx_hal_adc.o
    0x08002ac4   0x08002ac4   0x00000004   PAD
    0x08002ac8   0x08002ac8   0x00000040   Code   RO         2029    .text.HAL_ADC_ConvCpltCallback  bsp.o
    0x08002b08   0x08002b08   0x00000002   Code   RO          270    .text.HAL_ADC_ConvHalfCpltCallback  stm32h7xx_hal_adc.o
    0x08002b0a   0x08002b0a   0x00000006   PAD
    0x08002b10   0x08002b10   0x00000002   Code   RO          268    .text.HAL_ADC_ErrorCallback  stm32h7xx_hal_adc.o
    0x08002b12   0x08002b12   0x00000006   PAD
    0x08002b18   0x08002b18   0x000002c2   Code   RO          262    .text.HAL_ADC_IRQHandler  stm32h7xx_hal_adc.o
    0x08002dda   0x08002dda   0x00000006   PAD
    0x08002de0   0x08002de0   0x000002d4   Code   RO          222    .text.HAL_ADC_Init  stm32h7xx_hal_adc.o
    0x080030b4   0x080030b4   0x00000004   PAD
    0x080030b8   0x080030b8   0x00000002   Code   RO          266    .text.HAL_ADC_LevelOutOfWindowCallback  stm32h7xx_hal_adc.o
    0x080030ba   0x080030ba   0x00000006   PAD
    0x080030c0   0x080030c0   0x0000014e   Code   RO           41    .text.HAL_ADC_MspInit  adc.o
    0x0800320e   0x0800320e   0x00000002   PAD
    0x08003210   0x08003210   0x00000134   Code   RO          250    .text.HAL_ADC_Start_DMA  stm32h7xx_hal_adc.o
    0x08003344   0x08003344   0x00000004   PAD
    0x08003348   0x08003348   0x00000084   Code   RO          258    .text.HAL_ADC_Stop_DMA  stm32h7xx_hal_adc.o
    0x080033cc   0x080033cc   0x00000004   PAD
    0x080033d0   0x080033d0   0x00000170   Code   RO         1210    .text.HAL_DAC_ConfigChannel  stm32h7xx_hal_dac.o
    0x08003540   0x08003540   0x0000002c   Code   RO         1174    .text.HAL_DAC_Init  stm32h7xx_hal_dac.o
    0x0800356c   0x0800356c   0x00000004   PAD
    0x08003570   0x08003570   0x00000068   Code   RO           60    .text.HAL_DAC_MspInit  dac.o
    0x080035d8   0x080035d8   0x000004e0   Code   RO          583    .text.HAL_DMA_Abort  stm32h7xx_hal_dma.o
    0x08003ab8   0x08003ab8   0x00000298   Code   RO          585    .text.HAL_DMA_Abort_IT  stm32h7xx_hal_dma.o
    0x08003d50   0x08003d50   0x000007be   Code   RO          589    .text.HAL_DMA_IRQHandler  stm32h7xx_hal_dma.o
    0x0800450e   0x0800450e   0x00000002   PAD
    0x08004510   0x08004510   0x0000064a   Code   RO          571    .text.HAL_DMA_Init  stm32h7xx_hal_dma.o
    0x08004b5a   0x08004b5a   0x00000006   PAD
    0x08004b60   0x08004b60   0x00000386   Code   RO          581    .text.HAL_DMA_Start_IT  stm32h7xx_hal_dma.o
    0x08004ee6   0x08004ee6   0x00000002   PAD
    0x08004ee8   0x08004ee8   0x00000028   Code   RO          877    .text.HAL_Delay     stm32h7xx_hal.o
    0x08004f10   0x08004f10   0x000001e0   Code   RO          517    .text.HAL_GPIO_Init  stm32h7xx_hal_gpio.o
    0x080050f0   0x080050f0   0x0000000a   Code   RO          521    .text.HAL_GPIO_ReadPin  stm32h7xx_hal_gpio.o
    0x080050fa   0x080050fa   0x00000006   PAD
    0x08005100   0x08005100   0x0000000a   Code   RO          523    .text.HAL_GPIO_WritePin  stm32h7xx_hal_gpio.o
    0x0800510a   0x0800510a   0x00000006   PAD
    0x08005110   0x08005110   0x0000000c   Code   RO          869    .text.HAL_GetTick   stm32h7xx_hal.o
    0x0800511c   0x0800511c   0x00000004   PAD
    0x08005120   0x08005120   0x0000001a   Code   RO          867    .text.HAL_IncTick   stm32h7xx_hal.o
    0x0800513a   0x0800513a   0x00000006   PAD
    0x08005140   0x08005140   0x00000064   Code   RO          857    .text.HAL_Init      stm32h7xx_hal.o
    0x080051a4   0x080051a4   0x00000004   PAD
    0x080051a8   0x080051a8   0x00000058   Code   RO          859    .text.HAL_InitTick  stm32h7xx_hal.o
    0x08005200   0x08005200   0x000001e2   Code   RO          665    .text.HAL_MDMA_IRQHandler  stm32h7xx_hal_mdma.o
    0x080053e2   0x080053e2   0x00000006   PAD
    0x080053e8   0x080053e8   0x000000ea   Code   RO          633    .text.HAL_MDMA_Init  stm32h7xx_hal_mdma.o
    0x080054d2   0x080054d2   0x00000006   PAD
    0x080054d8   0x080054d8   0x000001b6   Code   RO          661    .text.HAL_MDMA_PollForTransfer  stm32h7xx_hal_mdma.o
    0x0800568e   0x0800568e   0x00000002   PAD
    0x08005690   0x08005690   0x000000ea   Code   RO          653    .text.HAL_MDMA_Start  stm32h7xx_hal_mdma.o
    0x0800577a   0x0800577a   0x00000006   PAD
    0x08005780   0x08005780   0x0000005e   Code   RO          827    .text.HAL_MPU_ConfigRegion  stm32h7xx_hal_cortex.o
    0x080057de   0x080057de   0x00000002   PAD
    0x080057e0   0x080057e0   0x0000001a   Code   RO          819    .text.HAL_MPU_Disable  stm32h7xx_hal_cortex.o
    0x080057fa   0x080057fa   0x00000006   PAD
    0x08005800   0x08005800   0x00000020   Code   RO          821    .text.HAL_MPU_Enable  stm32h7xx_hal_cortex.o
    0x08005820   0x08005820   0x00000020   Code   RO          214    .text.HAL_MspInit   stm32h7xx_hal_msp.o
    0x08005840   0x08005840   0x00000022   Code   RO          809    .text.HAL_NVIC_EnableIRQ  stm32h7xx_hal_cortex.o
    0x08005862   0x08005862   0x00000006   PAD
    0x08005868   0x08005868   0x0000005a   Code   RO          807    .text.HAL_NVIC_SetPriority  stm32h7xx_hal_cortex.o
    0x080058c2   0x080058c2   0x00000006   PAD
    0x080058c8   0x080058c8   0x00000020   Code   RO          805    .text.HAL_NVIC_SetPriorityGrouping  stm32h7xx_hal_cortex.o
    0x080058e8   0x080058e8   0x00000048   Code   RO          721    .text.HAL_PWREx_ConfigSupply  stm32h7xx_hal_pwr_ex.o
    0x08005930   0x08005930   0x00000026   Code   RO          408    .text.HAL_RCCEx_GetD3PCLK1Freq  stm32h7xx_hal_rcc_ex.o
    0x08005956   0x08005956   0x00000002   PAD
    0x08005958   0x08005958   0x00000124   Code   RO          402    .text.HAL_RCCEx_GetPLL1ClockFreq  stm32h7xx_hal_rcc_ex.o
    0x08005a7c   0x08005a7c   0x00000004   PAD
    0x08005a80   0x08005a80   0x00000120   Code   RO          404    .text.HAL_RCCEx_GetPLL2ClockFreq  stm32h7xx_hal_rcc_ex.o
    0x08005ba0   0x08005ba0   0x00000120   Code   RO          406    .text.HAL_RCCEx_GetPLL3ClockFreq  stm32h7xx_hal_rcc_ex.o
    0x08005cc0   0x08005cc0   0x0000034c   Code   RO          400    .text.HAL_RCCEx_GetPeriphCLKFreq  stm32h7xx_hal_rcc_ex.o
    0x0800600c   0x0800600c   0x00000004   PAD
    0x08006010   0x08006010   0x00000946   Code   RO          392    .text.HAL_RCCEx_PeriphCLKConfig  stm32h7xx_hal_rcc_ex.o
    0x08006956   0x08006956   0x00000002   PAD
    0x08006958   0x08006958   0x0000024c   Code   RO          360    .text.HAL_RCC_ClockConfig  stm32h7xx_hal_rcc.o
    0x08006ba4   0x08006ba4   0x00000004   PAD
    0x08006ba8   0x08006ba8   0x0000004c   Code   RO          370    .text.HAL_RCC_GetHCLKFreq  stm32h7xx_hal_rcc.o
    0x08006bf4   0x08006bf4   0x00000004   PAD
    0x08006bf8   0x08006bf8   0x00000060   Code   RO          372    .text.HAL_RCC_GetPCLK1Freq  stm32h7xx_hal_rcc.o
    0x08006c58   0x08006c58   0x00000060   Code   RO          374    .text.HAL_RCC_GetPCLK2Freq  stm32h7xx_hal_rcc.o
    0x08006cb8   0x08006cb8   0x00000114   Code   RO          362    .text.HAL_RCC_GetSysClockFreq  stm32h7xx_hal_rcc.o
    0x08006dcc   0x08006dcc   0x00000004   PAD
    0x08006dd0   0x08006dd0   0x00000514   Code   RO          358    .text.HAL_RCC_OscConfig  stm32h7xx_hal_rcc.o
    0x080072e4   0x080072e4   0x00000004   PAD
    0x080072e8   0x080072e8   0x000001b4   Code   RO         1371    .text.HAL_SPI_Init  stm32h7xx_hal_spi.o
    0x0800749c   0x0800749c   0x00000004   PAD
    0x080074a0   0x080074a0   0x000000b0   Code   RO          111    .text.HAL_SPI_MspInit  spi.o
    0x08007550   0x08007550   0x00000248   Code   RO         1379    .text.HAL_SPI_Transmit  stm32h7xx_hal_spi.o
    0x08007798   0x08007798   0x0000006a   Code   RO         1321    .text.HAL_SRAM_Init  stm32h7xx_hal_sram.o
    0x08007802   0x08007802   0x00000006   PAD
    0x08007808   0x08007808   0x000000f4   Code   RO           84    .text.HAL_SRAM_MspInit  fmc.o
    0x080078fc   0x080078fc   0x00000004   PAD
    0x08007900   0x08007900   0x0000002c   Code   RO          817    .text.HAL_SYSTICK_Config  stm32h7xx_hal_cortex.o
    0x0800792c   0x0800792c   0x00000004   PAD
    0x08007930   0x08007930   0x00000002   Code   RO         1806    .text.HAL_TIMEx_Break2Callback  stm32h7xx_hal_tim_ex.o
    0x08007932   0x08007932   0x00000006   PAD
    0x08007938   0x08007938   0x00000002   Code   RO         1804    .text.HAL_TIMEx_BreakCallback  stm32h7xx_hal_tim_ex.o
    0x0800793a   0x0800793a   0x00000006   PAD
    0x08007940   0x08007940   0x00000002   Code   RO         1800    .text.HAL_TIMEx_CommutCallback  stm32h7xx_hal_tim_ex.o
    0x08007942   0x08007942   0x00000006   PAD
    0x08007948   0x08007948   0x000000de   Code   RO         1784    .text.HAL_TIMEx_MasterConfigSynchronization  stm32h7xx_hal_tim_ex.o
    0x08007a26   0x08007a26   0x00000002   PAD
    0x08007a28   0x08007a28   0x00000060   Code   RO         1487    .text.HAL_TIM_Base_Init  stm32h7xx_hal_tim.o
    0x08007a88   0x08007a88   0x0000006c   Code   RO          128    .text.HAL_TIM_Base_MspInit  tim.o
    0x08007af4   0x08007af4   0x00000004   PAD
    0x08007af8   0x08007af8   0x000000c2   Code   RO         1497    .text.HAL_TIM_Base_Start  stm32h7xx_hal_tim.o
    0x08007bba   0x08007bba   0x00000006   PAD
    0x08007bc0   0x08007bc0   0x000000ca   Code   RO         1501    .text.HAL_TIM_Base_Start_IT  stm32h7xx_hal_tim.o
    0x08007c8a   0x08007c8a   0x00000006   PAD
    0x08007c90   0x08007c90   0x0000002e   Code   RO         1499    .text.HAL_TIM_Base_Stop  stm32h7xx_hal_tim.o
    0x08007cbe   0x08007cbe   0x00000002   PAD
    0x08007cc0   0x08007cc0   0x00000002   Code   RO         1623    .text.HAL_TIM_IC_CaptureCallback  stm32h7xx_hal_tim.o
    0x08007cc2   0x08007cc2   0x00000006   PAD
    0x08007cc8   0x08007cc8   0x00000166   Code   RO         1621    .text.HAL_TIM_IRQHandler  stm32h7xx_hal_tim.o
    0x08007e2e   0x08007e2e   0x00000002   PAD
    0x08007e30   0x08007e30   0x00000002   Code   RO         1625    .text.HAL_TIM_OC_DelayElapsedCallback  stm32h7xx_hal_tim.o
    0x08007e32   0x08007e32   0x00000006   PAD
    0x08007e38   0x08007e38   0x00000002   Code   RO         1627    .text.HAL_TIM_PWM_PulseFinishedCallback  stm32h7xx_hal_tim.o
    0x08007e3a   0x08007e3a   0x00000006   PAD
    0x08007e40   0x08007e40   0x00000030   Code   RO         2027    .text.HAL_TIM_PeriodElapsedCallback  bsp.o
    0x08007e70   0x08007e70   0x00000002   Code   RO         1631    .text.HAL_TIM_TriggerCallback  stm32h7xx_hal_tim.o
    0x08007e72   0x08007e72   0x00000006   PAD
    0x08007e78   0x08007e78   0x00000036   Code   RO         1983    .text.HAL_UARTEx_DisableFifoMode  stm32h7xx_hal_uart_ex.o
    0x08007eae   0x08007eae   0x00000002   PAD
    0x08007eb0   0x08007eb0   0x00000096   Code   RO         1993    .text.HAL_UARTEx_ReceiveToIdle_DMA  stm32h7xx_hal_uart_ex.o
    0x08007f46   0x08007f46   0x00000002   PAD
    0x08007f48   0x08007f48   0x00000034   Code   RO         2025    .text.HAL_UARTEx_RxEventCallback  bsp.o
    0x08007f7c   0x08007f7c   0x00000004   PAD
    0x08007f80   0x08007f80   0x00000002   Code   RO         1969    .text.HAL_UARTEx_RxFifoFullCallback  stm32h7xx_hal_uart_ex.o
    0x08007f82   0x08007f82   0x00000006   PAD
    0x08007f88   0x08007f88   0x0000008c   Code   RO         1987    .text.HAL_UARTEx_SetRxFifoThreshold  stm32h7xx_hal_uart_ex.o
    0x08008014   0x08008014   0x00000004   PAD
    0x08008018   0x08008018   0x0000008c   Code   RO         1985    .text.HAL_UARTEx_SetTxFifoThreshold  stm32h7xx_hal_uart_ex.o
    0x080080a4   0x080080a4   0x00000004   PAD
    0x080080a8   0x080080a8   0x00000002   Code   RO         1971    .text.HAL_UARTEx_TxFifoEmptyCallback  stm32h7xx_hal_uart_ex.o
    0x080080aa   0x080080aa   0x00000006   PAD
    0x080080b0   0x080080b0   0x00000002   Code   RO         1967    .text.HAL_UARTEx_WakeupCallback  stm32h7xx_hal_uart_ex.o
    0x080080b2   0x080080b2   0x00000006   PAD
    0x080080b8   0x080080b8   0x00000002   Code   RO         1908    .text.HAL_UART_ErrorCallback  stm32h7xx_hal_uart.o
    0x080080ba   0x080080ba   0x00000006   PAD
    0x080080c0   0x080080c0   0x00000670   Code   RO         1904    .text.HAL_UART_IRQHandler  stm32h7xx_hal_uart.o
    0x08008730   0x08008730   0x00000064   Code   RO         1820    .text.HAL_UART_Init  stm32h7xx_hal_uart.o
    0x08008794   0x08008794   0x00000004   PAD
    0x08008798   0x08008798   0x000002a6   Code   RO          148    .text.HAL_UART_MspInit  usart.o
    0x08008a3e   0x08008a3e   0x00000002   PAD
    0x08008a40   0x08008a40   0x00000002   Code   RO         1916    .text.HAL_UART_RxCpltCallback  stm32h7xx_hal_uart.o
    0x08008a42   0x08008a42   0x00000006   PAD
    0x08008a48   0x08008a48   0x00000002   Code   RO         1918    .text.HAL_UART_RxHalfCpltCallback  stm32h7xx_hal_uart.o
    0x08008a4a   0x08008a4a   0x00000006   PAD
    0x08008a50   0x08008a50   0x0000010a   Code   RO         1840    .text.HAL_UART_Transmit  stm32h7xx_hal_uart.o
    0x08008b5a   0x08008b5a   0x00000006   PAD
    0x08008b60   0x08008b60   0x000000e2   Code   RO         1860    .text.HAL_UART_Transmit_DMA  stm32h7xx_hal_uart.o
    0x08008c42   0x08008c42   0x00000006   PAD
    0x08008c48   0x08008c48   0x00000002   Code   RO         1912    .text.HAL_UART_TxCpltCallback  stm32h7xx_hal_uart.o
    0x08008c4a   0x08008c4a   0x00000006   PAD
    0x08008c50   0x08008c50   0x00000002   Code   RO         1914    .text.HAL_UART_TxHalfCpltCallback  stm32h7xx_hal_uart.o
    0x08008c52   0x08008c52   0x00000006   PAD
    0x08008c58   0x08008c58   0x00000002   Code   RO          169    .text.HardFault_Handler  stm32h7xx_it.o
    0x08008c5a   0x08008c5a   0x00000006   PAD
    0x08008c60   0x08008c60   0x00000090   Code   RO         2079    .text.KEY_Read      bsp_gpio.o
    0x08008cf0   0x08008cf0   0x000000d8   Code   RO         2105    .text.LCD_Fill      bsp_lcd.o
    0x08008dc8   0x08008dc8   0x000000c8   Code   RO         2097    .text.LCD_Init      bsp_lcd.o
    0x08008e90   0x08008e90   0x000003ac   Code   RO         2107    .text.LCD_Print     bsp_lcd.o
    0x0800923c   0x0800923c   0x00000004   PAD
    0x08009240   0x08009240   0x000000b0   Code   RO         2099    .text.LCD_WriteRegData  bsp_lcd.o
    0x080092f0   0x080092f0   0x0000000c   Code   RO          205    .text.MDMA_IRQHandler  stm32h7xx_it.o
    0x080092fc   0x080092fc   0x00000004   PAD
    0x08009300   0x08009300   0x000000b2   Code   RO           37    .text.MX_ADC1_Init  adc.o
    0x080093b2   0x080093b2   0x00000006   PAD
    0x080093b8   0x080093b8   0x00000092   Code   RO           39    .text.MX_ADC2_Init  adc.o
    0x0800944a   0x0800944a   0x00000006   PAD
    0x08009450   0x08009450   0x00000066   Code   RO           58    .text.MX_DAC1_Init  dac.o
    0x080094b6   0x080094b6   0x00000002   PAD
    0x080094b8   0x080094b8   0x00000084   Code   RO           73    .text.MX_DMA_Init   dma.o
    0x0800953c   0x0800953c   0x00000004   PAD
    0x08009540   0x08009540   0x00000070   Code   RO           82    .text.MX_FMC_Init   fmc.o
    0x080095b0   0x080095b0   0x000001b0   Code   RO           28    .text.MX_GPIO_Init  gpio.o
    0x08009760   0x08009760   0x0000008a   Code   RO           99    .text.MX_MDMA_Init  mdma.o
    0x080097ea   0x080097ea   0x00000006   PAD
    0x080097f0   0x080097f0   0x00000062   Code   RO          109    .text.MX_SPI4_Init  spi.o
    0x08009852   0x08009852   0x00000006   PAD
    0x08009858   0x08009858   0x0000003c   Code   RO          126    .text.MX_TIM17_Init  tim.o
    0x08009894   0x08009894   0x00000004   PAD
    0x08009898   0x08009898   0x00000050   Code   RO          124    .text.MX_TIM6_Init  tim.o
    0x080098e8   0x080098e8   0x0000007c   Code   RO          142    .text.MX_USART1_UART_Init  usart.o
    0x08009964   0x08009964   0x00000004   PAD
    0x08009968   0x08009968   0x0000007c   Code   RO          144    .text.MX_USART2_UART_Init  usart.o
    0x080099e4   0x080099e4   0x00000004   PAD
    0x080099e8   0x080099e8   0x0000007c   Code   RO          146    .text.MX_USART6_UART_Init  usart.o
    0x08009a64   0x08009a64   0x00000004   PAD
    0x08009a68   0x08009a68   0x00000760   Code   RO         2023    .text.MainProcess   bsp.o
    0x0800a1c8   0x0800a1c8   0x00000002   Code   RO          171    .text.MemManage_Handler  stm32h7xx_it.o
    0x0800a1ca   0x0800a1ca   0x00000006   PAD
    0x0800a1d0   0x0800a1d0   0x00000002   Code   RO          167    .text.NMI_Handler   stm32h7xx_it.o
    0x0800a1d2   0x0800a1d2   0x00000006   PAD
    0x0800a1d8   0x0800a1d8   0x00000002   Code   RO          181    .text.PendSV_Handler  stm32h7xx_it.o
    0x0800a1da   0x0800a1da   0x00000006   PAD
    0x0800a1e0   0x0800a1e0   0x0000011e   Code   RO          394    .text.RCCEx_PLL2_Config  stm32h7xx_hal_rcc_ex.o
    0x0800a2fe   0x0800a2fe   0x00000002   PAD
    0x0800a300   0x0800a300   0x0000011e   Code   RO          396    .text.RCCEx_PLL3_Config  stm32h7xx_hal_rcc_ex.o
    0x0800a41e   0x0800a41e   0x00000002   PAD
    0x0800a420   0x0800a420   0x000000c4   Code   RO         1381    .text.SPI_CloseTransfer  stm32h7xx_hal_spi.o
    0x0800a4e4   0x0800a4e4   0x00000004   PAD
    0x0800a4e8   0x0800a4e8   0x00000002   Code   RO          177    .text.SVC_Handler   stm32h7xx_it.o
    0x0800a4ea   0x0800a4ea   0x00000006   PAD
    0x0800a4f0   0x0800a4f0   0x00000004   Code   RO          183    .text.SysTick_Handler  stm32h7xx_it.o
    0x0800a4f4   0x0800a4f4   0x00000004   PAD
    0x0800a4f8   0x0800a4f8   0x000000be   Code   RO           13    .text.SystemClock_Config  main.o
    0x0800a5b6   0x0800a5b6   0x00000002   PAD
    0x0800a5b8   0x0800a5b8   0x000000d2   Code   RO         2006    .text.SystemInit    system_stm32h7xx.o
    0x0800a68a   0x0800a68a   0x00000006   PAD
    0x0800a690   0x0800a690   0x0000000c   Code   RO          203    .text.TIM17_IRQHandler  stm32h7xx_it.o
    0x0800a69c   0x0800a69c   0x00000004   PAD
    0x0800a6a0   0x0800a6a0   0x0000015a   Code   RO         1491    .text.TIM_Base_SetConfig  stm32h7xx_hal_tim.o
    0x0800a7fa   0x0800a7fa   0x00000006   PAD
    0x0800a800   0x0800a800   0x000000e0   Code   RO         1824    .text.UART_AdvFeatureConfig  stm32h7xx_hal_uart.o
    0x0800a8e0   0x0800a8e0   0x0000016e   Code   RO         1828    .text.UART_CheckIdleState  stm32h7xx_hal_uart.o
    0x0800aa4e   0x0800aa4e   0x00000002   PAD
    0x0800aa50   0x0800aa50   0x00000006   Code   RO         1906    .text.UART_DMAAbortOnError  stm32h7xx_hal_uart.o
    0x0800aa56   0x0800aa56   0x00000002   PAD
    0x0800aa58   0x0800aa58   0x000001ea   Code   RO         1866    .text.UART_DMAError  stm32h7xx_hal_uart.o
    0x0800ac42   0x0800ac42   0x00000006   PAD
    0x0800ac48   0x0800ac48   0x00000196   Code   RO         1950    .text.UART_DMAReceiveCplt  stm32h7xx_hal_uart.o
    0x0800adde   0x0800adde   0x00000002   PAD
    0x0800ade0   0x0800ade0   0x00000036   Code   RO         1952    .text.UART_DMARxHalfCplt  stm32h7xx_hal_uart.o
    0x0800ae16   0x0800ae16   0x00000002   PAD
    0x0800ae18   0x0800ae18   0x000000b6   Code   RO         1862    .text.UART_DMATransmitCplt  stm32h7xx_hal_uart.o
    0x0800aece   0x0800aece   0x00000002   PAD
    0x0800aed0   0x0800aed0   0x00000006   Code   RO         1864    .text.UART_DMATxHalfCplt  stm32h7xx_hal_uart.o
    0x0800aed6   0x0800aed6   0x00000002   PAD
    0x0800aed8   0x0800aed8   0x0000047c   Code   RO         1826    .text.UART_SetConfig  stm32h7xx_hal_uart.o
    0x0800b354   0x0800b354   0x00000004   PAD
    0x0800b358   0x0800b358   0x00000154   Code   RO         1870    .text.UART_Start_Receive_DMA  stm32h7xx_hal_uart.o
    0x0800b4ac   0x0800b4ac   0x00000004   PAD
    0x0800b4b0   0x0800b4b0   0x00000306   Code   RO         1842    .text.UART_WaitOnFlagUntilTimeout  stm32h7xx_hal_uart.o
    0x0800b7b6   0x0800b7b6   0x00000002   PAD
    0x0800b7b8   0x0800b7b8   0x0000000c   Code   RO          199    .text.USART1_IRQHandler  stm32h7xx_it.o
    0x0800b7c4   0x0800b7c4   0x00000004   PAD
    0x0800b7c8   0x0800b7c8   0x0000000c   Code   RO          201    .text.USART2_IRQHandler  stm32h7xx_it.o
    0x0800b7d4   0x0800b7d4   0x00000004   PAD
    0x0800b7d8   0x0800b7d8   0x00000002   Code   RO          175    .text.UsageFault_Handler  stm32h7xx_it.o
    0x0800b7da   0x0800b7da   0x00000006   PAD
    0x0800b7e0   0x0800b7e0   0x0000020e   Code   RO           11    .text.main          main.o
    0x0800b9ee   0x0800b9ee   0x00000002   PAD
    0x0800b9f0   0x0800b9f0   0x0000005a   Code   RO         2149    .text.myADC_DualStart_DMA  bsp_adc.o
    0x0800ba4a   0x0800ba4a   0x00000006   PAD
    0x0800ba50   0x0800ba50   0x0000001a   Code   RO         2151    .text.myADC_DualStop_DMA  bsp_adc.o
    0x0800ba6a   0x0800ba6a   0x00000002   PAD
    0x0800ba6c   0x0800ba6c   0x00000028   Code   RO         2517    i.__0sprintf        mc_w.l(printfa.o)
    0x0800ba94   0x0800ba94   0x00000034   Code   RO         2520    i.__0vsnprintf      mc_w.l(printfa.o)
    0x0800bac8   0x0800bac8   0x0000000e   Code   RO         2640    i.__scatterload_copy  mc_w.l(handlers.o)
    0x0800bad6   0x0800bad6   0x00000002   Code   RO         2641    i.__scatterload_null  mc_w.l(handlers.o)
    0x0800bad8   0x0800bad8   0x0000000e   Code   RO         2642    i.__scatterload_zeroinit  mc_w.l(handlers.o)
    0x0800bae6   0x0800bae6   0x00000002   PAD
    0x0800bae8   0x0800bae8   0x00000184   Code   RO         2522    i._fp_digits        mc_w.l(printfa.o)
    0x0800bc6c   0x0800bc6c   0x000006dc   Code   RO         2523    i._printf_core      mc_w.l(printfa.o)
    0x0800c348   0x0800c348   0x00000024   Code   RO         2524    i._printf_post_padding  mc_w.l(printfa.o)
    0x0800c36c   0x0800c36c   0x0000002e   Code   RO         2525    i._printf_pre_padding  mc_w.l(printfa.o)
    0x0800c39a   0x0800c39a   0x00000016   Code   RO         2526    i._snputc           mc_w.l(printfa.o)
    0x0800c3b0   0x0800c3b0   0x0000000a   Code   RO         2527    i._sputc            mc_w.l(printfa.o)
    0x0800c3ba   0x0800c3ba   0x00000006   Data   RO         1955    .rodata..Lswitch.table.UART_SetConfig.7  stm32h7xx_hal_uart.o
    0x0800c3c0   0x0800c3c0   0x00000006   Data   RO         1956    .rodata..Lswitch.table.UART_SetConfig.9  stm32h7xx_hal_uart.o
    0x0800c3c6   0x0800c3c6   0x00000010   Data   RO         2014    .rodata.D1CorePrescTable  system_stm32h7xx.o
    0x0800c3d6   0x0800c3d6   0x00000016   Data   RO         2121    .rodata.LCD_1_80_inch  bsp_lcd.o
    0x0800c3ec   0x0800c3ec   0x00000010   Data   RO         2061    .rodata.LCD_Font_1206  bsp_font.o
    0x0800c3fc   0x0800c3fc   0x00000010   Data   RO         2067    .rodata.LCD_Font_1212  bsp_font.o
    0x0800c40c   0x0800c40c   0x00000018   Data   RO         1954    .rodata.UARTPrescTable  stm32h7xx_hal_uart.o
    0x0800c424   0x0800c424   0x00000010   Data   RO         1997    .rodata.cst8        stm32h7xx_hal_uart_ex.o
    0x0800c434   0x0800c434   0x00000357   Data   RO         2068    .rodata.font_1206   bsp_font.o
    0x0800c78b   0x0800c78b   0x00000180   Data   RO         2073    .rodata.font_1212   bsp_font.o
    0x0800c90b   0x0800c90b   0x00000004   Data   RO         2119    .rodata.lcd_dir_code  bsp_lcd.o
    0x0800c90f   0x0800c90f   0x000002ea   Data   RO         2034    .rodata.str1.1      bsp.o
    0x0800cbf9   0x0800cbf9   0x00000021   Data   RO         2065    .rodata.str1.1      bsp_font.o
    0x0800cc1a   0x0800cc1a   0x00000002   PAD
    0x0800cc1c   0x0800cc1c   0x000000af   Data   RO         2037    .rodata.str1.4      bsp.o
    0x0800cccb   0x0800cccb   0x00000001   PAD
    0x0800cccc   0x0800cccc   0x00000030   Data   RO         2639    Region$$Table       anon$$obj.o


    Execution Region RW_DTCM (Exec base: 0x20000000, Load base: 0x0800cd00, Size: 0x000013b8, Max: 0x00020000, ABSOLUTE)

    Exec Addr    Load Addr    Size         Type   Attr      Idx    E Section Name        Object

    0x20000000   0x0800cd00   0x00000004   Data   RW         2012    .data.SystemCoreClock  system_stm32h7xx.o
    0x20000004   0x0800cd04   0x00000004   Data   RW         2013    .data.SystemD2Clock  system_stm32h7xx.o
    0x20000008   0x0800cd08   0x00000020   Data   RW         2032    .data.blcd          bsp.o
    0x20000028   0x0800cd28   0x00000018   Data   RW         2033    .data.myDualADC     bsp.o
    0x20000040   0x0800cd40   0x00000001   Data   RW          966    .data.uwTickFreq    stm32h7xx_hal.o
    0x20000041   0x0800cd41   0x00000003   PAD
    0x20000044   0x0800cd44   0x00000004   Data   RW          965    .data.uwTickPrio    stm32h7xx_hal.o
    0x20000048        -       0x00000001   Zero   RW           89    .bss.FMC_Initialized  fmc.o
    0x20000049   0x0800cd48   0x00000003   PAD
    0x2000004c        -       0x00000004   Zero   RW           47    .bss.HAL_RCC_ADC12_CLK_ENABLED  adc.o
    0x20000050        -       0x00000002   Zero   RW         2083    .bss.KEY_Read.cnt   bsp_gpio.o
    0x20000052        -       0x00000001   Zero   RW         2084    .bss.KEY_Read.unionStatus  bsp_gpio.o
    0x20000053   0x0800cd48   0x00000001   PAD
    0x20000054        -       0x00000002   Zero   RW         2040    .bss.PeriodicProcess.timeCnt  bsp.o
    0x20000056        -       0x00000001   Zero   RW         2035    .bss.adc1_done      bsp.o
    0x20000057        -       0x00000001   Zero   RW         2036    .bss.adc2_done      bsp.o
    0x20000058        -       0x00000070   Zero   RW           45    .bss.hadc1          adc.o
    0x200000c8        -       0x00000070   Zero   RW           46    .bss.hadc2          adc.o
    0x20000138        -       0x00000014   Zero   RW           64    .bss.hdac1          dac.o
    0x2000014c        -       0x00000078   Zero   RW           48    .bss.hdma_adc1      adc.o
    0x200001c4        -       0x00000078   Zero   RW           49    .bss.hdma_adc2      adc.o
    0x2000023c        -       0x00000078   Zero   RW          155    .bss.hdma_usart1_rx  usart.o
    0x200002b4        -       0x00000078   Zero   RW          156    .bss.hdma_usart1_tx  usart.o
    0x2000032c        -       0x00000078   Zero   RW          157    .bss.hdma_usart2_rx  usart.o
    0x200003a4        -       0x00000078   Zero   RW          158    .bss.hdma_usart2_tx  usart.o
    0x2000041c        -       0x0000006c   Zero   RW          101    .bss.hmdma_mdma_channel0_sw_0  mdma.o
    0x20000488        -       0x00000088   Zero   RW          115    .bss.hspi4          spi.o
    0x20000510        -       0x0000004c   Zero   RW           88    .bss.hsram1         fmc.o
    0x2000055c        -       0x0000004c   Zero   RW          133    .bss.htim17         tim.o
    0x200005a8        -       0x0000004c   Zero   RW          132    .bss.htim6          tim.o
    0x200005f4        -       0x00000094   Zero   RW          152    .bss.huart1         usart.o
    0x20000688        -       0x00000094   Zero   RW          153    .bss.huart2         usart.o
    0x2000071c        -       0x00000094   Zero   RW          154    .bss.huart6         usart.o
    0x200007b0        -       0x00000800   Zero   RW         2248    .bss.sine_lut       dds.o
    0x20000fb0        -       0x00000004   Zero   RW          967    .bss.uwTick         stm32h7xx_hal.o
    0x20000fb4   0x0800cd48   0x00000004   PAD
    0x20000fb8        -       0x00000400   Zero   RW            1    STACK               startup_stm32h723xx.o


    Execution Region RW_AXI_SRAM (Exec base: 0x24000000, Load base: 0x0800cd60, Size: 0x00003900, Max: 0x00050000, ABSOLUTE, COMPRESSED[0x00000084])

    Exec Addr    Load Addr    Size         Type   Attr      Idx    E Section Name        Object

    0x24000000   COMPRESSED   0x00001920   Data   RW         2031    .axi_sram           bsp.o
    0x24001920   COMPRESSED   0x00001fe0   Data   RW         2177    .axi_sram           adc_capture.o


    Execution Region RW_D2_SRAM (Exec base: 0x30000000, Load base: 0x0800cde4, Size: 0x00000000, Max: 0x00008000, ABSOLUTE)

    **** No section assigned to this execution region ****


    Execution Region RW_D3_SRAM (Exec base: 0x38000000, Load base: 0x0800cde4, Size: 0x00000000, Max: 0x00004000, ABSOLUTE)

    **** No section assigned to this execution region ****


    Execution Region RW_BKUP_SRAM (Exec base: 0x38800000, Load base: 0x0800cde4, Size: 0x00000000, Max: 0x00001000, ABSOLUTE)

    **** No section assigned to this execution region ****


    Execution Region RW_FMC_RAM (Exec base: 0x60000000, Load base: 0x0800cde4, Size: 0x00000000, Max: 0x0000cf00, ABSOLUTE)

    **** No section assigned to this execution region ****


==============================================================================

Image component sizes


      Code (inc. data)   RO Data    RW Data    ZI Data      Debug   Object Name

       658          0          0          0        468      11038   adc.o
       370          0          0       8160          0       5129   adc_capture.o
      2052        212        921       6488          4      17234   bsp.o
      2444         16          0          0          0       4375   bsp_ad9959.o
       116          0          0          0          0       7472   bsp_adc.o
         0          0       1304          0          0       1218   bsp_font.o
       144          0          0          0          3       1894   bsp_gpio.o
      1532          0         26          0          0      18826   bsp_lcd.o
       218          0          0          0          0       7166   bsp_uart.o
       206          0          0          0         20       6373   dac.o
      1034         32          0          0       2048      47211   dds.o
       132          0          0          0          0       5421   dma.o
       356          0          0          0         77       8672   fmc.o
       432          0          0          0          0       3256   gpio.o
       722          0          0          0          0       7885   main.o
       138          0          0          0        108       7398   mdma.o
       274          0          0          0        136       8573   spi.o
        44         12        716          0       1024        860   startup_stm32h723xx.o
       266          0          0          5          4      15960   stm32h7xx_hal.o
      4466         12          0          0          0      29348   stm32h7xx_hal_adc.o
       406          0          0          0          0      31880   stm32h7xx_hal_adc_ex.o
       352          0          0          0          0      12455   stm32h7xx_hal_cortex.o
       412          0          0          0          0       9416   stm32h7xx_hal_dac.o
      7442         96          0          0          0      17491   stm32h7xx_hal_dma.o
       500          0          0          0          0       7223   stm32h7xx_hal_gpio.o
      1388          0          0          0          0      15293   stm32h7xx_hal_mdma.o
        32          0          0          0          0       2239   stm32h7xx_hal_msp.o
        72          0          0          0          0       9672   stm32h7xx_hal_pwr_ex.o
      2432         24          0          0          0      11512   stm32h7xx_hal_rcc.o
      4696        210          0          0          0      18778   stm32h7xx_hal_rcc_ex.o
      1216          0          0          0          0      22765   stm32h7xx_hal_spi.o
       106          0          0          0          0      13942   stm32h7xx_hal_sram.o
      1250          0          0          0          0      65387   stm32h7xx_hal_tim.o
       228          0          0          0          0      26646   stm32h7xx_hal_tim_ex.o
      6246        330         36          0          0      42964   stm32h7xx_hal_uart.o
       490          0         16          0          0      11255   stm32h7xx_hal_uart_ex.o
       170          0          0          0          0      11143   stm32h7xx_it.o
       298          0          0          0          0       9205   stm32h7xx_ll_fmc.o
       254          0         16          8          0       5672   system_stm32h7xx.o
       248          0          0          0        152       9962   tim.o
      1050          0          0          0        924      12732   usart.o

    ----------------------------------------------------------------------
     45520        960       3086      14664       4976     582941   Object Totals
         0          0         48          0          0          0   (incl. Generated)
       628         16          3          3          8          0   (incl. Padding)

    ----------------------------------------------------------------------

      Code (inc. data)   RO Data    RW Data    ZI Data      Debug   Library Member Name

        58          0          0          0          0          0   __dczerorl.o
         0          0          0          0          0          0   entry.o
         0          0          0          0          0          0   entry10a.o
         0          0          0          0          0          0   entry11a.o
         8          4          0          0          0          0   entry2.o
         4          0          0          0          0          0   entry5.o
         0          0          0          0          0          0   entry7b.o
         0          0          0          0          0          0   entry8b.o
         8          4          0          0          0          0   entry9a.o
        30          0          0          0          0          0   handlers.o
        48         10          0          0          0         68   init.o
         0          0          0          0          0          0   iusefp.o
        30          0          0          0          0         68   llshl.o
        36          0          0          0          0         68   llsshr.o
        32          0          0          0          0         68   llushr.o
        36          0          0          0          0        108   memseta.o
      2350         92          0          0          0        668   printfa.o
        14          0          0          0          0         68   strlen.o
        44          0          0          0          0         80   uidiv.o
        98          0          0          0          0         92   uldiv.o
        48          0          0          0          0         68   cdrcmple.o
       334          0          0          0          0        148   dadd.o
       222          0          0          0          0        100   ddiv.o
       186          0          0          0          0        176   depilogue.o
        48          0          0          0          0         68   dfixul.o
       228          0          0          0          0         96   dmul.o

    ----------------------------------------------------------------------
      3870        110          0          0          0       1944   Library Totals
         8          0          0          0          0          0   (incl. Padding)

    ----------------------------------------------------------------------

      Code (inc. data)   RO Data    RW Data    ZI Data      Debug   Library Name

      2796        110          0          0          0       1288   mc_w.l
      1066          0          0          0          0        656   mf_w.l

    ----------------------------------------------------------------------
      3870        110          0          0          0       1944   Library Totals

    ----------------------------------------------------------------------

==============================================================================


      Code (inc. data)   RO Data    RW Data    ZI Data      Debug   

     49390       1070       3086      14664       4976     583421   Grand Totals
     49390       1070       3086        204       4976     583421   ELF Image Totals (compressed)
     49390       1070       3086        204          0          0   ROM Totals

==============================================================================

    Total RO  Size (Code + RO Data)                52476 (  51.25kB)
    Total RW  Size (RW Data + ZI Data)             19640 (  19.18kB)
    Total ROM Size (Code + RO Data + RW Data)      52680 (  51.45kB)

==============================================================================

