Component: ARM Compiler 5.05 update 1 (build 106) Tool: armlink [4d0efa]

==============================================================================

Section Cross References

    startup_stm32g474xx.o(STACK) refers (Special) to heapauxi.o(.text) for __use_two_region_memory
    startup_stm32g474xx.o(HEAP) refers (Special) to heapauxi.o(.text) for __use_two_region_memory
    startup_stm32g474xx.o(RESET) refers (Special) to heapauxi.o(.text) for __use_two_region_memory
    startup_stm32g474xx.o(RESET) refers to startup_stm32g474xx.o(STACK) for __initial_sp
    startup_stm32g474xx.o(RESET) refers to startup_stm32g474xx.o(.text) for Reset_Handler
    startup_stm32g474xx.o(RESET) refers to stm32g4xx_it.o(i.NMI_Handler) for NMI_Handler
    startup_stm32g474xx.o(RESET) refers to stm32g4xx_it.o(i.HardFault_Handler) for HardFault_Handler
    startup_stm32g474xx.o(RESET) refers to stm32g4xx_it.o(i.MemManage_Handler) for MemManage_Handler
    startup_stm32g474xx.o(RESET) refers to stm32g4xx_it.o(i.BusFault_Handler) for BusFault_Handler
    startup_stm32g474xx.o(RESET) refers to stm32g4xx_it.o(i.UsageFault_Handler) for UsageFault_Handler
    startup_stm32g474xx.o(RESET) refers to stm32g4xx_it.o(i.SVC_Handler) for SVC_Handler
    startup_stm32g474xx.o(RESET) refers to stm32g4xx_it.o(i.DebugMon_Handler) for DebugMon_Handler
    startup_stm32g474xx.o(RESET) refers to stm32g4xx_it.o(i.PendSV_Handler) for PendSV_Handler
    startup_stm32g474xx.o(RESET) refers to stm32g4xx_it.o(i.SysTick_Handler) for SysTick_Handler
    startup_stm32g474xx.o(RESET) refers to stm32g4xx_it.o(i.DMA1_Channel1_IRQHandler) for DMA1_Channel1_IRQHandler
    startup_stm32g474xx.o(RESET) refers to stm32g4xx_it.o(i.DMA1_Channel2_IRQHandler) for DMA1_Channel2_IRQHandler
    startup_stm32g474xx.o(RESET) refers to stm32g4xx_it.o(i.DMA1_Channel3_IRQHandler) for DMA1_Channel3_IRQHandler
    startup_stm32g474xx.o(RESET) refers to stm32g4xx_it.o(i.DMA1_Channel4_IRQHandler) for DMA1_Channel4_IRQHandler
    startup_stm32g474xx.o(RESET) refers to stm32g4xx_it.o(i.ADC1_2_IRQHandler) for ADC1_2_IRQHandler
    startup_stm32g474xx.o(RESET) refers to stm32g4xx_it.o(i.TIM1_TRG_COM_TIM17_IRQHandler) for TIM1_TRG_COM_TIM17_IRQHandler
    startup_stm32g474xx.o(RESET) refers to stm32g4xx_it.o(i.USART1_IRQHandler) for USART1_IRQHandler
    startup_stm32g474xx.o(.text) refers (Special) to heapauxi.o(.text) for __use_two_region_memory
    startup_stm32g474xx.o(.text) refers to system_stm32g4xx.o(i.SystemInit) for SystemInit
    startup_stm32g474xx.o(.text) refers to __main.o(!!!main) for __main
    startup_stm32g474xx.o(.text) refers to startup_stm32g474xx.o(HEAP) for Heap_Mem
    startup_stm32g474xx.o(.text) refers to startup_stm32g474xx.o(STACK) for Stack_Mem
    main.o(i.SystemClock_Config) refers to rt_memclr_w.o(.text) for __aeabi_memclr4
    main.o(i.SystemClock_Config) refers to stm32g4xx_hal_pwr_ex.o(i.HAL_PWREx_ControlVoltageScaling) for HAL_PWREx_ControlVoltageScaling
    main.o(i.SystemClock_Config) refers to stm32g4xx_hal_rcc.o(i.HAL_RCC_OscConfig) for HAL_RCC_OscConfig
    main.o(i.SystemClock_Config) refers to stm32g4xx_hal_rcc.o(i.HAL_RCC_ClockConfig) for HAL_RCC_ClockConfig
    main.o(i.main) refers to stm32g4xx_hal.o(i.HAL_Init) for HAL_Init
    main.o(i.main) refers to main.o(i.SystemClock_Config) for SystemClock_Config
    main.o(i.main) refers to gpio.o(i.MX_GPIO_Init) for MX_GPIO_Init
    main.o(i.main) refers to dma.o(i.MX_DMA_Init) for MX_DMA_Init
    main.o(i.main) refers to adc.o(i.MX_ADC1_Init) for MX_ADC1_Init
    main.o(i.main) refers to tim.o(i.MX_TIM17_Init) for MX_TIM17_Init
    main.o(i.main) refers to usart.o(i.MX_USART1_UART_Init) for MX_USART1_UART_Init
    main.o(i.main) refers to adc.o(i.MX_ADC2_Init) for MX_ADC2_Init
    main.o(i.main) refers to spi.o(i.MX_SPI4_Init) for MX_SPI4_Init
    main.o(i.main) refers to tim.o(i.MX_TIM6_Init) for MX_TIM6_Init
    main.o(i.main) refers to bsp.o(i.MainProcess) for MainProcess
    gpio.o(i.MX_GPIO_Init) refers to rt_memclr_w.o(.text) for __aeabi_memclr4
    gpio.o(i.MX_GPIO_Init) refers to stm32g4xx_hal_gpio.o(i.HAL_GPIO_WritePin) for HAL_GPIO_WritePin
    gpio.o(i.MX_GPIO_Init) refers to stm32g4xx_hal_gpio.o(i.HAL_GPIO_Init) for HAL_GPIO_Init
    adc.o(i.HAL_ADC_MspDeInit) refers to stm32g4xx_hal_gpio.o(i.HAL_GPIO_DeInit) for HAL_GPIO_DeInit
    adc.o(i.HAL_ADC_MspDeInit) refers to stm32g4xx_hal_dma.o(i.HAL_DMA_DeInit) for HAL_DMA_DeInit
    adc.o(i.HAL_ADC_MspDeInit) refers to adc.o(.data) for .data
    adc.o(i.HAL_ADC_MspInit) refers to rt_memclr_w.o(.text) for __aeabi_memclr4
    adc.o(i.HAL_ADC_MspInit) refers to stm32g4xx_hal_rcc_ex.o(i.HAL_RCCEx_PeriphCLKConfig) for HAL_RCCEx_PeriphCLKConfig
    adc.o(i.HAL_ADC_MspInit) refers to main.o(i.Error_Handler) for Error_Handler
    adc.o(i.HAL_ADC_MspInit) refers to stm32g4xx_hal_gpio.o(i.HAL_GPIO_Init) for HAL_GPIO_Init
    adc.o(i.HAL_ADC_MspInit) refers to stm32g4xx_hal_cortex.o(i.HAL_NVIC_SetPriority) for HAL_NVIC_SetPriority
[...]
    _call_atexit_fns                          - Undefined Weak Reference
    _clock_init                               - Undefined Weak Reference
    _fp_trap_init                             - Undefined Weak Reference
    _fp_trap_shutdown                         - Undefined Weak Reference
    _get_lc_collate                           - Undefined Weak Reference
    _get_lc_monetary                          - Undefined Weak Reference
    _get_lc_time                              - Undefined Weak Reference
    _getenv_init                              - Undefined Weak Reference
    _handle_redirection                       - Undefined Weak Reference
    _init_alloc                               - Undefined Weak Reference
    _init_user_alloc                          - Undefined Weak Reference
    _initio                                   - Undefined Weak Reference
    _printf_mbtowc                            - Undefined Weak Reference
    _printf_wc                                - Undefined Weak Reference
    _rand_init                                - Undefined Weak Reference
    _signal_finish                            - Undefined Weak Reference
    _signal_init                              - Undefined Weak Reference
    _terminate_alloc                          - Undefined Weak Reference
    _terminate_user_alloc                     - Undefined Weak Reference
    _terminateio                              - Undefined Weak Reference
    __Vectors_Size                           0x000001d8   Number         0  startup_stm32g474xx.o ABSOLUTE
    __Vectors                                0x08000000   Data           4  startup_stm32g474xx.o(RESET)
    __Vectors_End                            0x080001d8   Data           0  startup_stm32g474xx.o(RESET)
    __main                                   0x080001d9   Thumb Code     8  __main.o(!!!main)
    __scatterload                            0x080001e1   Thumb Code     0  __scatter.o(!!!scatter)
    __scatterload_rt2                        0x080001e1   Thumb Code    44  __scatter.o(!!!scatter)
    __scatterload_rt2_thumb_only             0x080001e1   Thumb Code     0  __scatter.o(!!!scatter)
    __scatterload_null                       0x080001ef   Thumb Code     0  __scatter.o(!!!scatter)
    __scatterload_copy                       0x08000215   Thumb Code    26  __scatter_copy.o(!!handler_copy)
    __scatterload_zeroinit                   0x08000231   Thumb Code    28  __scatter_zi.o(!!handler_zi)
    _printf_n                                0x0800024d   Thumb Code     0  _printf_n.o(.ARM.Collect$$_printf_percent$$00000001)
    _printf_percent                          0x0800024d   Thumb Code     0  _printf_percent.o(.ARM.Collect$$_printf_percent$$00000000)
    _printf_p                                0x08000253   Thumb Code     0  _printf_p.o(.ARM.Collect$$_printf_percent$$00000002)
    _printf_f                                0x08000259   Thumb Code     0  _printf_f.o(.ARM.Collect$$_printf_percent$$00000003)
    _printf_e                                0x0800025f   Thumb Code     0  _printf_e.o(.ARM.Collect$$_printf_percent$$00000004)
    _printf_g                                0x08000265   Thumb Code     0  _printf_g.o(.ARM.Collect$$_printf_percent$$00000005)
    _printf_a                                0x0800026b   Thumb Code     0  _printf_a.o(.ARM.Collect$$_printf_percent$$00000006)
    _printf_ll                               0x08000271   Thumb Code     0  _printf_ll.o(.ARM.Collect$$_printf_percent$$00000007)
    _printf_i                                0x0800027b   Thumb Code     0  _printf_i.o(.ARM.Collect$$_printf_percent$$00000008)
    _printf_d                                0x08000281   Thumb Code     0  _printf_d.o(.ARM.Collect$$_printf_percent$$00000009)
    _printf_u                                0x08000287   Thumb Code     0  _printf_u.o(.ARM.Collect$$_printf_percent$$0000000A)
    _printf_o                                0x0800028d   Thumb Code     0  _printf_o.o(.ARM.Collect$$_printf_percent$$0000000B)
    _printf_x                                0x08000293   Thumb Code     0  _printf_x.o(.ARM.Collect$$_printf_percent$$0000000C)
    _printf_lli                              0x08000299   Thumb Code     0  _printf_lli.o(.ARM.Collect$$_printf_percent$$0000000D)
    _printf_lld                              0x0800029f   Thumb Code     0  _printf_lld.o(.ARM.Collect$$_printf_percent$$0000000E)
    _printf_llu                              0x080002a5   Thumb Code     0  _printf_llu.o(.ARM.Collect$$_printf_percent$$0000000F)
    _printf_llo                              0x080002ab   Thumb Code     0  _printf_llo.o(.ARM.Collect$$_printf_percent$$00000010)
    _printf_llx                              0x080002b1   Thumb Code     0  _printf_llx.o(.ARM.Collect$$_printf_percent$$00000011)
    _printf_l                                0x080002b7   Thumb Code     0  _printf_l.o(.ARM.Collect$$_printf_percent$$00000012)
    _printf_c                                0x080002c1   Thumb Code     0  _printf_c.o(.ARM.Collect$$_printf_percent$$00000013)
    _printf_s                                0x080002c7   Thumb Code     0  _printf_s.o(.ARM.Collect$$_printf_percent$$00000014)
    _printf_lc                               0x080002cd   Thumb Code     0  _printf_lc.o(.ARM.Collect$$_printf_percent$$00000015)
    _printf_ls                               0x080002d3   Thumb Code     0  _printf_ls.o(.ARM.Collect$$_printf_percent$$00000016)
    _printf_percent_end                      0x080002d9   Thumb Code     0  _printf_percent_end.o(.ARM.Collect$$_printf_percent$$00000017)
    __rt_lib_init                            0x080002dd   Thumb Code     0  libinit.o(.ARM.Collect$$libinit$$00000000)
    __rt_lib_init_fp_1                       0x080002df   Thumb Code     0  libinit2.o(.ARM.Collect$$libinit$$00000001)
    __rt_lib_init_heap_1                     0x080002e3   Thumb Code     0  libinit2.o(.ARM.Collect$$libinit$$0000000A)
    __rt_lib_init_lc_common                  0x080002e3   Thumb Code     0  libinit2.o(.ARM.Collect$$libinit$$0000000F)
    __rt_lib_init_preinit_1                  0x080002e3   Thumb Code     0  libinit2.o(.ARM.Collect$$libinit$$00000004)
    __rt_lib_init_rand_1                     0x080002e3   Thumb Code     0  libinit2.o(.ARM.Collect$$libinit$$0000000E)
    __rt_lib_init_user_alloc_1               0x080002e3   Thumb Code     0  libinit2.o(.ARM.Collect$$libinit$$0000000C)
    __rt_lib_init_lc_collate_1               0x080002e9   Thumb Code     0  libinit2.o(.ARM.Collect$$libinit$$00000011)
    __rt_lib_init_lc_ctype_2                 0x080002e9   Thumb Code     0  libinit2.o(.ARM.Collect$$libinit$$00000012)
    __rt_lib_init_lc_ctype_1                 0x080002f5   Thumb Code     0  libinit2.o(.ARM.Collect$$libinit$$00000013)
    __rt_lib_init_lc_monetary_1              0x080002f5   Thumb Code     0  libinit2.o(.ARM.Collect$$libinit$$00000015)
    __rt_lib_init_lc_numeric_2               0x080002f5   Thumb Code     0  libinit2.o(.ARM.Collect$$libinit$$00000016)
    __rt_lib_init_alloca_1                   0x080002ff   Thumb Code     0  libinit2.o(.ARM.Collect$$libinit$$0000002E)
    __rt_lib_init_argv_1                     0x080002ff   Thumb Code     0  libinit2.o(.ARM.Collect$$libinit$$0000002C)
    __rt_lib_init_atexit_1                   0x080002ff   Thumb Code     0  libinit2.o(.ARM.Collect$$libinit$$0000001B)
    __rt_lib_init_clock_1                    0x080002ff   Thumb Code     0  libinit2.o(.ARM.Collect$$libinit$$00000021)
    __rt_lib_init_cpp_1                      0x080002ff   Thumb Code     0  libinit2.o(.ARM.Collect$$libinit$$00000032)
    __rt_lib_init_exceptions_1               0x080002ff   Thumb Code     0  libinit2.o(.ARM.Collect$$libinit$$00000030)
    __rt_lib_init_fp_trap_1                  0x080002ff   Thumb Code     0  libinit2.o(.ARM.Collect$$libinit$$0000001F)
    __rt_lib_init_getenv_1                   0x080002ff   Thumb Code     0  libinit2.o(.ARM.Collect$$libinit$$00000023)
    __rt_lib_init_lc_numeric_1               0x080002ff   Thumb Code     0  libinit2.o(.ARM.Collect$$libinit$$00000017)
    __rt_lib_init_lc_time_1                  0x080002ff   Thumb Code     0  libinit2.o(.ARM.Collect$$libinit$$00000019)
    __rt_lib_init_return                     0x080002ff   Thumb Code     0  libinit2.o(.ARM.Collect$$libinit$$00000033)
    __rt_lib_init_signal_1                   0x080002ff   Thumb Code     0  libinit2.o(.ARM.Collect$$libinit$$0000001D)
    __rt_lib_init_stdio_1                    0x080002ff   Thumb Code     0  libinit2.o(.ARM.Collect$$libinit$$00000025)
    __rt_lib_shutdown                        0x08000301   Thumb Code     0  libshutdown.o(.ARM.Collect$$libshutdown$$00000000)
    __rt_lib_shutdown_fp_trap_1              0x08000303   Thumb Code     0  libshutdown2.o(.ARM.Collect$$libshutdown$$00000006)
    __rt_lib_shutdown_heap_1                 0x08000303   Thumb Code     0  libshutdown2.o(.ARM.Collect$$libshutdown$$0000000E)
    __rt_lib_shutdown_return                 0x08000303   Thumb Code     0  libshutdown2.o(.ARM.Collect$$libshutdown$$0000000F)
    __rt_lib_shutdown_signal_1               0x08000303   Thumb Code     0  libshutdown2.o(.ARM.Collect$$libshutdown$$00000009)
    __rt_lib_shutdown_stdio_1                0x08000303   Thumb Code     0  libshutdown2.o(.ARM.Collect$$libshutdown$$00000003)
    __rt_lib_shutdown_user_alloc_1           0x08000303   Thumb Code     0  libshutdown2.o(.ARM.Collect$$libshutdown$$0000000B)
    __rt_entry                               0x08000305   Thumb Code     0  __rtentry.o(.ARM.Collect$$rtentry$$00000000)
    __rt_entry_presh_1                       0x08000305   Thumb Code     0  __rtentry2.o(.ARM.Collect$$rtentry$$00000002)
    __rt_entry_sh                            0x08000305   Thumb Code     0  __rtentry4.o(.ARM.Collect$$rtentry$$00000004)
    __rt_entry_li                            0x0800030b   Thumb Code     0  __rtentry2.o(.ARM.Collect$$rtentry$$0000000A)
    __rt_entry_postsh_1                      0x0800030b   Thumb Code     0  __rtentry2.o(.ARM.Collect$$rtentry$$00000009)
    __rt_entry_main                          0x0800030f   Thumb Code     0  __rtentry2.o(.ARM.Collect$$rtentry$$0000000D)
    __rt_entry_postli_1                      0x0800030f   Thumb Code     0  __rtentry2.o(.ARM.Collect$$rtentry$$0000000C)
    __rt_exit                                0x08000317   Thumb Code     0  rtexit.o(.ARM.Collect$$rtexit$$00000000)
    __rt_exit_ls                             0x08000319   Thumb Code     0  rtexit2.o(.ARM.Collect$$rtexit$$00000003)
    __rt_exit_prels_1                        0x08000319   Thumb Code     0  rtexit2.o(.ARM.Collect$$rtexit$$00000002)
    __rt_exit_exit                           0x0800031d   Thumb Code     0  rtexit2.o(.ARM.Collect$$rtexit$$00000004)
    Reset_Handler                            0x08000325   Thumb Code     8  startup_stm32g474xx.o(.text)
    ADC3_IRQHandler                          0x0800033f   Thumb Code     0  startup_stm32g474xx.o(.text)
    ADC4_IRQHandler                          0x0800033f   Thumb Code     0  startup_stm32g474xx.o(.text)
    ADC5_IRQHandler                          0x0800033f   Thumb Code     0  startup_stm32g474xx.o(.text)
    COMP1_2_3_IRQHandler                     0x0800033f   Thumb Code     0  startup_stm32g474xx.o(.text)
    COMP4_5_6_IRQHandler                     0x0800033f   Thumb Code     0  startup_stm32g474xx.o(.text)
    COMP7_IRQHandler                         0x0800033f   Thumb Code     0  startup_stm32g474xx.o(.text)
    CORDIC_IRQHandler                        0x0800033f   Thumb Code     0  startup_stm32g474xx.o(.text)
    CRS_IRQHandler                           0x0800033f   Thumb Code     0  startup_stm32g474xx.o(.text)
    DMA1_Channel5_IRQHandler                 0x0800033f   Thumb Code     0  startup_stm32g474xx.o(.text)
    DMA1_Channel6_IRQHandler                 0x0800033f   Thumb Code     0  startup_stm32g474xx.o(.text)
    DMA1_Channel7_IRQHandler                 0x0800033f   Thumb Code     0  startup_stm32g474xx.o(.text)
    DMA1_Channel8_IRQHandler                 0x0800033f   Thumb Code     0  startup_stm32g474xx.o(.text)
    DMA2_Channel1_IRQHandler                 0x0800033f   Thumb Code     0  startup_stm32g474xx.o(.text)
    DMA2_Channel2_IRQHandler                 0x0800033f   Thumb Code     0  startup_stm32g474xx.o(.text)
    DMA2_Channel3_IRQHandler                 0x0800033f   Thumb Code     0  startup_stm32g474xx.o(.text)
    DMA2_Channel4_IRQHandler                 0x0800033f   Thumb Code     0  startup_stm32g474xx.o(.text)
    DMA2_Channel5_IRQHandler                 0x0800033f   Thumb Code     0  startup_stm32g474xx.o(.text)
    DMA2_Channel6_IRQHandler                 0x0800033f   Thumb Code     0  startup_stm32g474xx.o(.text)
    DMA2_Channel7_IRQHandler                 0x0800033f   Thumb Code     0  startup_stm32g474xx.o(.text)
    DMA2_Channel8_IRQHandler                 0x0800033f   Thumb Code     0  startup_stm32g474xx.o(.text)
    DMAMUX_OVR_IRQHandler                    0x0800033f   Thumb Code     0  startup_stm32g474xx.o(.text)
    EXTI0_IRQHandler                         0x0800033f   Thumb Code     0  startup_stm32g474xx.o(.text)
    EXTI15_10_IRQHandler                     0x0800033f   Thumb Code     0  startup_stm32g474xx.o(.text)
    EXTI1_IRQHandler                         0x0800033f   Thumb Code     0  startup_stm32g474xx.o(.text)
    EXTI2_IRQHandler                         0x0800033f   Thumb Code     0  startup_stm32g474xx.o(.text)
    EXTI3_IRQHandler                         0x0800033f   Thumb Code     0  startup_stm32g474xx.o(.text)
    EXTI4_IRQHandler                         0x0800033f   Thumb Code     0  startup_stm32g474xx.o(.text)
    EXTI9_5_IRQHandler                       0x0800033f   Thumb Code     0  startup_stm32g474xx.o(.text)
    FDCAN1_IT0_IRQHandler                    0x0800033f   Thumb Code     0  startup_stm32g474xx.o(.text)
    FDCAN1_IT1_IRQHandler                    0x0800033f   Thumb Code     0  startup_stm32g474xx.o(.text)
    FDCAN2_IT0_IRQHandler                    0x0800033f   Thumb Code     0  startup_stm32g474xx.o(.text)
    FDCAN2_IT1_IRQHandler                    0x0800033f   Thumb Code     0  startup_stm32g474xx.o(.text)
    FDCAN3_IT0_IRQHandler                    0x0800033f   Thumb Code     0  startup_stm32g474xx.o(.text)
    FDCAN3_IT1_IRQHandler                    0x0800033f   Thumb Code     0  startup_stm32g474xx.o(.text)
    FLASH_IRQHandler                         0x0800033f   Thumb Code     0  startup_stm32g474xx.o(.text)
    FMAC_IRQHandler                          0x0800033f   Thumb Code     0  startup_stm32g474xx.o(.text)
    FMC_IRQHandler                           0x0800033f   Thumb Code     0  startup_stm32g474xx.o(.text)
    FPU_IRQHandler                           0x0800033f   Thumb Code     0  startup_stm32g474xx.o(.text)
    HRTIM1_FLT_IRQHandler                    0x0800033f   Thumb Code     0  startup_stm32g474xx.o(.text)
    HRTIM1_Master_IRQHandler                 0x0800033f   Thumb Code     0  startup_stm32g474xx.o(.text)
    HRTIM1_TIMA_IRQHandler                   0x0800033f   Thumb Code     0  startup_stm32g474xx.o(.text)
    HRTIM1_TIMB_IRQHandler                   0x0800033f   Thumb Code     0  startup_stm32g474xx.o(.text)
    HRTIM1_TIMC_IRQHandler                   0x0800033f   Thumb Code     0  startup_stm32g474xx.o(.text)
    HRTIM1_TIMD_IRQHandler                   0x0800033f   Thumb Code     0  startup_stm32g474xx.o(.text)
    HRTIM1_TIME_IRQHandler                   0x0800033f   Thumb Code     0  startup_stm32g474xx.o(.text)
    HRTIM1_TIMF_IRQHandler                   0x0800033f   Thumb Code     0  startup_stm32g474xx.o(.text)
    I2C1_ER_IRQHandler                       0x0800033f   Thumb Code     0  startup_stm32g474xx.o(.text)
    I2C1_EV_IRQHandler                       0x0800033f   Thumb Code     0  startup_stm32g474xx.o(.text)
    I2C2_ER_IRQHandler                       0x0800033f   Thumb Code     0  startup_stm32g474xx.o(.text)
    I2C2_EV_IRQHandler                       0x0800033f   Thumb Code     0  startup_stm32g474xx.o(.text)
    I2C3_ER_IRQHandler                       0x0800033f   Thumb Code     0  startup_stm32g474xx.o(.text)
    I2C3_EV_IRQHandler                       0x0800033f   Thumb Code     0  startup_stm32g474xx.o(.text)
    I2C4_ER_IRQHandler                       0x0800033f   Thumb Code     0  startup_stm32g474xx.o(.text)
    I2C4_EV_IRQHandler                       0x0800033f   Thumb Code     0  startup_stm32g474xx.o(.text)
    LPTIM1_IRQHandler                        0x0800033f   Thumb Code     0  startup_stm32g474xx.o(.text)
    LPUART1_IRQHandler                       0x0800033f   Thumb Code     0  startup_stm32g474xx.o(.text)
    PVD_PVM_IRQHandler                       0x0800033f   Thumb Code     0  startup_stm32g474xx.o(.text)
    QUADSPI_IRQHandler                       0x0800033f   Thumb Code     0  startup_stm32g474xx.o(.text)
    RCC_IRQHandler                           0x0800033f   Thumb Code     0  startup_stm32g474xx.o(.text)
    RNG_IRQHandler                           0x0800033f   Thumb Code     0  startup_stm32g474xx.o(.text)
    RTC_Alarm_IRQHandler                     0x0800033f   Thumb Code     0  startup_stm32g474xx.o(.text)
    RTC_TAMP_LSECSS_IRQHandler               0x0800033f   Thumb Code     0  startup_stm32g474xx.o(.text)
    RTC_WKUP_IRQHandler                      0x0800033f   Thumb Code     0  startup_stm32g474xx.o(.text)
    SAI1_IRQHandler                          0x0800033f   Thumb Code     0  startup_stm32g474xx.o(.text)
    SPI1_IRQHandler                          0x0800033f   Thumb Code     0  startup_stm32g474xx.o(.text)
    SPI2_IRQHandler                          0x0800033f   Thumb Code     0  startup_stm32g474xx.o(.text)
    SPI3_IRQHandler                          0x0800033f   Thumb Code     0  startup_stm32g474xx.o(.text)
    SPI4_IRQHandler                          0x0800033f   Thumb Code     0  startup_stm32g474xx.o(.text)
    TIM1_BRK_TIM15_IRQHandler                0x0800033f   Thumb Code     0  startup_stm32g474xx.o(.text)
    TIM1_CC_IRQHandler                       0x0800033f   Thumb Code     0  startup_stm32g474xx.o(.text)
    TIM1_UP_TIM16_IRQHandler                 0x0800033f   Thumb Code     0  startup_stm32g474xx.o(.text)
    TIM20_BRK_IRQHandler                     0x0800033f   Thumb Code     0  startup_stm32g474xx.o(.text)
    TIM20_CC_IRQHandler                      0x0800033f   Thumb Code     0  startup_stm32g474xx.o(.text)
    TIM20_TRG_COM_IRQHandler                 0x0800033f   Thumb Code     0  startup_stm32g474xx.o(.text)
    TIM20_UP_IRQHandler                      0x0800033f   Thumb Code     0  startup_stm32g474xx.o(.text)
    TIM2_IRQHandler                          0x0800033f   Thumb Code     0  startup_stm32g474xx.o(.text)
    TIM3_IRQHandler                          0x0800033f   Thumb Code     0  startup_stm32g474xx.o(.text)
    TIM4_IRQHandler                          0x0800033f   Thumb Code     0  startup_stm32g474xx.o(.text)
    TIM5_IRQHandler                          0x0800033f   Thumb Code     0  startup_stm32g474xx.o(.text)
    TIM6_DAC_IRQHandler                      0x0800033f   Thumb Code     0  startup_stm32g474xx.o(.text)
    TIM7_DAC_IRQHandler                      0x0800033f   Thumb Code     0  startup_stm32g474xx.o(.text)
    TIM8_BRK_IRQHandler                      0x0800033f   Thumb Code     0  startup_stm32g474xx.o(.text)
    TIM8_CC_IRQHandler                       0x0800033f   Thumb Code     0  startup_stm32g474xx.o(.text)
    TIM8_TRG_COM_IRQHandler                  0x0800033f   Thumb Code     0  startup_stm32g474xx.o(.text)
    TIM8_UP_IRQHandler                       0x0800033f   Thumb Code     0  startup_stm32g474xx.o(.text)
    UART4_IRQHandler                         0x0800033f   Thumb Code     0  startup_stm32g474xx.o(.text)
    UART5_IRQHandler                         0x0800033f   Thumb Code     0  startup_stm32g474xx.o(.text)
    UCPD1_IRQHandler                         0x0800033f   Thumb Code     0  startup_stm32g474xx.o(.text)
    USART2_IRQHandler                        0x0800033f   Thumb Code     0  startup_stm32g474xx.o(.text)
    USART3_IRQHandler                        0x0800033f   Thumb Code     0  startup_stm32g474xx.o(.text)
    USBWakeUp_IRQHandler                     0x0800033f   Thumb Code     0  startup_stm32g474xx.o(.text)
    USB_HP_IRQHandler                        0x0800033f   Thumb Code     0  startup_stm32g474xx.o(.text)
    USB_LP_IRQHandler                        0x0800033f   Thumb Code     0  startup_stm32g474xx.o(.text)
    WWDG_IRQHandler                          0x0800033f   Thumb Code     0  startup_stm32g474xx.o(.text)
    __user_initial_stackheap                 0x08000341   Thumb Code     0  startup_stm32g474xx.o(.text)
    __aeabi_uldivmod                         0x08000365   Thumb Code     0  lludivv7m.o(.text)
    _ll_udiv                                 0x08000365   Thumb Code   238  lludivv7m.o(.text)
    vsnprintf                                0x08000455   Thumb Code    48  vsnprintf.o(.text)
    strlen                                   0x08000489   Thumb Code    62  strlen.o(.text)
    __aeabi_memclr                           0x080004c7   Thumb Code     0  rt_memclr.o(.text)
    __rt_memclr                              0x080004c7   Thumb Code    68  rt_memclr.o(.text)
    _memset                                  0x080004cb   Thumb Code     0  rt_memclr.o(.text)
    __aeabi_memclr4                          0x0800050b   Thumb Code     0  rt_memclr_w.o(.text)
    __aeabi_memclr8                          0x0800050b   Thumb Code     0  rt_memclr_w.o(.text)
    __rt_memclr_w                            0x0800050b   Thumb Code    78  rt_memclr_w.o(.text)
    _memset_w                                0x0800050f   Thumb Code     0  rt_memclr_w.o(.text)
    __use_two_region_memory                  0x08000559   Thumb Code     2  heapauxi.o(.text)
    __rt_heap_escrow$2region                 0x0800055b   Thumb Code     2  heapauxi.o(.text)
    __rt_heap_expand$2region                 0x0800055d   Thumb Code     2  heapauxi.o(.text)
    _printf_pre_padding                      0x0800055f   Thumb Code    44  _printf_pad.o(.text)
    _printf_post_padding                     0x0800058b   Thumb Code    34  _printf_pad.o(.text)
    _printf_truncate_signed                  0x080005ad   Thumb Code    18  _printf_truncate.o(.text)
    _printf_truncate_unsigned                0x080005bf   Thumb Code    18  _printf_truncate.o(.text)
    _printf_str                              0x080005d1   Thumb Code    82  _printf_str.o(.text)
    _printf_int_dec                          0x08000625   Thumb Code   104  _printf_dec.o(.text)
    _printf_charcount                        0x0800069d   Thumb Code    40  _printf_charcount.o(.text)
    _printf_char_common                      0x080006cf   Thumb Code    32  _printf_char_common.o(.text)
    _sputc                                   0x080006f5   Thumb Code    10  _sputc.o(.text)
    _snputc                                  0x080006ff   Thumb Code    16  _snputc.o(.text)
    _printf_wctomb                           0x08000711   Thumb Code   182  _printf_wctomb.o(.text)
    _printf_longlong_dec                     0x080007cd   Thumb Code   108  _printf_longlong_dec.o(.text)
    _printf_longlong_oct                     0x08000849   Thumb Code    68  _printf_oct_int_ll.o(.text)
    _printf_int_oct                          0x0800088d   Thumb Code    24  _printf_oct_int_ll.o(.text)
    _printf_ll_oct                           0x080008a5   Thumb Code    12  _printf_oct_int_ll.o(.text)
    _printf_longlong_hex                     0x080008b9   Thumb Code    86  _printf_hex_int_ll_ptr.o(.text)
    _printf_int_hex                          0x0800090f   Thumb Code    28  _printf_hex_int_ll_ptr.o(.text)
    _printf_ll_hex                           0x0800092b   Thumb Code    12  _printf_hex_int_ll_ptr.o(.text)
    _printf_hex_ptr                          0x08000937   Thumb Code    18  _printf_hex_int_ll_ptr.o(.text)
    __printf                                 0x0800094d   Thumb Code   388  __printf_flags_ss_wp.o(.text)
    _ll_udiv10                               0x08000ad5   Thumb Code   138  lludiv10.o(.text)
    _printf_int_common                       0x08000b5f   Thumb Code   178  _printf_intcommon.o(.text)
    __lib_sel_fp_printf                      0x08000c11   Thumb Code     2  _printf_fp_dec.o(.text)
    _printf_fp_dec_real                      0x08000dbf   Thumb Code   620  _printf_fp_dec.o(.text)
    _printf_fp_hex_real                      0x0800102d   Thumb Code   754  _printf_fp_hex.o(.text)
    _printf_cs_common                        0x08001329   Thumb Code    20  _printf_char.o(.text)
    _printf_char                             0x0800133d   Thumb Code    16  _printf_char.o(.text)
    _printf_string                           0x0800134d   Thumb Code     8  _printf_char.o(.text)
    _printf_lcs_common                       0x08001355   Thumb Code    20  _printf_wchar.o(.text)
    _printf_wchar                            0x08001369   Thumb Code    16  _printf_wchar.o(.text)
    _printf_wstring                          0x08001379   Thumb Code     8  _printf_wchar.o(.text)
    _wcrtomb                                 0x08001381   Thumb Code    64  _wcrtomb.o(.text)
    __user_libspace                          0x080013c1   Thumb Code     8  libspace.o(.text)
    __user_perproc_libspace                  0x080013c1   Thumb Code     0  libspace.o(.text)
    __user_perthread_libspace                0x080013c1   Thumb Code     0  libspace.o(.text)
    __user_setup_stackheap                   0x080013c9   Thumb Code    74  sys_stackheap_outer.o(.text)
    __rt_ctype_table                         0x08001415   Thumb Code    16  rt_ctype_table.o(.text)
    __rt_locale                              0x08001425   Thumb Code     8  rt_locale_intlibspace.o(.text)
    _printf_fp_infnan                        0x0800142d   Thumb Code   112  _printf_fp_infnan.o(.text)
    _btod_etento                             0x080014ad   Thumb Code   216  bigflt0.o(.text)
    exit                                     0x08001589   Thumb Code    12  exit.o(.text)
    strcmp                                   0x08001595   Thumb Code   128  strcmpv7m.o(.text)
    _sys_exit                                0x08001615   Thumb Code     8  sys_exit.o(.text)
    __I$use$semihosting                      0x08001621   Thumb Code     0  use_no_semi.o(.text)
    __use_no_semihosting_swi                 0x08001621   Thumb Code     2  use_no_semi.o(.text)
    __semihosting_library_function           0x08001623   Thumb Code     0  indicate_semi.o(.text)
    _btod_d2e                                0x08001623   Thumb Code    62  btod.o(CL$$btod_d2e)
    _d2e_denorm_low                          0x08001661   Thumb Code    70  btod.o(CL$$btod_d2e_denorm_low)
    _d2e_norm_op1                            0x080016a7   Thumb Code    96  btod.o(CL$$btod_d2e_norm_op1)
    __btod_div_common                        0x08001707   Thumb Code   696  btod.o(CL$$btod_div_common)
    _e2e                                     0x08001a3f   Thumb Code   198  btod.o(CL$$btod_e2e)
    _btod_ediv                               0x08001b05   Thumb Code    40  btod.o(CL$$btod_ediv)
    _btod_emul                               0x08001b2d   Thumb Code    40  btod.o(CL$$btod_emul)
    __btod_mult_common                       0x08001b55   Thumb Code   580  btod.o(CL$$btod_mult_common)
    ADC1_2_IRQHandler                        0x08001d99   Thumb Code    18  stm32g4xx_it.o(i.ADC1_2_IRQHandler)
    BSP_UART_ReceiveToIdle_DMA               0x08001db5   Thumb Code    40  bsp_uart.o(i.BSP_UART_ReceiveToIdle_DMA)
    BSP_UART_Transmit_DMA                    0x08001ddd   Thumb Code    62  bsp_uart.o(i.BSP_UART_Transmit_DMA)
    BusFault_Handler                         0x08001e1b   Thumb Code     2  stm32g4xx_it.o(i.BusFault_Handler)
    DDS_Init                                 0x08001e1d   Thumb Code   124  bsp_ad9959.o(i.DDS_Init)
    DMA1_Channel1_IRQHandler                 0x08001efd   Thumb Code     6  stm32g4xx_it.o(i.DMA1_Channel1_IRQHandler)
    DMA1_Channel2_IRQHandler                 0x08001f09   Thumb Code     6  stm32g4xx_it.o(i.DMA1_Channel2_IRQHandler)
    DMA1_Channel3_IRQHandler                 0x08001f15   Thumb Code     6  stm32g4xx_it.o(i.DMA1_Channel3_IRQHandler)
    DMA1_Channel4_IRQHandler                 0x08001f21   Thumb Code     6  stm32g4xx_it.o(i.DMA1_Channel4_IRQHandler)
    DebugMon_Handler                         0x08001fdb   Thumb Code     2  stm32g4xx_it.o(i.DebugMon_Handler)
    Error_Handler                            0x08001fdd   Thumb Code     4  main.o(i.Error_Handler)
    HAL_ADCEx_EndOfSamplingCallback          0x08001fe1   Thumb Code     2  stm32g4xx_hal_adc_ex.o(i.HAL_ADCEx_EndOfSamplingCallback)
    HAL_ADCEx_InjectedConvCpltCallback       0x08001fe3   Thumb Code     2  stm32g4xx_hal_adc_ex.o(i.HAL_ADCEx_InjectedConvCpltCallback)
    HAL_ADCEx_InjectedQueueOverflowCallback  0x08001fe5   Thumb Code     2  stm32g4xx_hal_adc_ex.o(i.HAL_ADCEx_InjectedQueueOverflowCallback)
    HAL_ADCEx_LevelOutOfWindow2Callback      0x08001fe7   Thumb Code     2  stm32g4xx_hal_adc_ex.o(i.HAL_ADCEx_LevelOutOfWindow2Callback)
    HAL_ADCEx_LevelOutOfWindow3Callback      0x08001fe9   Thumb Code     2  stm32g4xx_hal_adc_ex.o(i.HAL_ADCEx_LevelOutOfWindow3Callback)
    HAL_ADCEx_MultiModeConfigChannel         0x08001fed   Thumb Code   322  stm32g4xx_hal_adc_ex.o(i.HAL_ADCEx_MultiModeConfigChannel)
    HAL_ADC_ConfigChannel                    0x08002149   Thumb Code  1060  stm32g4xx_hal_adc.o(i.HAL_ADC_ConfigChannel)
    HAL_ADC_ConvCpltCallback                 0x080025ad   Thumb Code    26  bsp.o(i.HAL_ADC_ConvCpltCallback)
    HAL_ADC_ErrorCallback                    0x080025d5   Thumb Code     2  stm32g4xx_hal_adc.o(i.HAL_ADC_ErrorCallback)
    HAL_ADC_IRQHandler                       0x080025d9   Thumb Code   674  stm32g4xx_hal_adc.o(i.HAL_ADC_IRQHandler)
    HAL_ADC_Init                             0x08002891   Thumb Code   514  stm32g4xx_hal_adc.o(i.HAL_ADC_Init)
    HAL_ADC_LevelOutOfWindowCallback         0x08002ac5   Thumb Code     2  stm32g4xx_hal_adc.o(i.HAL_ADC_LevelOutOfWindowCallback)
    HAL_ADC_MspInit                          0x08002ac9   Thumb Code   316  adc.o(i.HAL_ADC_MspInit)
    HAL_DMA_Abort                            0x08002c19   Thumb Code   112  stm32g4xx_hal_dma.o(i.HAL_DMA_Abort)
    HAL_DMA_Abort_IT                         0x08002c89   Thumb Code   120  stm32g4xx_hal_dma.o(i.HAL_DMA_Abort_IT)
    HAL_DMA_IRQHandler                       0x08002d01   Thumb Code   186  stm32g4xx_hal_dma.o(i.HAL_DMA_IRQHandler)
    HAL_DMA_Init                             0x08002dbd   Thumb Code   182  stm32g4xx_hal_dma.o(i.HAL_DMA_Init)
    HAL_DMA_Start_IT                         0x08002e81   Thumb Code   140  stm32g4xx_hal_dma.o(i.HAL_DMA_Start_IT)
    HAL_Delay                                0x08002f0d   Thumb Code    32  stm32g4xx_hal.o(i.HAL_Delay)
    HAL_GPIO_Init                            0x08002f31   Thumb Code   532  stm32g4xx_hal_gpio.o(i.HAL_GPIO_Init)
    HAL_GPIO_ReadPin                         0x08003165   Thumb Code    10  stm32g4xx_hal_gpio.o(i.HAL_GPIO_ReadPin)
    HAL_GPIO_WritePin                        0x0800316f   Thumb Code    10  stm32g4xx_hal_gpio.o(i.HAL_GPIO_WritePin)
    HAL_GetTick                              0x08003179   Thumb Code     6  stm32g4xx_hal.o(i.HAL_GetTick)
    HAL_IncTick                              0x08003185   Thumb Code    12  stm32g4xx_hal.o(i.HAL_IncTick)
    HAL_Init                                 0x08003195   Thumb Code    30  stm32g4xx_hal.o(i.HAL_Init)
    HAL_InitTick                             0x080031b5   Thumb Code    58  stm32g4xx_hal.o(i.HAL_InitTick)
    HAL_MspInit                              0x080031f9   Thumb Code    42  stm32g4xx_hal_msp.o(i.HAL_MspInit)
    HAL_NVIC_EnableIRQ                       0x08003229   Thumb Code    26  stm32g4xx_hal_cortex.o(i.HAL_NVIC_EnableIRQ)
    HAL_NVIC_SetPriority                     0x08003245   Thumb Code    60  stm32g4xx_hal_cortex.o(i.HAL_NVIC_SetPriority)
    HAL_NVIC_SetPriorityGrouping             0x08003285   Thumb Code    26  stm32g4xx_hal_cortex.o(i.HAL_NVIC_SetPriorityGrouping)
    HAL_PWREx_ControlVoltageScaling          0x080032a9   Thumb Code   174  stm32g4xx_hal_pwr_ex.o(i.HAL_PWREx_ControlVoltageScaling)
    HAL_PWREx_DisableUCPDDeadBattery         0x08003365   Thumb Code    12  stm32g4xx_hal_pwr_ex.o(i.HAL_PWREx_DisableUCPDDeadBattery)
    HAL_RCCEx_PeriphCLKConfig                0x08003375   Thumb Code   758  stm32g4xx_hal_rcc_ex.o(i.HAL_RCCEx_PeriphCLKConfig)
    HAL_RCC_ClockConfig                      0x08003675   Thumb Code   444  stm32g4xx_hal_rcc.o(i.HAL_RCC_ClockConfig)
    HAL_RCC_GetPCLK1Freq                     0x08003851   Thumb Code    24  stm32g4xx_hal_rcc.o(i.HAL_RCC_GetPCLK1Freq)
    HAL_RCC_GetPCLK2Freq                     0x08003875   Thumb Code    24  stm32g4xx_hal_rcc.o(i.HAL_RCC_GetPCLK2Freq)
    HAL_RCC_GetSysClockFreq                  0x08003899   Thumb Code    98  stm32g4xx_hal_rcc.o(i.HAL_RCC_GetSysClockFreq)
    HAL_RCC_OscConfig                        0x08003909   Thumb Code  1028  stm32g4xx_hal_rcc.o(i.HAL_RCC_OscConfig)
    HAL_SPI_Init                             0x08003d0d   Thumb Code   234  stm32g4xx_hal_spi.o(i.HAL_SPI_Init)
    HAL_SPI_MspInit                          0x08003df9   Thumb Code    88  spi.o(i.HAL_SPI_MspInit)
    HAL_SPI_Transmit                         0x08003e5d   Thumb Code   398  stm32g4xx_hal_spi.o(i.HAL_SPI_Transmit)
    HAL_SYSTICK_Config                       0x08003feb   Thumb Code    40  stm32g4xx_hal_cortex.o(i.HAL_SYSTICK_Config)
    HAL_TIMEx_Break2Callback                 0x08004013   Thumb Code     2  stm32g4xx_hal_tim_ex.o(i.HAL_TIMEx_Break2Callback)
    HAL_TIMEx_BreakCallback                  0x08004015   Thumb Code     2  stm32g4xx_hal_tim_ex.o(i.HAL_TIMEx_BreakCallback)
    HAL_TIMEx_CommutCallback                 0x08004017   Thumb Code     2  stm32g4xx_hal_tim_ex.o(i.HAL_TIMEx_CommutCallback)
    HAL_TIMEx_DirectionChangeCallback        0x08004019   Thumb Code     2  stm32g4xx_hal_tim_ex.o(i.HAL_TIMEx_DirectionChangeCallback)
    HAL_TIMEx_EncoderIndexCallback           0x0800401b   Thumb Code     2  stm32g4xx_hal_tim_ex.o(i.HAL_TIMEx_EncoderIndexCallback)
    HAL_TIMEx_IndexErrorCallback             0x0800401d   Thumb Code     2  stm32g4xx_hal_tim_ex.o(i.HAL_TIMEx_IndexErrorCallback)
    HAL_TIMEx_MasterConfigSynchronization    0x08004021   Thumb Code   150  stm32g4xx_hal_tim_ex.o(i.HAL_TIMEx_MasterConfigSynchronization)
    HAL_TIMEx_TransitionErrorCallback        0x080040d9   Thumb Code     2  stm32g4xx_hal_tim_ex.o(i.HAL_TIMEx_TransitionErrorCallback)
    HAL_TIM_Base_Init                        0x080040db   Thumb Code    98  stm32g4xx_hal_tim.o(i.HAL_TIM_Base_Init)
    HAL_TIM_Base_MspInit                     0x0800413d   Thumb Code    72  tim.o(i.HAL_TIM_Base_MspInit)
    HAL_TIM_Base_Start_IT                    0x08004191   Thumb Code   106  stm32g4xx_hal_tim.o(i.HAL_TIM_Base_Start_IT)
    HAL_TIM_IC_CaptureCallback               0x0800421d   Thumb Code     2  stm32g4xx_hal_tim.o(i.HAL_TIM_IC_CaptureCallback)
    HAL_TIM_IRQHandler                       0x0800421f   Thumb Code   418  stm32g4xx_hal_tim.o(i.HAL_TIM_IRQHandler)
    HAL_TIM_OC_DelayElapsedCallback          0x080043c1   Thumb Code     2  stm32g4xx_hal_tim.o(i.HAL_TIM_OC_DelayElapsedCallback)
    HAL_TIM_PWM_PulseFinishedCallback        0x080043c3   Thumb Code     2  stm32g4xx_hal_tim.o(i.HAL_TIM_PWM_PulseFinishedCallback)
    HAL_TIM_PeriodElapsedCallback            0x080043c5   Thumb Code    22  bsp.o(i.HAL_TIM_PeriodElapsedCallback)
    HAL_TIM_TriggerCallback                  0x080043e1   Thumb Code     2  stm32g4xx_hal_tim.o(i.HAL_TIM_TriggerCallback)
    HAL_UARTEx_DisableFifoMode               0x080043e3   Thumb Code    62  stm32g4xx_hal_uart_ex.o(i.HAL_UARTEx_DisableFifoMode)
    HAL_UARTEx_ReceiveToIdle_DMA             0x08004421   Thumb Code    74  stm32g4xx_hal_uart_ex.o(i.HAL_UARTEx_ReceiveToIdle_DMA)
    HAL_UARTEx_RxEventCallback               0x0800446d   Thumb Code    34  bsp.o(i.HAL_UARTEx_RxEventCallback)
    HAL_UARTEx_RxFifoFullCallback            0x080044a1   Thumb Code     2  stm32g4xx_hal_uart_ex.o(i.HAL_UARTEx_RxFifoFullCallback)
    HAL_UARTEx_SetRxFifoThreshold            0x080044a3   Thumb Code    76  stm32g4xx_hal_uart_ex.o(i.HAL_UARTEx_SetRxFifoThreshold)
    HAL_UARTEx_SetTxFifoThreshold            0x080044ef   Thumb Code    76  stm32g4xx_hal_uart_ex.o(i.HAL_UARTEx_SetTxFifoThreshold)
    HAL_UARTEx_TxFifoEmptyCallback           0x0800453b   Thumb Code     2  stm32g4xx_hal_uart_ex.o(i.HAL_UARTEx_TxFifoEmptyCallback)
    HAL_UARTEx_WakeupCallback                0x0800453d   Thumb Code     2  stm32g4xx_hal_uart_ex.o(i.HAL_UARTEx_WakeupCallback)
    HAL_UART_ErrorCallback                   0x0800453f   Thumb Code     2  stm32g4xx_hal_uart.o(i.HAL_UART_ErrorCallback)
    HAL_UART_IRQHandler                      0x08004541   Thumb Code   782  stm32g4xx_hal_uart.o(i.HAL_UART_IRQHandler)
    HAL_UART_Init                            0x0800485d   Thumb Code   106  stm32g4xx_hal_uart.o(i.HAL_UART_Init)
    HAL_UART_MspInit                         0x080048c9   Thumb Code   226  usart.o(i.HAL_UART_MspInit)
    HAL_UART_RxCpltCallback                  0x080049bd   Thumb Code     2  stm32g4xx_hal_uart.o(i.HAL_UART_RxCpltCallback)
    HAL_UART_RxHalfCpltCallback              0x080049bf   Thumb Code     2  stm32g4xx_hal_uart.o(i.HAL_UART_RxHalfCpltCallback)
    HAL_UART_Transmit_DMA                    0x080049c1   Thumb Code   132  stm32g4xx_hal_uart.o(i.HAL_UART_Transmit_DMA)
    HAL_UART_TxCpltCallback                  0x08004a51   Thumb Code     2  stm32g4xx_hal_uart.o(i.HAL_UART_TxCpltCallback)
    HAL_UART_TxHalfCpltCallback              0x08004a53   Thumb Code     2  stm32g4xx_hal_uart.o(i.HAL_UART_TxHalfCpltCallback)
    HardFault_Handler                        0x08004a55   Thumb Code     2  stm32g4xx_it.o(i.HardFault_Handler)
    KEY_Read                                 0x08004a59   Thumb Code   116  bsp_gpio.o(i.KEY_Read)
    Key_Process                              0x08004ad5   Thumb Code    22  bsp.o(i.Key_Process)
    LCD_Clear                                0x08004b11   Thumb Code    20  bsp_lcd.o(i.LCD_Clear)
    LCD_ConfigFont                           0x08004b25   Thumb Code    14  bsp_lcd.o(i.LCD_ConfigFont)
    LCD_Fill                                 0x08004b33   Thumb Code    66  bsp_lcd.o(i.LCD_Fill)
    LCD_Init                                 0x08004b75   Thumb Code   182  bsp_lcd.o(i.LCD_Init)
    MX_ADC1_Init                             0x08004d65   Thumb Code   142  adc.o(i.MX_ADC1_Init)
    MX_ADC2_Init                             0x08004dfd   Thumb Code   118  adc.o(i.MX_ADC2_Init)
    MX_DMA_Init                              0x08004e81   Thumb Code   104  dma.o(i.MX_DMA_Init)
    MX_GPIO_Init                             0x08004eed   Thumb Code   172  gpio.o(i.MX_GPIO_Init)
    MX_SPI4_Init                             0x08004fa5   Thumb Code    70  spi.o(i.MX_SPI4_Init)
    MX_TIM17_Init                            0x08004ff5   Thumb Code    46  tim.o(i.MX_TIM17_Init)
    MX_TIM6_Init                             0x0800502d   Thumb Code    60  tim.o(i.MX_TIM6_Init)
    MX_USART1_UART_Init                      0x08005071   Thumb Code    94  usart.o(i.MX_USART1_UART_Init)
    MainProcess                              0x080050d9   Thumb Code    50  bsp.o(i.MainProcess)
    MemManage_Handler                        0x08005139   Thumb Code     2  stm32g4xx_it.o(i.MemManage_Handler)
    NMI_Handler                              0x0800513b   Thumb Code     2  stm32g4xx_it.o(i.NMI_Handler)
    PendSV_Handler                           0x0800513d   Thumb Code     2  stm32g4xx_it.o(i.PendSV_Handler)
    SVC_Handler                              0x08005325   Thumb Code     2  stm32g4xx_it.o(i.SVC_Handler)
    SysTick_Handler                          0x08005327   Thumb Code     4  stm32g4xx_it.o(i.SysTick_Handler)
    SystemClock_Config                       0x0800532b   Thumb Code   102  main.o(i.SystemClock_Config)
    SystemInit                               0x08005391   Thumb Code    12  system_stm32g4xx.o(i.SystemInit)
    TIM1_TRG_COM_TIM17_IRQHandler            0x080053a1   Thumb Code     6  stm32g4xx_it.o(i.TIM1_TRG_COM_TIM17_IRQHandler)
    TIM_Base_SetConfig                       0x080053ad   Thumb Code   184  stm32g4xx_hal_tim.o(i.TIM_Base_SetConfig)
    UART_AdvFeatureConfig                    0x080054cd   Thumb Code   200  stm32g4xx_hal_uart.o(i.UART_AdvFeatureConfig)
    UART_CheckIdleState                      0x08005595   Thumb Code   172  stm32g4xx_hal_uart.o(i.UART_CheckIdleState)
    UART_SetConfig                           0x0800583d   Thumb Code   614  stm32g4xx_hal_uart.o(i.UART_SetConfig)
    UART_Start_Receive_DMA                   0x08005ad5   Thumb Code   156  stm32g4xx_hal_uart.o(i.UART_Start_Receive_DMA)
    UART_WaitOnFlagUntilTimeout              0x08005b7d   Thumb Code   148  stm32g4xx_hal_uart.o(i.UART_WaitOnFlagUntilTimeout)
    USART1_IRQHandler                        0x08005c11   Thumb Code     6  stm32g4xx_it.o(i.USART1_IRQHandler)
    UsageFault_Handler                       0x08005c1d   Thumb Code     2  stm32g4xx_it.o(i.UsageFault_Handler)
    __ARM_fpclassify                         0x08005c1f   Thumb Code    48  fpclassify.o(i.__ARM_fpclassify)
    _is_digit                                0x08005c6f   Thumb Code    14  __printf_wp.o(i._is_digit)
    main                                     0x08005c7d   Thumb Code    46  main.o(i.main)
    _get_lc_numeric                          0x08005cad   Thumb Code    44  lc_numeric_c.o(locale$$code)
    _get_lc_ctype                            0x08005cd9   Thumb Code    44  lc_ctype_c.o(locale$$code)
    _fp_init                                 0x08005d05   Thumb Code    10  fpinit.o(x$fpl$fpinit)
    __fplib_config_fpu_vfp                   0x08005d0d   Thumb Code     0  fpinit.o(x$fpl$fpinit)
    __fplib_config_pureend_doubles           0x08005d0d   Thumb Code     0  fpinit.o(x$fpl$fpinit)
    _printf_fp_dec                           0x08005d0f   Thumb Code     4  printf1.o(x$fpl$printf1)
    _printf_fp_hex                           0x08005d13   Thumb Code     4  printf2.o(x$fpl$printf2)
    UARTPrescTable                           0x08005d16   Data          24  stm32g4xx_hal_uart.o(.constdata)
    __I$use$fp                               0x08005d16   Number         0  usenofp.o(x$fpl$usenofp)
    AHBPrescTable                            0x08005d3e   Data          16  system_stm32g4xx.o(.constdata)
    APBPrescTable                            0x08005d4e   Data           8  system_stm32g4xx.o(.constdata)
    LCD_Font_1608                            0x08005d58   Data          16  bsp_font.o(.constdata)
    LCD_Font_1616                            0x08005d68   Data          16  bsp_font.o(.constdata)
    font_1608                                0x08005d78   Data        1520  bsp_font.o(.constdata)
    font_1616                                0x08006368   Data         416  bsp_font.o(.constdata)
    lcd_dir_code                             0x08006508   Data           4  bsp_lcd.o(.constdata)
    LCD_1_80_inch                            0x0800650c   Data          22  bsp_lcd.o(.constdata)
    Region$$Table$$Base                      0x0800663c   Number         0  anon$$obj.o(Region$$Table)
    Region$$Table$$Limit                     0x0800665c   Number         0  anon$$obj.o(Region$$Table)
    __ctype                                  0x08006685   Data           0  lc_ctype_c.o(locale$$data)
    uwTickPrio                               0x20000004   Data           4  stm32g4xx_hal.o(.data)
    uwTickFreq                               0x20000008   Data           4  stm32g4xx_hal.o(.data)
    uwTick                                   0x2000000c   Data           4  stm32g4xx_hal.o(.data)
    SystemCoreClock                          0x20000010   Data           4  system_stm32g4xx.o(.data)
    Bias_Voltage_0                           0x20000014   Data           4  bsp.o(.data)
    Bias_Voltage_1                           0x20000018   Data           4  bsp.o(.data)
    Vpp_0                                    0x2000001c   Data           4  bsp.o(.data)
    Vpp_1                                    0x20000020   Data           4  bsp.o(.data)
    pha                                      0x20000024   Data           4  bsp.o(.data)
    UART_Debug                               0x20000028   Data          12  bsp.o(.data)
    blcd                                     0x20000034   Data          32  bsp.o(.data)
    ADC_1                                    0x20000054   Data          12  bsp.o(.data)
    ADC_2                                    0x20000060   Data          12  bsp.o(.data)
    hadc1                                    0x20000070   Data         108  adc.o(.bss)
    hadc2                                    0x200000dc   Data         108  adc.o(.bss)
    hdma_adc1                                0x20000148   Data          96  adc.o(.bss)
    hdma_adc2                                0x200001a8   Data          96  adc.o(.bss)
    hspi4                                    0x20000208   Data         100  spi.o(.bss)
    htim6                                    0x2000026c   Data          76  tim.o(.bss)
    htim17                                   0x200002b8   Data          76  tim.o(.bss)
    huart1                                   0x20000304   Data         148  usart.o(.bss)
    hdma_usart1_rx                           0x20000398   Data          96  usart.o(.bss)
    hdma_usart1_tx                           0x200003f8   Data          96  usart.o(.bss)
    guart1_TxMsg                             0x20000458   Data         128  bsp.o(.bss)
    guart1_RxMsg                             0x200004d8   Data         128  bsp.o(.bss)
    glcd_TxBuf                               0x20000558   Data        1024  bsp.o(.bss)
    __libspace_start                         0x20000958   Data          96  libspace.o(.bss)
    __temporary_stack_top$libspace           0x200009b8   Data           0  libspace.o(.bss)



==============================================================================

Memory Map of the image

  Image Entry point : 0x080001d9

  Load Region LR_IROM1 (Base: 0x08000000, Size: 0x000067f8, Max: 0x00080000, ABSOLUTE)

    Execution Region ER_IROM1 (Exec base: 0x08000000, Load base: 0x08000000, Size: 0x00006788, Max: 0x00080000, ABSOLUTE)

    Exec Addr    Load Addr    Size         Type   Attr      Idx    E Section Name        Object

    0x08000000   0x08000000   0x000001d8   Data   RO            3    RESET               startup_stm32g474xx.o
    0x080001d8   0x080001d8   0x00000008   Code   RO         4992  * !!!main             c_w.l(__main.o)
    0x080001e0   0x080001e0   0x00000034   Code   RO         5405    !!!scatter          c_w.l(__scatter.o)
    0x08000214   0x08000214   0x0000001a   Code   RO         5407    !!handler_copy      c_w.l(__scatter_copy.o)
    0x0800022e   0x0800022e   0x00000002   PAD
    0x08000230   0x08000230   0x0000001c   Code   RO         5409    !!handler_zi        c_w.l(__scatter_zi.o)
    0x0800024c   0x0800024c   0x00000000   Code   RO         5132    .ARM.Collect$$_printf_percent$$00000000  c_w.l(_printf_percent.o)
    0x0800024c   0x0800024c   0x00000006   Code   RO         5121    .ARM.Collect$$_printf_percent$$00000001  c_w.l(_printf_n.o)
    0x08000252   0x08000252   0x00000006   Code   RO         5123    .ARM.Collect$$_printf_percent$$00000002  c_w.l(_printf_p.o)
    0x08000258   0x08000258   0x00000006   Code   RO         5128    .ARM.Collect$$_printf_percent$$00000003  c_w.l(_printf_f.o)
    0x0800025e   0x0800025e   0x00000006   Code   RO         5129    .ARM.Collect$$_printf_percent$$00000004  c_w.l(_printf_e.o)
    0x08000264   0x08000264   0x00000006   Code   RO         5130    .ARM.Collect$$_printf_percent$$00000005  c_w.l(_printf_g.o)
    0x0800026a   0x0800026a   0x00000006   Code   RO         5131    .ARM.Collect$$_printf_percent$$00000006  c_w.l(_printf_a.o)
    0x08000270   0x08000270   0x0000000a   Code   RO         5136    .ARM.Collect$$_printf_percent$$00000007  c_w.l(_printf_ll.o)
    0x0800027a   0x0800027a   0x00000006   Code   RO         5125    .ARM.Collect$$_printf_percent$$00000008  c_w.l(_printf_i.o)
    0x08000280   0x08000280   0x00000006   Code   RO         5126    .ARM.Collect$$_printf_percent$$00000009  c_w.l(_printf_d.o)
    0x08000286   0x08000286   0x00000006   Code   RO         5127    .ARM.Collect$$_printf_percent$$0000000A  c_w.l(_printf_u.o)
    0x0800028c   0x0800028c   0x00000006   Code   RO         5124    .ARM.Collect$$_printf_percent$$0000000B  c_w.l(_printf_o.o)
    0x08000292   0x08000292   0x00000006   Code   RO         5122    .ARM.Collect$$_printf_percent$$0000000C  c_w.l(_printf_x.o)
    0x08000298   0x08000298   0x00000006   Code   RO         5133    .ARM.Collect$$_printf_percent$$0000000D  c_w.l(_printf_lli.o)
    0x0800029e   0x0800029e   0x00000006   Code   RO         5134    .ARM.Collect$$_printf_percent$$0000000E  c_w.l(_printf_lld.o)
    0x080002a4   0x080002a4   0x00000006   Code   RO         5135    .ARM.Collect$$_printf_percent$$0000000F  c_w.l(_printf_llu.o)
    0x080002aa   0x080002aa   0x00000006   Code   RO         5140    .ARM.Collect$$_printf_percent$$00000010  c_w.l(_printf_llo.o)
    0x080002b0   0x080002b0   0x00000006   Code   RO         5141    .ARM.Collect$$_printf_percent$$00000011  c_w.l(_printf_llx.o)
    0x080002b6   0x080002b6   0x0000000a   Code   RO         5137    .ARM.Collect$$_printf_percent$$00000012  c_w.l(_printf_l.o)
    0x080002c0   0x080002c0   0x00000006   Code   RO         5119    .ARM.Collect$$_printf_percent$$00000013  c_w.l(_printf_c.o)
    0x080002c6   0x080002c6   0x00000006   Code   RO         5120    .ARM.Collect$$_printf_percent$$00000014  c_w.l(_printf_s.o)
    0x080002cc   0x080002cc   0x00000006   Code   RO         5138    .ARM.Collect$$_printf_percent$$00000015  c_w.l(_printf_lc.o)
    0x080002d2   0x080002d2   0x00000006   Code   RO         5139    .ARM.Collect$$_printf_percent$$00000016  c_w.l(_printf_ls.o)
    0x080002d8   0x080002d8   0x00000004   Code   RO         5212    .ARM.Collect$$_printf_percent$$00000017  c_w.l(_printf_percent_end.o)
    0x080002dc   0x080002dc   0x00000002   Code   RO         5270    .ARM.Collect$$libinit$$00000000  c_w.l(libinit.o)
    0x080002de   0x080002de   0x00000004   Code   RO         5288    .ARM.Collect$$libinit$$00000001  c_w.l(libinit2.o)
    0x080002e2   0x080002e2   0x00000000   Code   RO         5291    .ARM.Collect$$libinit$$00000004  c_w.l(libinit2.o)
    0x080002e2   0x080002e2   0x00000000   Code   RO         5294    .ARM.Collect$$libinit$$0000000A  c_w.l(libinit2.o)
    0x080002e2   0x080002e2   0x00000000   Code   RO         5296    .ARM.Collect$$libinit$$0000000C  c_w.l(libinit2.o)
    0x080002e2   0x080002e2   0x00000000   Code   RO         5298    .ARM.Collect$$libinit$$0000000E  c_w.l(libinit2.o)
    0x080002e2   0x080002e2   0x00000006   Code   RO         5299    .ARM.Collect$$libinit$$0000000F  c_w.l(libinit2.o)
    0x080002e8   0x080002e8   0x00000000   Code   RO         5301    .ARM.Collect$$libinit$$00000011  c_w.l(libinit2.o)
    0x080002e8   0x080002e8   0x0000000c   Code   RO         5302    .ARM.Collect$$libinit$$00000012  c_w.l(libinit2.o)
    0x080002f4   0x080002f4   0x00000000   Code   RO         5303    .ARM.Collect$$libinit$$00000013  c_w.l(libinit2.o)
    0x080002f4   0x080002f4   0x00000000   Code   RO         5305    .ARM.Collect$$libinit$$00000015  c_w.l(libinit2.o)
    0x080002f4   0x080002f4   0x0000000a   Code   RO         5306    .ARM.Collect$$libinit$$00000016  c_w.l(libinit2.o)
    0x080002fe   0x080002fe   0x00000000   Code   RO         5307    .ARM.Collect$$libinit$$00000017  c_w.l(libinit2.o)
    0x080002fe   0x080002fe   0x00000000   Code   RO         5309    .ARM.Collect$$libinit$$00000019  c_w.l(libinit2.o)
    0x080002fe   0x080002fe   0x00000000   Code   RO         5311    .ARM.Collect$$libinit$$0000001B  c_w.l(libinit2.o)
    0x080002fe   0x080002fe   0x00000000   Code   RO         5313    .ARM.Collect$$libinit$$0000001D  c_w.l(libinit2.o)
    0x080002fe   0x080002fe   0x00000000   Code   RO         5315    .ARM.Collect$$libinit$$0000001F  c_w.l(libinit2.o)
    0x080002fe   0x080002fe   0x00000000   Code   RO         5317    .ARM.Collect$$libinit$$00000021  c_w.l(libinit2.o)
    0x080002fe   0x080002fe   0x00000000   Code   RO         5319    .ARM.Collect$$libinit$$00000023  c_w.l(libinit2.o)
    0x080002fe   0x080002fe   0x00000000   Code   RO         5321    .ARM.Collect$$libinit$$00000025  c_w.l(libinit2.o)
    0x080002fe   0x080002fe   0x00000000   Code   RO         5325    .ARM.Collect$$libinit$$0000002C  c_w.l(libinit2.o)
    0x080002fe   0x080002fe   0x00000000   Code   RO         5327    .ARM.Collect$$libinit$$0000002E  c_w.l(libinit2.o)
    0x080002fe   0x080002fe   0x00000000   Code   RO         5329    .ARM.Collect$$libinit$$00000030  c_w.l(libinit2.o)
    0x080002fe   0x080002fe   0x00000000   Code   RO         5331    .ARM.Collect$$libinit$$00000032  c_w.l(libinit2.o)
    0x080002fe   0x080002fe   0x00000002   Code   RO         5332    .ARM.Collect$$libinit$$00000033  c_w.l(libinit2.o)
    0x08000300   0x08000300   0x00000002   Code   RO         5363    .ARM.Collect$$libshutdown$$00000000  c_w.l(libshutdown.o)
    0x08000302   0x08000302   0x00000000   Code   RO         5390    .ARM.Collect$$libshutdown$$00000003  c_w.l(libshutdown2.o)
    0x08000302   0x08000302   0x00000000   Code   RO         5393    .ARM.Collect$$libshutdown$$00000006  c_w.l(libshutdown2.o)
    0x08000302   0x08000302   0x00000000   Code   RO         5396    .ARM.Collect$$libshutdown$$00000009  c_w.l(libshutdown2.o)
    0x08000302   0x08000302   0x00000000   Code   RO         5398    .ARM.Collect$$libshutdown$$0000000B  c_w.l(libshutdown2.o)
    0x08000302   0x08000302   0x00000000   Code   RO         5401    .ARM.Collect$$libshutdown$$0000000E  c_w.l(libshutdown2.o)
    0x08000302   0x08000302   0x00000002   Code   RO         5402    .ARM.Collect$$libshutdown$$0000000F  c_w.l(libshutdown2.o)
    0x08000304   0x08000304   0x00000000   Code   RO         5042    .ARM.Collect$$rtentry$$00000000  c_w.l(__rtentry.o)
    0x08000304   0x08000304   0x00000000   Code   RO         5176    .ARM.Collect$$rtentry$$00000002  c_w.l(__rtentry2.o)
    0x08000304   0x08000304   0x00000006   Code   RO         5188    .ARM.Collect$$rtentry$$00000004  c_w.l(__rtentry4.o)
    0x0800030a   0x0800030a   0x00000000   Code   RO         5178    .ARM.Collect$$rtentry$$00000009  c_w.l(__rtentry2.o)
    0x0800030a   0x0800030a   0x00000004   Code   RO         5179    .ARM.Collect$$rtentry$$0000000A  c_w.l(__rtentry2.o)
    0x0800030e   0x0800030e   0x00000000   Code   RO         5181    .ARM.Collect$$rtentry$$0000000C  c_w.l(__rtentry2.o)
    0x0800030e   0x0800030e   0x00000008   Code   RO         5182    .ARM.Collect$$rtentry$$0000000D  c_w.l(__rtentry2.o)
    0x08000316   0x08000316   0x00000002   Code   RO         5275    .ARM.Collect$$rtexit$$00000000  c_w.l(rtexit.o)
    0x08000318   0x08000318   0x00000000   Code   RO         5336    .ARM.Collect$$rtexit$$00000002  c_w.l(rtexit2.o)
    0x08000318   0x08000318   0x00000004   Code   RO         5337    .ARM.Collect$$rtexit$$00000003  c_w.l(rtexit2.o)
    0x0800031c   0x0800031c   0x00000006   Code   RO         5338    .ARM.Collect$$rtexit$$00000004  c_w.l(rtexit2.o)
    0x08000322   0x08000322   0x00000002   PAD
    0x08000324   0x08000324   0x00000040   Code   RO            4    .text               startup_stm32g474xx.o
    0x08000364   0x08000364   0x000000ee   Code   RO         4980    .text               c_w.l(lludivv7m.o)
    0x08000452   0x08000452   0x00000002   PAD
    0x08000454   0x08000454   0x00000034   Code   RO         4982    .text               c_w.l(vsnprintf.o)
    0x08000488   0x08000488   0x0000003e   Code   RO         4984    .text               c_w.l(strlen.o)
    0x080004c6   0x080004c6   0x00000044   Code   RO         4986    .text               c_w.l(rt_memclr.o)
    0x0800050a   0x0800050a   0x0000004e   Code   RO         4988    .text               c_w.l(rt_memclr_w.o)
    0x08000558   0x08000558   0x00000006   Code   RO         4990    .text               c_w.l(heapauxi.o)
    0x0800055e   0x0800055e   0x0000004e   Code   RO         5051    .text               c_w.l(_printf_pad.o)
    0x080005ac   0x080005ac   0x00000024   Code   RO         5053    .text               c_w.l(_printf_truncate.o)
    0x080005d0   0x080005d0   0x00000052   Code   RO         5055    .text               c_w.l(_printf_str.o)
    0x08000622   0x08000622   0x00000002   PAD
    0x08000624   0x08000624   0x00000078   Code   RO         5057    .text               c_w.l(_printf_dec.o)
    0x0800069c   0x0800069c   0x00000028   Code   RO         5059    .text               c_w.l(_printf_charcount.o)
    0x080006c4   0x080006c4   0x00000030   Code   RO         5061    .text               c_w.l(_printf_char_common.o)
    0x080006f4   0x080006f4   0x0000000a   Code   RO         5063    .text               c_w.l(_sputc.o)
    0x080006fe   0x080006fe   0x00000010   Code   RO         5065    .text               c_w.l(_snputc.o)
    0x0800070e   0x0800070e   0x00000002   PAD
    0x08000710   0x08000710   0x000000bc   Code   RO         5067    .text               c_w.l(_printf_wctomb.o)
    0x080007cc   0x080007cc   0x0000007c   Code   RO         5070    .text               c_w.l(_printf_longlong_dec.o)
    0x08000848   0x08000848   0x00000070   Code   RO         5076    .text               c_w.l(_printf_oct_int_ll.o)
    0x080008b8   0x080008b8   0x00000094   Code   RO         5096    .text               c_w.l(_printf_hex_int_ll_ptr.o)
    0x0800094c   0x0800094c   0x00000188   Code   RO         5116    .text               c_w.l(__printf_flags_ss_wp.o)
    0x08000ad4   0x08000ad4   0x0000008a   Code   RO         5197    .text               c_w.l(lludiv10.o)
    0x08000b5e   0x08000b5e   0x000000b2   Code   RO         5199    .text               c_w.l(_printf_intcommon.o)
    0x08000c10   0x08000c10   0x0000041a   Code   RO         5201    .text               c_w.l(_printf_fp_dec.o)
    0x0800102a   0x0800102a   0x00000002   PAD
    0x0800102c   0x0800102c   0x000002fc   Code   RO         5203    .text               c_w.l(_printf_fp_hex.o)
    0x08001328   0x08001328   0x0000002c   Code   RO         5208    .text               c_w.l(_printf_char.o)
    0x08001354   0x08001354   0x0000002c   Code   RO         5210    .text               c_w.l(_printf_wchar.o)
    0x08001380   0x08001380   0x00000040   Code   RO         5213    .text               c_w.l(_wcrtomb.o)
    0x080013c0   0x080013c0   0x00000008   Code   RO         5217    .text               c_w.l(libspace.o)
    0x080013c8   0x080013c8   0x0000004a   Code   RO         5220    .text               c_w.l(sys_stackheap_outer.o)
    0x08001412   0x08001412   0x00000002   PAD
    0x08001414   0x08001414   0x00000010   Code   RO         5222    .text               c_w.l(rt_ctype_table.o)
    0x08001424   0x08001424   0x00000008   Code   RO         5227    .text               c_w.l(rt_locale_intlibspace.o)
    0x0800142c   0x0800142c   0x00000080   Code   RO         5229    .text               c_w.l(_printf_fp_infnan.o)
    0x080014ac   0x080014ac   0x000000dc   Code   RO         5231    .text               c_w.l(bigflt0.o)
    0x08001588   0x08001588   0x0000000c   Code   RO         5259    .text               c_w.l(exit.o)
    0x08001594   0x08001594   0x00000080   Code   RO         5286    .text               c_w.l(strcmpv7m.o)
    0x08001614   0x08001614   0x0000000c   Code   RO         5333    .text               c_w.l(sys_exit.o)
    0x08001620   0x08001620   0x00000002   Code   RO         5352    .text               c_w.l(use_no_semi.o)
    0x08001622   0x08001622   0x00000000   Code   RO         5354    .text               c_w.l(indicate_semi.o)
    0x08001622   0x08001622   0x0000003e   Code   RO         5234    CL$$btod_d2e        c_w.l(btod.o)
    0x08001660   0x08001660   0x00000046   Code   RO         5236    CL$$btod_d2e_denorm_low  c_w.l(btod.o)
    0x080016a6   0x080016a6   0x00000060   Code   RO         5235    CL$$btod_d2e_norm_op1  c_w.l(btod.o)
    0x08001706   0x08001706   0x00000338   Code   RO         5244    CL$$btod_div_common  c_w.l(btod.o)
    0x08001a3e   0x08001a3e   0x000000c6   Code   RO         5241    CL$$btod_e2e        c_w.l(btod.o)
    0x08001b04   0x08001b04   0x00000028   Code   RO         5238    CL$$btod_ediv       c_w.l(btod.o)
    0x08001b2c   0x08001b2c   0x00000028   Code   RO         5237    CL$$btod_emul       c_w.l(btod.o)
    0x08001b54   0x08001b54   0x00000244   Code   RO         5243    CL$$btod_mult_common  c_w.l(btod.o)
    0x08001d98   0x08001d98   0x0000001c   Code   RO          440    i.ADC1_2_IRQHandler  stm32g4xx_it.o
    0x08001db4   0x08001db4   0x00000028   Code   RO         4951    i.BSP_UART_ReceiveToIdle_DMA  bsp_uart.o
    0x08001ddc   0x08001ddc   0x0000003e   Code   RO         4952    i.BSP_UART_Transmit_DMA  bsp_uart.o
    0x08001e1a   0x08001e1a   0x00000002   Code   RO          441    i.BusFault_Handler  stm32g4xx_it.o
    0x08001e1c   0x08001e1c   0x00000080   Code   RO         4734    i.DDS_Init          bsp_ad9959.o
    0x08001e9c   0x08001e9c   0x00000060   Code   RO         4735    i.DDS_WR            bsp_ad9959.o
    0x08001efc   0x08001efc   0x0000000c   Code   RO          442    i.DMA1_Channel1_IRQHandler  stm32g4xx_it.o
    0x08001f08   0x08001f08   0x0000000c   Code   RO          443    i.DMA1_Channel2_IRQHandler  stm32g4xx_it.o
    0x08001f14   0x08001f14   0x0000000c   Code   RO          444    i.DMA1_Channel3_IRQHandler  stm32g4xx_it.o
    0x08001f20   0x08001f20   0x0000000c   Code   RO          445    i.DMA1_Channel4_IRQHandler  stm32g4xx_it.o
    0x08001f2c   0x08001f2c   0x00000048   Code   RO         1896    i.DMA_CalcDMAMUXChannelBaseAndMask  stm32g4xx_hal_dma.o
    0x08001f74   0x08001f74   0x00000028   Code   RO         1897    i.DMA_CalcDMAMUXRequestGenBaseAndMask  stm32g4xx_hal_dma.o
    0x08001f9c   0x08001f9c   0x0000003e   Code   RO         1898    i.DMA_SetConfig     stm32g4xx_hal_dma.o
    0x08001fda   0x08001fda   0x00000002   Code   RO          446    i.DebugMon_Handler  stm32g4xx_it.o
    0x08001fdc   0x08001fdc   0x00000004   Code   RO           13    i.Error_Handler     main.o
    0x08001fe0   0x08001fe0   0x00000002   Code   RO          824    i.HAL_ADCEx_EndOfSamplingCallback  stm32g4xx_hal_adc_ex.o
    0x08001fe2   0x08001fe2   0x00000002   Code   RO          827    i.HAL_ADCEx_InjectedConvCpltCallback  stm32g4xx_hal_adc_ex.o
    0x08001fe4   0x08001fe4   0x00000002   Code   RO          830    i.HAL_ADCEx_InjectedQueueOverflowCallback  stm32g4xx_hal_adc_ex.o
    0x08001fe6   0x08001fe6   0x00000002   Code   RO          835    i.HAL_ADCEx_LevelOutOfWindow2Callback  stm32g4xx_hal_adc_ex.o
    0x08001fe8   0x08001fe8   0x00000002   Code   RO          836    i.HAL_ADCEx_LevelOutOfWindow3Callback  stm32g4xx_hal_adc_ex.o
    0x08001fea   0x08001fea   0x00000002   PAD
    0x08001fec   0x08001fec   0x0000015c   Code   RO          837    i.HAL_ADCEx_MultiModeConfigChannel  stm32g4xx_hal_adc_ex.o
    0x08002148   0x08002148   0x00000464   Code   RO          589    i.HAL_ADC_ConfigChannel  stm32g4xx_hal_adc.o
    0x080025ac   0x080025ac   0x00000028   Code   RO         4628    i.HAL_ADC_ConvCpltCallback  bsp.o
    0x080025d4   0x080025d4   0x00000002   Code   RO          593    i.HAL_ADC_ErrorCallback  stm32g4xx_hal_adc.o
    0x080025d6   0x080025d6   0x00000002   PAD
    0x080025d8   0x080025d8   0x000002b8   Code   RO          597    i.HAL_ADC_IRQHandler  stm32g4xx_hal_adc.o
    0x08002890   0x08002890   0x00000234   Code   RO          598    i.HAL_ADC_Init      stm32g4xx_hal_adc.o
    0x08002ac4   0x08002ac4   0x00000002   Code   RO          599    i.HAL_ADC_LevelOutOfWindowCallback  stm32g4xx_hal_adc.o
    0x08002ac6   0x08002ac6   0x00000002   PAD
    0x08002ac8   0x08002ac8   0x00000150   Code   RO          236    i.HAL_ADC_MspInit   adc.o
    0x08002c18   0x08002c18   0x00000070   Code   RO         1899    i.HAL_DMA_Abort     stm32g4xx_hal_dma.o
    0x08002c88   0x08002c88   0x00000078   Code   RO         1900    i.HAL_DMA_Abort_IT  stm32g4xx_hal_dma.o
    0x08002d00   0x08002d00   0x000000ba   Code   RO         1904    i.HAL_DMA_IRQHandler  stm32g4xx_hal_dma.o
    0x08002dba   0x08002dba   0x00000002   PAD
    0x08002dbc   0x08002dbc   0x000000c4   Code   RO         1905    i.HAL_DMA_Init      stm32g4xx_hal_dma.o
    0x08002e80   0x08002e80   0x0000008c   Code   RO         1909    i.HAL_DMA_Start_IT  stm32g4xx_hal_dma.o
    0x08002f0c   0x08002f0c   0x00000024   Code   RO         1036    i.HAL_Delay         stm32g4xx_hal.o
    0x08002f30   0x08002f30   0x00000234   Code   RO         1761    i.HAL_GPIO_Init     stm32g4xx_hal_gpio.o
    0x08003164   0x08003164   0x0000000a   Code   RO         1763    i.HAL_GPIO_ReadPin  stm32g4xx_hal_gpio.o
    0x0800316e   0x0800316e   0x0000000a   Code   RO         1765    i.HAL_GPIO_WritePin  stm32g4xx_hal_gpio.o
    0x08003178   0x08003178   0x0000000c   Code   RO         1040    i.HAL_GetTick       stm32g4xx_hal.o
    0x08003184   0x08003184   0x00000010   Code   RO         1046    i.HAL_IncTick       stm32g4xx_hal.o
    0x08003194   0x08003194   0x0000001e   Code   RO         1047    i.HAL_Init          stm32g4xx_hal.o
    0x080031b2   0x080031b2   0x00000002   PAD
    0x080031b4   0x080031b4   0x00000044   Code   RO         1048    i.HAL_InitTick      stm32g4xx_hal.o
    0x080031f8   0x080031f8   0x00000030   Code   RO          558    i.HAL_MspInit       stm32g4xx_hal_msp.o
    0x08003228   0x08003228   0x0000001a   Code   RO         2410    i.HAL_NVIC_EnableIRQ  stm32g4xx_hal_cortex.o
    0x08003242   0x08003242   0x00000002   PAD
    0x08003244   0x08003244   0x00000040   Code   RO         2416    i.HAL_NVIC_SetPriority  stm32g4xx_hal_cortex.o
    0x08003284   0x08003284   0x00000024   Code   RO         2417    i.HAL_NVIC_SetPriorityGrouping  stm32g4xx_hal_cortex.o
    0x080032a8   0x080032a8   0x000000bc   Code   RO         2164    i.HAL_PWREx_ControlVoltageScaling  stm32g4xx_hal_pwr_ex.o
    0x08003364   0x08003364   0x00000010   Code   RO         2176    i.HAL_PWREx_DisableUCPDDeadBattery  stm32g4xx_hal_pwr_ex.o
    0x08003374   0x08003374   0x00000300   Code   RO         1407    i.HAL_RCCEx_PeriphCLKConfig  stm32g4xx_hal_rcc_ex.o
    0x08003674   0x08003674   0x000001dc   Code   RO         1282    i.HAL_RCC_ClockConfig  stm32g4xx_hal_rcc.o
    0x08003850   0x08003850   0x00000024   Code   RO         1290    i.HAL_RCC_GetPCLK1Freq  stm32g4xx_hal_rcc.o
    0x08003874   0x08003874   0x00000024   Code   RO         1291    i.HAL_RCC_GetPCLK2Freq  stm32g4xx_hal_rcc.o
    0x08003898   0x08003898   0x00000070   Code   RO         1292    i.HAL_RCC_GetSysClockFreq  stm32g4xx_hal_rcc.o
    0x08003908   0x08003908   0x00000404   Code   RO         1295    i.HAL_RCC_OscConfig  stm32g4xx_hal_rcc.o
    0x08003d0c   0x08003d0c   0x000000ea   Code   RO         2561    i.HAL_SPI_Init      stm32g4xx_hal_spi.o
    0x08003df6   0x08003df6   0x00000002   PAD
    0x08003df8   0x08003df8   0x00000064   Code   RO          309    i.HAL_SPI_MspInit   spi.o
    0x08003e5c   0x08003e5c   0x0000018e   Code   RO         2569    i.HAL_SPI_Transmit  stm32g4xx_hal_spi.o
    0x08003fea   0x08003fea   0x00000028   Code   RO         2421    i.HAL_SYSTICK_Config  stm32g4xx_hal_cortex.o
    0x08004012   0x08004012   0x00000002   Code   RO         3617    i.HAL_TIMEx_Break2Callback  stm32g4xx_hal_tim_ex.o
    0x08004014   0x08004014   0x00000002   Code   RO         3618    i.HAL_TIMEx_BreakCallback  stm32g4xx_hal_tim_ex.o
    0x08004016   0x08004016   0x00000002   Code   RO         3619    i.HAL_TIMEx_CommutCallback  stm32g4xx_hal_tim_ex.o
    0x08004018   0x08004018   0x00000002   Code   RO         3630    i.HAL_TIMEx_DirectionChangeCallback  stm32g4xx_hal_tim_ex.o
    0x0800401a   0x0800401a   0x00000002   Code   RO         3644    i.HAL_TIMEx_EncoderIndexCallback  stm32g4xx_hal_tim_ex.o
    0x0800401c   0x0800401c   0x00000002   Code   RO         3658    i.HAL_TIMEx_IndexErrorCallback  stm32g4xx_hal_tim_ex.o
    0x0800401e   0x0800401e   0x00000002   PAD
    0x08004020   0x08004020   0x000000b8   Code   RO         3659    i.HAL_TIMEx_MasterConfigSynchronization  stm32g4xx_hal_tim_ex.o
    0x080040d8   0x080040d8   0x00000002   Code   RO         3680    i.HAL_TIMEx_TransitionErrorCallback  stm32g4xx_hal_tim_ex.o
    0x080040da   0x080040da   0x00000062   Code   RO         2903    i.HAL_TIM_Base_Init  stm32g4xx_hal_tim.o
    0x0800413c   0x0800413c   0x00000054   Code   RO          351    i.HAL_TIM_Base_MspInit  tim.o
    0x08004190   0x08004190   0x0000008c   Code   RO         2908    i.HAL_TIM_Base_Start_IT  stm32g4xx_hal_tim.o
    0x0800421c   0x0800421c   0x00000002   Code   RO         2937    i.HAL_TIM_IC_CaptureCallback  stm32g4xx_hal_tim.o
    0x0800421e   0x0800421e   0x000001a2   Code   RO         2951    i.HAL_TIM_IRQHandler  stm32g4xx_hal_tim.o
    0x080043c0   0x080043c0   0x00000002   Code   RO         2954    i.HAL_TIM_OC_DelayElapsedCallback  stm32g4xx_hal_tim.o
    0x080043c2   0x080043c2   0x00000002   Code   RO         2981    i.HAL_TIM_PWM_PulseFinishedCallback  stm32g4xx_hal_tim.o
    0x080043c4   0x080043c4   0x0000001c   Code   RO         4629    i.HAL_TIM_PeriodElapsedCallback  bsp.o
    0x080043e0   0x080043e0   0x00000002   Code   RO         2994    i.HAL_TIM_TriggerCallback  stm32g4xx_hal_tim.o
    0x080043e2   0x080043e2   0x0000003e   Code   RO         4466    i.HAL_UARTEx_DisableFifoMode  stm32g4xx_hal_uart_ex.o
    0x08004420   0x08004420   0x0000004a   Code   RO         4472    i.HAL_UARTEx_ReceiveToIdle_DMA  stm32g4xx_hal_uart_ex.o
    0x0800446a   0x0800446a   0x00000002   PAD
    0x0800446c   0x0800446c   0x00000034   Code   RO         4630    i.HAL_UARTEx_RxEventCallback  bsp.o
    0x080044a0   0x080044a0   0x00000002   Code   RO         4474    i.HAL_UARTEx_RxFifoFullCallback  stm32g4xx_hal_uart_ex.o
    0x080044a2   0x080044a2   0x0000004c   Code   RO         4475    i.HAL_UARTEx_SetRxFifoThreshold  stm32g4xx_hal_uart_ex.o
    0x080044ee   0x080044ee   0x0000004c   Code   RO         4476    i.HAL_UARTEx_SetTxFifoThreshold  stm32g4xx_hal_uart_ex.o
    0x0800453a   0x0800453a   0x00000002   Code   RO         4478    i.HAL_UARTEx_TxFifoEmptyCallback  stm32g4xx_hal_uart_ex.o
    0x0800453c   0x0800453c   0x00000002   Code   RO         4479    i.HAL_UARTEx_WakeupCallback  stm32g4xx_hal_uart_ex.o
    0x0800453e   0x0800453e   0x00000002   Code   RO         4071    i.HAL_UART_ErrorCallback  stm32g4xx_hal_uart.o
    0x08004540   0x08004540   0x0000031c   Code   RO         4074    i.HAL_UART_IRQHandler  stm32g4xx_hal_uart.o
    0x0800485c   0x0800485c   0x0000006a   Code   RO         4075    i.HAL_UART_Init     stm32g4xx_hal_uart.o
    0x080048c6   0x080048c6   0x00000002   PAD
    0x080048c8   0x080048c8   0x000000f4   Code   RO          399    i.HAL_UART_MspInit  usart.o
    0x080049bc   0x080049bc   0x00000002   Code   RO         4082    i.HAL_UART_RxCpltCallback  stm32g4xx_hal_uart.o
    0x080049be   0x080049be   0x00000002   Code   RO         4083    i.HAL_UART_RxHalfCpltCallback  stm32g4xx_hal_uart.o
    0x080049c0   0x080049c0   0x00000090   Code   RO         4085    i.HAL_UART_Transmit_DMA  stm32g4xx_hal_uart.o
    0x08004a50   0x08004a50   0x00000002   Code   RO         4087    i.HAL_UART_TxCpltCallback  stm32g4xx_hal_uart.o
    0x08004a52   0x08004a52   0x00000002   Code   RO         4088    i.HAL_UART_TxHalfCpltCallback  stm32g4xx_hal_uart.o
    0x08004a54   0x08004a54   0x00000002   Code   RO          447    i.HardFault_Handler  stm32g4xx_it.o
    0x08004a56   0x08004a56   0x00000002   PAD
    0x08004a58   0x08004a58   0x0000007c   Code   RO         4838    i.KEY_Read          bsp_gpio.o
    0x08004ad4   0x08004ad4   0x0000003c   Code   RO         4631    i.Key_Process       bsp.o
    0x08004b10   0x08004b10   0x00000014   Code   RO         4863    i.LCD_Clear         bsp_lcd.o
    0x08004b24   0x08004b24   0x0000000e   Code   RO         4864    i.LCD_ConfigFont    bsp_lcd.o
    0x08004b32   0x08004b32   0x00000042   Code   RO         4865    i.LCD_Fill          bsp_lcd.o
    0x08004b74   0x08004b74   0x000000c0   Code   RO         4866    i.LCD_Init          bsp_lcd.o
    0x08004c34   0x08004c34   0x00000066   Code   RO         4870    i.LCD_SetAddress    bsp_lcd.o
    0x08004c9a   0x08004c9a   0x0000000a   Code   RO         4871    i.LCD_Transmit      bsp_lcd.o
    0x08004ca4   0x08004ca4   0x0000005c   Code   RO         4872    i.LCD_WriteRegData  bsp_lcd.o
    0x08004d00   0x08004d00   0x0000000c   Code   RO          612    i.LL_ADC_GetOffsetChannel  stm32g4xx_hal_adc.o
    0x08004d0c   0x08004d0c   0x00000008   Code   RO          613    i.LL_ADC_INJ_IsConversionOngoing  stm32g4xx_hal_adc.o
    0x08004d14   0x08004d14   0x00000008   Code   RO          614    i.LL_ADC_REG_IsConversionOngoing  stm32g4xx_hal_adc.o
    0x08004d1c   0x08004d1c   0x00000008   Code   RO          847    i.LL_ADC_REG_IsConversionOngoing  stm32g4xx_hal_adc_ex.o
    0x08004d24   0x08004d24   0x00000010   Code   RO          615    i.LL_ADC_REG_IsTriggerSourceSWStart  stm32g4xx_hal_adc.o
    0x08004d34   0x08004d34   0x0000001e   Code   RO          617    i.LL_ADC_SetChannelSamplingTime  stm32g4xx_hal_adc.o
    0x08004d52   0x08004d52   0x00000010   Code   RO          618    i.LL_ADC_SetOffsetState  stm32g4xx_hal_adc.o
    0x08004d62   0x08004d62   0x00000002   PAD
    0x08004d64   0x08004d64   0x00000098   Code   RO          237    i.MX_ADC1_Init      adc.o
    0x08004dfc   0x08004dfc   0x00000084   Code   RO          238    i.MX_ADC2_Init      adc.o
    0x08004e80   0x08004e80   0x0000006c   Code   RO          284    i.MX_DMA_Init       dma.o
    0x08004eec   0x08004eec   0x000000b8   Code   RO          211    i.MX_GPIO_Init      gpio.o
    0x08004fa4   0x08004fa4   0x00000050   Code   RO          310    i.MX_SPI4_Init      spi.o
    0x08004ff4   0x08004ff4   0x00000038   Code   RO          352    i.MX_TIM17_Init     tim.o
    0x0800502c   0x0800502c   0x00000044   Code   RO          353    i.MX_TIM6_Init      tim.o
    0x08005070   0x08005070   0x00000068   Code   RO          400    i.MX_USART1_UART_Init  usart.o
    0x080050d8   0x080050d8   0x00000060   Code   RO         4632    i.MainProcess       bsp.o
    0x08005138   0x08005138   0x00000002   Code   RO          448    i.MemManage_Handler  stm32g4xx_it.o
    0x0800513a   0x0800513a   0x00000002   Code   RO          449    i.NMI_Handler       stm32g4xx_it.o
    0x0800513c   0x0800513c   0x00000002   Code   RO          450    i.PendSV_Handler    stm32g4xx_it.o
    0x0800513e   0x0800513e   0x00000048   Code   RO         2599    i.SPI_EndRxTxTransaction  stm32g4xx_hal_spi.o
    0x08005186   0x08005186   0x00000002   PAD
    0x08005188   0x08005188   0x000000e0   Code   RO         2604    i.SPI_WaitFifoStateUntilTimeout  stm32g4xx_hal_spi.o
    0x08005268   0x08005268   0x000000bc   Code   RO         2605    i.SPI_WaitFlagStateUntilTimeout  stm32g4xx_hal_spi.o
    0x08005324   0x08005324   0x00000002   Code   RO          451    i.SVC_Handler       stm32g4xx_it.o
    0x08005326   0x08005326   0x00000004   Code   RO          452    i.SysTick_Handler   stm32g4xx_it.o
    0x0800532a   0x0800532a   0x00000066   Code   RO           14    i.SystemClock_Config  main.o
    0x08005390   0x08005390   0x00000010   Code   RO         4585    i.SystemInit        system_stm32g4xx.o
    0x080053a0   0x080053a0   0x0000000c   Code   RO          453    i.TIM1_TRG_COM_TIM17_IRQHandler  stm32g4xx_it.o
    0x080053ac   0x080053ac   0x000000dc   Code   RO         2996    i.TIM_Base_SetConfig  stm32g4xx_hal_tim.o
    0x08005488   0x08005488   0x00000044   Code   RO         4480    i.UARTEx_SetNbDataToProcess  stm32g4xx_hal_uart_ex.o
    0x080054cc   0x080054cc   0x000000c8   Code   RO         4089    i.UART_AdvFeatureConfig  stm32g4xx_hal_uart.o
    0x08005594   0x08005594   0x000000ac   Code   RO         4090    i.UART_CheckIdleState  stm32g4xx_hal_uart.o
    0x08005640   0x08005640   0x0000000a   Code   RO         4091    i.UART_DMAAbortOnError  stm32g4xx_hal_uart.o
    0x0800564a   0x0800564a   0x00000044   Code   RO         4092    i.UART_DMAError     stm32g4xx_hal_uart.o
    0x0800568e   0x0800568e   0x000000a0   Code   RO         4093    i.UART_DMAReceiveCplt  stm32g4xx_hal_uart.o
    0x0800572e   0x0800572e   0x0000003c   Code   RO         4095    i.UART_DMARxHalfCplt  stm32g4xx_hal_uart.o
    0x0800576a   0x0800576a   0x00000042   Code   RO         4097    i.UART_DMATransmitCplt  stm32g4xx_hal_uart.o
    0x080057ac   0x080057ac   0x0000000a   Code   RO         4099    i.UART_DMATxHalfCplt  stm32g4xx_hal_uart.o
    0x080057b6   0x080057b6   0x00000002   PAD
    0x080057b8   0x080057b8   0x00000054   Code   RO         4101    i.UART_EndRxTransfer  stm32g4xx_hal_uart.o
    0x0800580c   0x0800580c   0x0000002e   Code   RO         4102    i.UART_EndTxTransfer  stm32g4xx_hal_uart.o
    0x0800583a   0x0800583a   0x00000002   PAD
    0x0800583c   0x0800583c   0x00000298   Code   RO         4107    i.UART_SetConfig    stm32g4xx_hal_uart.o
    0x08005ad4   0x08005ad4   0x000000a8   Code   RO         4108    i.UART_Start_Receive_DMA  stm32g4xx_hal_uart.o
    0x08005b7c   0x08005b7c   0x00000094   Code   RO         4114    i.UART_WaitOnFlagUntilTimeout  stm32g4xx_hal_uart.o
    0x08005c10   0x08005c10   0x0000000c   Code   RO          454    i.USART1_IRQHandler  stm32g4xx_it.o
    0x08005c1c   0x08005c1c   0x00000002   Code   RO          455    i.UsageFault_Handler  stm32g4xx_it.o
    0x08005c1e   0x08005c1e   0x00000030   Code   RO         5273    i.__ARM_fpclassify  m_wm.l(fpclassify.o)
    0x08005c4e   0x08005c4e   0x00000020   Code   RO         2423    i.__NVIC_SetPriority  stm32g4xx_hal_cortex.o
    0x08005c6e   0x08005c6e   0x0000000e   Code   RO         5109    i._is_digit         c_w.l(__printf_wp.o)
    0x08005c7c   0x08005c7c   0x0000002e   Code   RO           15    i.main              main.o
    0x08005caa   0x08005caa   0x00000002   PAD
    0x08005cac   0x08005cac   0x0000002c   Code   RO         5257    locale$$code        c_w.l(lc_numeric_c.o)
    0x08005cd8   0x08005cd8   0x0000002c   Code   RO         5280    locale$$code        c_w.l(lc_ctype_c.o)
    0x08005d04   0x08005d04   0x0000000a   Code   RO         5348    x$fpl$fpinit        fz_wm.l(fpinit.o)
    0x08005d0e   0x08005d0e   0x00000004   Code   RO         5152    x$fpl$printf1       fz_wm.l(printf1.o)
    0x08005d12   0x08005d12   0x00000004   Code   RO         5154    x$fpl$printf2       fz_wm.l(printf2.o)
    0x08005d16   0x08005d16   0x00000000   Code   RO         5160    x$fpl$usenofp       fz_wm.l(usenofp.o)
    0x08005d16   0x08005d16   0x00000018   Data   RO         4115    .constdata          stm32g4xx_hal_uart.o
    0x08005d2e   0x08005d2e   0x00000010   Data   RO         4481    .constdata          stm32g4xx_hal_uart_ex.o
    0x08005d3e   0x08005d3e   0x00000010   Data   RO         4586    .constdata          system_stm32g4xx.o
    0x08005d4e   0x08005d4e   0x00000008   Data   RO         4587    .constdata          system_stm32g4xx.o
    0x08005d56   0x08005d56   0x00000002   PAD
    0x08005d58   0x08005d58   0x00000010   Data   RO         4805    .constdata          bsp_font.o
    0x08005d68   0x08005d68   0x00000010   Data   RO         4808    .constdata          bsp_font.o
    0x08005d78   0x08005d78   0x000005f0   Data   RO         4810    .constdata          bsp_font.o
    0x08006368   0x08006368   0x000001a0   Data   RO         4813    .constdata          bsp_font.o
    0x08006508   0x08006508   0x00000004   Data   RO         4873    .constdata          bsp_lcd.o
    0x0800650c   0x0800650c   0x00000016   Data   RO         4875    .constdata          bsp_lcd.o
    0x08006522   0x08006522   0x00000002   PAD
    0x08006524   0x08006524   0x00000008   Data   RO         5068    .constdata          c_w.l(_printf_wctomb.o)
    0x0800652c   0x0800652c   0x00000028   Data   RO         5097    .constdata          c_w.l(_printf_hex_int_ll_ptr.o)
    0x08006554   0x08006554   0x00000011   Data   RO         5117    .constdata          c_w.l(__printf_flags_ss_wp.o)
    0x08006565   0x08006565   0x00000026   Data   RO         5204    .constdata          c_w.l(_printf_fp_hex.o)
    0x0800658b   0x0800658b   0x00000001   PAD
    0x0800658c   0x0800658c   0x00000094   Data   RO         5232    .constdata          c_w.l(bigflt0.o)
    0x08006620   0x08006620   0x0000001b   Data   RO         4814    .conststring        bsp_font.o
    0x0800663b   0x0800663b   0x00000001   PAD
    0x0800663c   0x0800663c   0x00000020   Data   RO         5403    Region$$Table       anon$$obj.o
    0x0800665c   0x0800665c   0x0000001c   Data   RO         5256    locale$$data        c_w.l(lc_numeric_c.o)
    0x08006678   0x08006678   0x00000110   Data   RO         5279    locale$$data        c_w.l(lc_ctype_c.o)


    Execution Region RW_IRAM1 (Exec base: 0x20000000, Load base: 0x08006788, Size: 0x00000fb8, Max: 0x00020000, ABSOLUTE)

    Exec Addr    Load Addr    Size         Type   Attr      Idx    E Section Name        Object

    0x20000000   0x08006788   0x00000004   Data   RW          240    .data               adc.o
    0x20000004   0x0800678c   0x0000000c   Data   RW         1067    .data               stm32g4xx_hal.o
    0x20000010   0x08006798   0x00000004   Data   RW         4588    .data               system_stm32g4xx.o
    0x20000014   0x0800679c   0x00000058   Data   RW         4637    .data               bsp.o
    0x2000006c   0x080067f4   0x00000004   Data   RW         4839    .data               bsp_gpio.o
    0x20000070        -       0x00000198   Zero   RW          239    .bss                adc.o
    0x20000208        -       0x00000064   Zero   RW          311    .bss                spi.o
    0x2000026c        -       0x00000098   Zero   RW          354    .bss                tim.o
    0x20000304        -       0x00000154   Zero   RW          401    .bss                usart.o
    0x20000458        -       0x00000080   Zero   RW         4633    .bss                bsp.o
    0x200004d8        -       0x00000080   Zero   RW         4634    .bss                bsp.o
    0x20000558        -       0x00000400   Zero   RW         4635    .bss                bsp.o
    0x20000958        -       0x00000060   Zero   RW         5218    .bss                c_w.l(libspace.o)
    0x200009b8        -       0x00000200   Zero   RW            2    HEAP                startup_stm32g474xx.o
    0x20000bb8        -       0x00000400   Zero   RW            1    STACK               startup_stm32g474xx.o


==============================================================================

Image component sizes


      Code (inc. data)   RO Data    RW Data    ZI Data      Debug   Object Name

       620         44          0          4        408       2690   adc.o
       276        122          0         88       1280       5845   bsp.o
       224         10          0          0          0       1067   bsp_ad9959.o
         0          0       1995          0          0       1242   bsp_font.o
       124          8          0          4          0        643   bsp_gpio.o
       496         14         26          0          0       6490   bsp_lcd.o
       102          0          0          0          0       1353   bsp_uart.o
       108          4          0          0          0        794   dma.o
       184         12          0          0          0        947   gpio.o
       152          0          0          0          0     927009   main.o
       180         22          0          0        100       1581   spi.o
        64         26        472          0       1536        824   startup_stm32g474xx.o
       162         24          0         12          0       4105   stm32g4xx_hal.o
      2478        136          0          0          0      76419   stm32g4xx_hal_adc.o
       366         26          0          0          0      71752   stm32g4xx_hal_adc_ex.o
       198         14          0          0          0      33359   stm32g4xx_hal_cortex.o
       928         30          0          0          0       5866   stm32g4xx_hal_dma.o
       584         32          0          0          0       2603   stm32g4xx_hal_gpio.o
        48          6          0          0          0        826   stm32g4xx_hal_msp.o
       204         18          0          0          0       1345   stm32g4xx_hal_pwr_ex.o
      1688         92          0          0          0       5932   stm32g4xx_hal_rcc.o
       768         10          0          0          0       1864   stm32g4xx_hal_rcc_ex.o
      1116         10          0          0          0       4610   stm32g4xx_hal_spi.o
       884         70          0          0          0       6417   stm32g4xx_hal_tim.o
       198         34          0          0          0       5172   stm32g4xx_hal_tim_ex.o
      2912        114         24          0          0      34550   stm32g4xx_hal_uart.o
       362          6         16          0          0       5761   stm32g4xx_hal_uart_ex.o
       120         46          0          0          0       7250   stm32g4xx_it.o
        16          4         24          4          0       1067   system_stm32g4xx.o
       208         30          0          0        152       2097   tim.o
       348         28          0          0        340       1840   usart.o

    ----------------------------------------------------------------------
     16150        992       2594        112       3816    1223320   Object Totals
         0          0         32          0          0          0   (incl. Generated)
        32          0          5          0          0          0   (incl. Padding)

    ----------------------------------------------------------------------

      Code (inc. data)   RO Data    RW Data    ZI Data      Debug   Library Member Name

         8          0          0          0          0         68   __main.o
       392          4         17          0          0         92   __printf_flags_ss_wp.o
        14          0          0          0          0         68   __printf_wp.o
         0          0          0          0          0          0   __rtentry.o
        12          0          0          0          0          0   __rtentry2.o
         6          0          0          0          0          0   __rtentry4.o
        52          8          0          0          0          0   __scatter.o
        26          0          0          0          0          0   __scatter_copy.o
        28          0          0          0          0          0   __scatter_zi.o
         6          0          0          0          0          0   _printf_a.o
         6          0          0          0          0          0   _printf_c.o
        44          0          0          0          0        108   _printf_char.o
        48          6          0          0          0         96   _printf_char_common.o
        40          0          0          0          0         68   _printf_charcount.o
         6          0          0          0          0          0   _printf_d.o
       120         16          0          0          0         92   _printf_dec.o
         6          0          0          0          0          0   _printf_e.o
         6          0          0          0          0          0   _printf_f.o
      1050          0          0          0          0        216   _printf_fp_dec.o
       764         10         38          0          0        100   _printf_fp_hex.o
       128         16          0          0          0         84   _printf_fp_infnan.o
         6          0          0          0          0          0   _printf_g.o
       148          4         40          0          0        160   _printf_hex_int_ll_ptr.o
         6          0          0          0          0          0   _printf_i.o
       178          0          0          0          0         88   _printf_intcommon.o
        10          0          0          0          0          0   _printf_l.o
         6          0          0          0          0          0   _printf_lc.o
        10          0          0          0          0          0   _printf_ll.o
         6          0          0          0          0          0   _printf_lld.o
         6          0          0          0          0          0   _printf_lli.o
         6          0          0          0          0          0   _printf_llo.o
         6          0          0          0          0          0   _printf_llu.o
         6          0          0          0          0          0   _printf_llx.o
       124         16          0          0          0         92   _printf_longlong_dec.o
         6          0          0          0          0          0   _printf_ls.o
         6          0          0          0          0          0   _printf_n.o
         6          0          0          0          0          0   _printf_o.o
       112          8          0          0          0        124   _printf_oct_int_ll.o
         6          0          0          0          0          0   _printf_p.o
        78          0          0          0          0        108   _printf_pad.o
         0          0          0          0          0          0   _printf_percent.o
         4          0          0          0          0          0   _printf_percent_end.o
         6          0          0          0          0          0   _printf_s.o
        82          0          0          0          0         80   _printf_str.o
        36          0          0          0          0         84   _printf_truncate.o
         6          0          0          0          0          0   _printf_u.o
        44          0          0          0          0        108   _printf_wchar.o
       188          6          8          0          0         92   _printf_wctomb.o
         6          0          0          0          0          0   _printf_x.o
        16          0          0          0          0         68   _snputc.o
        10          0          0          0          0         68   _sputc.o
        64          0          0          0          0         92   _wcrtomb.o
       220          4        148          0          0         96   bigflt0.o
      1910        128          0          0          0        672   btod.o
        12          0          0          0          0         72   exit.o
         6          0          0          0          0        152   heapauxi.o
         0          0          0          0          0          0   indicate_semi.o
        44         10        272          0          0         76   lc_ctype_c.o
        44         10         28          0          0         76   lc_numeric_c.o
         2          0          0          0          0          0   libinit.o
        34          0          0          0          0          0   libinit2.o
         2          0          0          0          0          0   libshutdown.o
         2          0          0          0          0          0   libshutdown2.o
         8          4          0          0         96         68   libspace.o
       138          0          0          0          0         80   lludiv10.o
       238          0          0          0          0        100   lludivv7m.o
        16          4          0          0          0         76   rt_ctype_table.o
         8          4          0          0          0         68   rt_locale_intlibspace.o
        68          0          0          0          0         68   rt_memclr.o
        78          0          0          0          0         80   rt_memclr_w.o
         2          0          0          0          0          0   rtexit.o
        10          0          0          0          0          0   rtexit2.o
       128          0          0          0          0         68   strcmpv7m.o
        62          0          0          0          0         76   strlen.o
        12          4          0          0          0         68   sys_exit.o
        74          0          0          0          0         80   sys_stackheap_outer.o
         2          0          0          0          0         68   use_no_semi.o
        52          4          0          0          0         80   vsnprintf.o
        10          0          0          0          0        116   fpinit.o
         4          0          0          0          0        116   printf1.o
         4          0          0          0          0        116   printf2.o
         0          0          0          0          0          0   usenofp.o
        48          0          0          0          0        124   fpclassify.o

    ----------------------------------------------------------------------
      7208        266        552          0         96       4752   Library Totals
        14          0          1          0          0          0   (incl. Padding)

    ----------------------------------------------------------------------

      Code (inc. data)   RO Data    RW Data    ZI Data      Debug   Library Name

      7128        266        551          0         96       4280   c_w.l
        18          0          0          0          0        348   fz_wm.l
        48          0          0          0          0        124   m_wm.l

    ----------------------------------------------------------------------
      7208        266        552          0         96       4752   Library Totals

    ----------------------------------------------------------------------

==============================================================================


      Code (inc. data)   RO Data    RW Data    ZI Data      Debug   

     23358       1258       3146        112       3912    1211332   Grand Totals
     23358       1258       3146        112       3912    1211332   ELF Image Totals
     23358       1258       3146        112          0          0   ROM Totals

==============================================================================

    Total RO  Size (Code + RO Data)                26504 (  25.88kB)
    Total RW  Size (RW Data + ZI Data)              4024 (   3.93kB)
    Total ROM Size (Code + RO Data + RW Data)      26616 (  25.99kB)

==============================================================================

